 PhysXCooking_64

 Timestamp is 69f54508 (Fri May  1 20:27:52 2026)

 Preferred load address is 0000000180000000

 Start         Length     Name                   Class
 0001:00000000 00000060H .text$di                CODE
 0001:00000060 00001f00H .text$mn                CODE
 0001:00001f60 00000036H .text$mn$00             CODE
 0001:00001f96 00000092H .text$x                 CODE
 0002:00000000 00000118H .idata$5                DATA
 0002:00000118 00000038H .00cfg                  DATA
 0002:00000150 00000008H .CRT$XCA                DATA
 0002:00000158 00000030H .CRT$XCU                DATA
 0002:00000188 00000008H .CRT$XCZ                DATA
 0002:00000190 00000008H .CRT$XIA                DATA
 0002:00000198 00000008H .CRT$XIZ                DATA
 0002:000001a0 00000008H .CRT$XPA                DATA
 0002:000001a8 00000008H .CRT$XPZ                DATA
 0002:000001b0 00000008H .CRT$XTA                DATA
 0002:000001b8 00000008H .CRT$XTZ                DATA
 0002:000001c0 00000000H .gehcont$y              DATA
 0002:000001c0 00000000H .gfids$y                DATA
 0002:000001c0 00000440H .rdata                  DATA
 0002:00000600 00000000H .rdata$CastGuardVftablesA DATA
 0002:00000600 00000000H .rdata$CastGuardVftablesC DATA
 0002:00000600 00000074H .rdata$r                DATA
 0002:00000674 0000008cH .rdata$voltmd           DATA
 0002:00000700 000003b8H .rdata$zzzdbg           DATA
 0002:00000ab8 00000008H .rtc$IAA                DATA
 0002:00000ac0 00000008H .rtc$IZZ                DATA
 0002:00000ac8 00000008H .rtc$TAA                DATA
 0002:00000ad0 00000008H .rtc$TZZ                DATA
 0002:00000ad8 000002b0H .xdata                  DATA
 0002:00000d88 00000040H .didat$2                DATA
 0002:00000dc8 00000020H .didat$3                DATA
 0002:00000de8 000000d0H .didat$4                DATA
 0002:00000eb8 00000280H .didat$6                DATA
 0002:00001138 000001e8H .didat$7                DATA
 0002:00001320 00000af8H .edata                  DATA
 0002:00001e18 00000050H .idata$2                DATA
 0002:00001e68 00000018H .idata$3                DATA
 0002:00001e80 00000118H .idata$4                DATA
 0002:00001f98 000002bcH .idata$6                DATA
 0003:00000000 000000b8H .data                   DATA
 0003:000000b8 00000090H .data$r                 DATA
 0003:00000148 00000020H .data$rs                DATA
 0003:00000168 000000d8H .didat$5                DATA
 0003:00000240 00000138H .bss                    DATA
 0004:00000000 000002e8H .pdata                  DATA
 0005:00000000 000000a0H .rsrc$01                DATA
 0005:000000a0 000004b0H .rsrc$02                DATA

  Address         Publics by Value              Rva+Base               Lib:Object

 0000:00000000       __AbsoluteZero             0000000000000000     <absolute>
 0000:00000000       ___safe_se_handler_count   0000000000000000     <absolute>
 0000:00000000       ___safe_se_handler_table   0000000000000000     <absolute>
 0000:00000000       __arm64x_extra_rfe_table   0000000000000000     <absolute>
 0000:00000000       __arm64x_extra_rfe_table_size 0000000000000000     <absolute>
 0000:00000000       __arm64x_native_entrypoint 0000000000000000     <absolute>
 0000:00000000       __arm64x_redirection_metadata 0000000000000000     <absolute>
 0000:00000000       __arm64x_redirection_metadata_count 0000000000000000     <absolute>
 0000:00000000       __dynamic_value_reloc_table 0000000000000000     <absolute>
 0000:00000000       __enclave_config           0000000000000000     <absolute>
 0000:00000000       __guard_check_icall_a64n_fptr 0000000000000000     <absolute>
 0000:00000000       __guard_eh_cont_count      0000000000000000     <absolute>
 0000:00000000       __guard_eh_cont_table      0000000000000000     <absolute>
 0000:00000000       __guard_fids_count         0000000000000000     <absolute>
 0000:00000000       __guard_fids_table         0000000000000000     <absolute>
 0000:00000000       __guard_iat_count          0000000000000000     <absolute>
 0000:00000000       __guard_iat_table          0000000000000000     <absolute>
 0000:00000000       __guard_longjmp_count      0000000000000000     <absolute>
 0000:00000000       __guard_longjmp_table      0000000000000000     <absolute>
 0000:00000000       __hybrid_auxiliary_delayload_iat 0000000000000000     <absolute>
 0000:00000000       __hybrid_auxiliary_delayload_iat_copy 0000000000000000     <absolute>
 0000:00000000       __hybrid_auxiliary_iat     0000000000000000     <absolute>
 0000:00000000       __hybrid_auxiliary_iat_copy 0000000000000000     <absolute>
 0000:00000000       __hybrid_code_map          0000000000000000     <absolute>
 0000:00000000       __hybrid_code_map_count    0000000000000000     <absolute>
 0000:00000000       __hybrid_image_info_bitfield 0000000000000000     <absolute>
 0000:00000000       __x64_code_ranges_to_entry_points 0000000000000000     <absolute>
 0000:00000000       __x64_code_ranges_to_entry_points_count 0000000000000000     <absolute>
 0000:00000100       __guard_flags              0000000000000100     <absolute>
 0000:00000000       __ImageBase                0000000180000000     <linker-defined>
 0001:00000060       ??$copy@V?$PxReflectionAllocator@USlab@NodeAllocator@Gu@physx@@@physx@@@?$PxArray@USlab@NodeAllocator@Gu@physx@@V?$PxReflectionAllocator@USlab@NodeAllocator@Gu@physx@@@4@@physx@@IEAAXAEBV01@@Z 0000000180001060 f i Cooking.obj
 0001:000000e0       ??0AABBTreeBounds@Gu@physx@@QEAA@XZ 00000001800010e0 f i Cooking.obj
 0001:000000f0       ??0AABBTreeBuildNode@Gu@physx@@QEAA@AEBV012@@Z 00000001800010f0 f i Cooking.obj
 0001:000000f0       ??4AABBTreeBuildNode@Gu@physx@@QEAAAEAV012@AEBV012@@Z 00000001800010f0 f i Cooking.obj
 0001:00000130       ??0AABBTreeBuildNode@Gu@physx@@QEAA@XZ 0000000180001130 f i Cooking.obj
 0001:00000130       ??4PxFoundation@physx@@QEAAAEAV01@AEBV01@@Z 0000000180001130 f i Cooking.obj
 0001:00000130       ?getAABB@AABBTreeBuildNode@Gu@physx@@QEBAAEBVPxBounds3@3@XZ 0000000180001130 f i Cooking.obj
 0001:00000140       ??0AABBTreeBuildParams@Gu@physx@@QEAA@IIPEBVAABBTreeBounds@12@W4BVHBuildStrategy@12@@Z 0000000180001140 f i Cooking.obj
 0001:00000160       ??0NodeAllocator@Gu@physx@@QEAA@AEBV012@@Z 0000000180001160 f i Cooking.obj
 0001:000001a0       ??0PxFoundation@physx@@QEAA@AEBV01@@Z 00000001800011a0 f i Cooking.obj
 0001:000001a0       ??0PxFoundation@physx@@QEAA@XZ 00000001800011a0 f i Cooking.obj
 0001:000001b0       ??1AABBTreeBounds@Gu@physx@@QEAA@XZ 00000001800011b0 f i Cooking.obj
 0001:000001c0       ??1AABBTreeBuildNode@Gu@physx@@QEAA@XZ 00000001800011c0 f i Cooking.obj
 0001:000001c0       _guard_check_icall_nop     00000001800011c0 f i MSVCRT:guard_support.obj
 0001:000001d0       ??1AABBTreeBuildParams@Gu@physx@@QEAA@XZ 00000001800011d0 f i Cooking.obj
 0001:000001d0       ?reset@AABBTreeBuildParams@Gu@physx@@QEAAXXZ 00000001800011d0 f i Cooking.obj
 0001:00000220       ??1PxFoundation@physx@@MEAA@XZ 0000000180001220 f i Cooking.obj
 0001:00000230       ??4AABBTreeBounds@Gu@physx@@QEAAAEAV012@AEBV012@@Z 0000000180001230 f i Cooking.obj
 0001:00000240       ??4AABBTreeBuildParams@Gu@physx@@QEAAAEAV012@AEBV012@@Z 0000000180001240 f i Cooking.obj
 0001:00000260       ??4NodeAllocator@Gu@physx@@QEAAAEAV012@AEBV012@@Z 0000000180001260 f i Cooking.obj
 0001:00000300       ??_EPxFoundation@physx@@MEAAPEAXI@Z 0000000180001300 f i Cooking.obj
 0001:00000390       ??_FAABBTreeBuildParams@Gu@physx@@QEAAXXZ 0000000180001390 f i Cooking.obj
 0001:000003b0       ?allocate@?$PxArray@USlab@NodeAllocator@Gu@physx@@V?$PxReflectionAllocator@USlab@NodeAllocator@Gu@physx@@@4@@physx@@IEAAPEAUSlab@NodeAllocator@Gu@2@IPEAI@Z 00000001800013b0 f i Cooking.obj
 0001:00000430       ?getBounds@AABBTreeBounds@Gu@physx@@QEAAPEAVPxBounds3@3@XZ 0000000180001430 f i Cooking.obj
 0001:00000430       ?getBounds@AABBTreeBounds@Gu@physx@@QEBAPEBVPxBounds3@3@XZ 0000000180001430 f i Cooking.obj
 0001:00000440       ?getNbPrimitives@AABBTreeBuildNode@Gu@physx@@QEBAIXZ 0000000180001440 f i Cooking.obj
 0001:00000440       ?getNbRuntimePrimitives@AABBTreeBuildNode@Gu@physx@@QEBAIXZ 0000000180001440 f i Cooking.obj
 0001:00000450       ?getNeg@AABBTreeBuildNode@Gu@physx@@QEBAPEBV123@XZ 0000000180001450 f i Cooking.obj
 0001:00000470       ?getPos@AABBTreeBuildNode@Gu@physx@@QEBAPEBV123@XZ 0000000180001470 f i Cooking.obj
 0001:00000480       ?getPrimitives@AABBTreeBuildNode@Gu@physx@@QEAAPEAIPEAI@Z 0000000180001480 f i Cooking.obj
 0001:00000480       ?getPrimitives@AABBTreeBuildNode@Gu@physx@@QEBAPEBIPEBI@Z 0000000180001480 f i Cooking.obj
 0001:00000490       ?isLeaf@AABBTreeBuildNode@Gu@physx@@QEBA_NXZ 0000000180001490 f i Cooking.obj
 0001:000004a0       ?moveFrom@AABBTreeBounds@Gu@physx@@QEAAXAEAV123@@Z 00000001800014a0 f i Cooking.obj
 0001:000004b0       ?ownsMemory@AABBTreeBounds@Gu@physx@@QEBA_NXZ 00000001800014b0 f i Cooking.obj
 0001:000004c0       ?recreate@?$PxArray@USlab@NodeAllocator@Gu@physx@@V?$PxReflectionAllocator@USlab@NodeAllocator@Gu@physx@@@4@@physx@@IEAAXI@Z 00000001800014c0 f i Cooking.obj
 0001:000005b0       ?setBounds@AABBTreeBounds@Gu@physx@@QEAAXPEAVPxBounds3@3@@Z 00000001800015b0 f i Cooking.obj
 0001:000005c0       ?setNbRunTimePrimitives@AABBTreeBuildNode@Gu@physx@@QEAAXI@Z 00000001800015c0 f i Cooking.obj
 0001:000005d0       ?takeOwnership@AABBTreeBounds@Gu@physx@@QEAAXXZ 00000001800015d0 f i Cooking.obj
 0001:000005e0       PxAssembleDeformableVolumeMesh 00000001800015e0 f   Cooking.obj
 0001:000005f0       PxComputeCollisionData     00000001800015f0 f   Cooking.obj
 0001:00000600       PxComputeHullPolygons      0000000180001600 f   Cooking.obj
 0001:00000610       PxComputeModelsMapping     0000000180001610 f   Cooking.obj
 0001:00000620       PxComputeSimulationData    0000000180001620 f   Cooking.obj
 0001:00000630       PxCookBVH                  0000000180001630 f   Cooking.obj
 0001:00000640       PxCookConvexMesh           0000000180001640 f   Cooking.obj
 0001:00000650       PxCookDeformableVolumeMesh 0000000180001650 f   Cooking.obj
 0001:00000660       PxCookHeightField          0000000180001660 f   Cooking.obj
 0001:00000670       PxCookTetrahedronMesh      0000000180001670 f   Cooking.obj
 0001:00000680       PxCookTriangleMesh         0000000180001680 f   Cooking.obj
 0001:00000690       PxCreateBVH                0000000180001690 f   Cooking.obj
 0001:000006a0       PxCreateBVHInternal        00000001800016a0 f   Cooking.obj
 0001:00000730       PxCreateConvexMesh         0000000180001730 f   Cooking.obj
 0001:00000740       PxCreateDeformableVolumeMesh 0000000180001740 f   Cooking.obj
 0001:00000750       PxCreateHeightField        0000000180001750 f   Cooking.obj
 0001:00000760       PxCreateTetrahedronMesh    0000000180001760 f   Cooking.obj
 0001:00000770       PxCreateTriangleMesh       0000000180001770 f   Cooking.obj
 0001:00000780       PxCreateTriangleMeshInternal 0000000180001780 f   Cooking.obj
 0001:00000810       PxGetStandaloneInsertionCallback 0000000180001810 f   Cooking.obj
 0001:00000820       PxValidateConvexMesh       0000000180001820 f   Cooking.obj
 0001:00000830       PxValidateTriangleMesh     0000000180001830 f   Cooking.obj
 0001:00000840       ?cookingDelayHook@@YAP6A_JXZIPEAUDelayLoadInfo@@@Z 0000000180001840 f   WindowsCookingDelayLoadHook.obj
 0001:00000920       PxSetPhysXCookingDelayLoadHook 0000000180001920 f   WindowsCookingDelayLoadHook.obj
 0001:00000928       getInsertionCallback       0000000180001928 f   PhysXCommon_64:PhysXCommon_64.dll
 0001:0000092e       __tailMerge_physxcommon_64_dll 000000018000192e     PhysXCommon_64:PhysXCommon_64.dll
 0001:000009a7       __imp_load_getInsertionCallback 00000001800019a7 f   PhysXCommon_64:PhysXCommon_64.dll
 0001:000009b3       cookBVH                    00000001800019b3 f   PhysXCommon_64:PhysXCommon_64.dll
 0001:000009b9       __imp_load_cookBVH         00000001800019b9 f   PhysXCommon_64:PhysXCommon_64.dll
 0001:000009c5       createBVH                  00000001800019c5 f   PhysXCommon_64:PhysXCommon_64.dll
 0001:000009cb       __imp_load_createBVH       00000001800019cb f   PhysXCommon_64:PhysXCommon_64.dll
 0001:000009d7       cookHeightField            00000001800019d7 f   PhysXCommon_64:PhysXCommon_64.dll
 0001:000009dd       __imp_load_cookHeightField 00000001800019dd f   PhysXCommon_64:PhysXCommon_64.dll
 0001:000009e9       createHeightField          00000001800019e9 f   PhysXCommon_64:PhysXCommon_64.dll
 0001:000009ef       __imp_load_createHeightField 00000001800019ef f   PhysXCommon_64:PhysXCommon_64.dll
 0001:000009fb       cookConvexMesh             00000001800019fb f   PhysXCommon_64:PhysXCommon_64.dll
 0001:00000a01       __imp_load_cookConvexMesh  0000000180001a01 f   PhysXCommon_64:PhysXCommon_64.dll
 0001:00000a0d       createConvexMesh           0000000180001a0d f   PhysXCommon_64:PhysXCommon_64.dll
 0001:00000a13       __imp_load_createConvexMesh 0000000180001a13 f   PhysXCommon_64:PhysXCommon_64.dll
 0001:00000a1f       validateConvexMesh         0000000180001a1f f   PhysXCommon_64:PhysXCommon_64.dll
 0001:00000a25       __imp_load_validateConvexMesh 0000000180001a25 f   PhysXCommon_64:PhysXCommon_64.dll
 0001:00000a31       computeHullPolygons        0000000180001a31 f   PhysXCommon_64:PhysXCommon_64.dll
 0001:00000a37       __imp_load_computeHullPolygons 0000000180001a37 f   PhysXCommon_64:PhysXCommon_64.dll
 0001:00000a43       validateTriangleMesh       0000000180001a43 f   PhysXCommon_64:PhysXCommon_64.dll
 0001:00000a49       __imp_load_validateTriangleMesh 0000000180001a49 f   PhysXCommon_64:PhysXCommon_64.dll
 0001:00000a55       createTriangleMesh         0000000180001a55 f   PhysXCommon_64:PhysXCommon_64.dll
 0001:00000a5b       __imp_load_createTriangleMesh 0000000180001a5b f   PhysXCommon_64:PhysXCommon_64.dll
 0001:00000a67       cookTriangleMesh           0000000180001a67 f   PhysXCommon_64:PhysXCommon_64.dll
 0001:00000a6d       __imp_load_cookTriangleMesh 0000000180001a6d f   PhysXCommon_64:PhysXCommon_64.dll
 0001:00000a79       cookTetrahedronMesh        0000000180001a79 f   PhysXCommon_64:PhysXCommon_64.dll
 0001:00000a7f       __imp_load_cookTetrahedronMesh 0000000180001a7f f   PhysXCommon_64:PhysXCommon_64.dll
 0001:00000a8b       createTetrahedronMesh      0000000180001a8b f   PhysXCommon_64:PhysXCommon_64.dll
 0001:00000a91       __imp_load_createTetrahedronMesh 0000000180001a91 f   PhysXCommon_64:PhysXCommon_64.dll
 0001:00000a9d       cookDeformableVolumeMesh   0000000180001a9d f   PhysXCommon_64:PhysXCommon_64.dll
 0001:00000aa3       __imp_load_cookDeformableVolumeMesh 0000000180001aa3 f   PhysXCommon_64:PhysXCommon_64.dll
 0001:00000aaf       createDeformableVolumeMesh 0000000180001aaf f   PhysXCommon_64:PhysXCommon_64.dll
 0001:00000ab5       __imp_load_createDeformableVolumeMesh 0000000180001ab5 f   PhysXCommon_64:PhysXCommon_64.dll
 0001:00000ac1       computeModelsMapping       0000000180001ac1 f   PhysXCommon_64:PhysXCommon_64.dll
 0001:00000ac7       __imp_load_computeModelsMapping 0000000180001ac7 f   PhysXCommon_64:PhysXCommon_64.dll
 0001:00000ad3       computeCollisionData       0000000180001ad3 f   PhysXCommon_64:PhysXCommon_64.dll
 0001:00000ad9       __imp_load_computeCollisionData 0000000180001ad9 f   PhysXCommon_64:PhysXCommon_64.dll
 0001:00000ae5       computeSimulationData      0000000180001ae5 f   PhysXCommon_64:PhysXCommon_64.dll
 0001:00000aeb       __imp_load_computeSimulationData 0000000180001aeb f   PhysXCommon_64:PhysXCommon_64.dll
 0001:00000af7       assembleDeformableVolumeMesh 0000000180001af7 f   PhysXCommon_64:PhysXCommon_64.dll
 0001:00000afd       __imp_load_assembleDeformableVolumeMesh 0000000180001afd f   PhysXCommon_64:PhysXCommon_64.dll
 0001:00000b09       ?release@AABBTreeBounds@Gu@physx@@QEAAXXZ 0000000180001b09 f   PhysXCommon_64:PhysXCommon_64.dll
 0001:00000b0f       __imp_load_?release@AABBTreeBounds@Gu@physx@@QEAAXXZ 0000000180001b0f f   PhysXCommon_64:PhysXCommon_64.dll
 0001:00000b1b       ??0BVH@Gu@physx@@QEAA@AEBUPxBVHInternalData@2@@Z 0000000180001b1b f   PhysXCommon_64:PhysXCommon_64.dll
 0001:00000b21       __imp_load_??0BVH@Gu@physx@@QEAA@AEBUPxBVHInternalData@2@@Z 0000000180001b21 f   PhysXCommon_64:PhysXCommon_64.dll
 0001:00000b2d       ??0BV4TriangleMesh@Gu@physx@@QEAA@AEBUPxTriangleMeshInternalData@2@@Z 0000000180001b2d f   PhysXCommon_64:PhysXCommon_64.dll
 0001:00000b33       __imp_load_??0BV4TriangleMesh@Gu@physx@@QEAA@AEBUPxTriangleMeshInternalData@2@@Z 0000000180001b33 f   PhysXCommon_64:PhysXCommon_64.dll
 0001:00000b3f       PxGetBroadcastAllocator    0000000180001b3f f   PhysXFoundation_64:PhysXFoundation_64.dll
 0001:00000b45       __tailMerge_physxfoundation_64_dll 0000000180001b45     PhysXFoundation_64:PhysXFoundation_64.dll
 0001:00000bbe       __imp_load_PxGetBroadcastAllocator 0000000180001bbe f   PhysXFoundation_64:PhysXFoundation_64.dll
 0001:00000cb8       ?DloadAcquireSectionWriteAccess@@YAXXZ 0000000180001cb8 f i Delayimp:delayhlp.obj
 0001:00000d74       ?DloadGetSRWLockFunctionPointers@@YAEXZ 0000000180001d74 f i Delayimp:delayhlp.obj
 0001:00000e14       ?DloadMakePermanentImageCommit@@YAXPEAX_K@Z 0000000180001e14 f i Delayimp:delayhlp.obj
 0001:00000eac       ?DloadObtainSection@@YAPEAXPEAK0@Z 0000000180001eac f i Delayimp:delayhlp.obj
 0001:00000f48       ?DloadProtectSection@@YAXPEAX_KKPEAK@Z 0000000180001f48 f i Delayimp:delayhlp.obj
 0001:00001040       ?DloadReleaseSectionWriteAccess@@YAXXZ 0000000180002040 f i Delayimp:delayhlp.obj
 0001:000010ec       __delayLoadHelper2         00000001800020ec f   Delayimp:delayhlp.obj
 0001:000013e8       ??3@YAXPEAX@Z              00000001800023e8 f   MSVCRT:delete_scalar.obj
 0001:000013f0       ??3@YAXPEAX_K@Z            00000001800023f0 f   MSVCRT:delete_scalar_size.obj
 0001:000013f0       ??_V@YAXPEAX@Z             00000001800023f0 f   MSVCRT:delete_array.obj
 0001:000013f8       ??_V@YAXPEAX_K@Z           00000001800023f8 f   MSVCRT:delete_array_size.obj
 0001:00001400       ??_Etype_info@@UEAAPEAXI@Z 0000000180002400 f i MSVCRT:std_type_info_static.obj
 0001:00001400       ??_Gtype_info@@UEAAPEAXI@Z 0000000180002400 f i MSVCRT:std_type_info_static.obj
 0001:0000142c       ?__scrt_initialize_type_info@@YAXXZ 000000018000242c f   MSVCRT:tncleanup.obj
 0001:0000143c       ?__scrt_uninitialize_type_info@@YAXXZ 000000018000243c f   MSVCRT:tncleanup.obj
 0001:0000175c       _DllMainCRTStartup         000000018000275c f   MSVCRT:dll_dllmain.obj
 0001:0000179c       __security_init_cookie     000000018000279c f   MSVCRT:gs_support.obj
 0001:0000184c       DllMain                    000000018000284c f   MSVCRT:dll_dllmain_stub.obj
 0001:00001870       __local_stdio_printf_options 0000000180002870 f i MSVCRT:default_local_stdio_options.obj
 0001:00001878       __local_stdio_scanf_options 0000000180002878 f i MSVCRT:default_local_stdio_options.obj
 0001:00001880       __scrt_initialize_default_local_stdio_options 0000000180002880 f   MSVCRT:default_local_stdio_options.obj
 0001:0000189c       __scrt_acquire_startup_lock 000000018000289c f   MSVCRT:utility.obj
 0001:000018d8       __scrt_dllmain_after_initialize_c 00000001800028d8 f   MSVCRT:utility.obj
 0001:0000190c       __scrt_dllmain_before_initialize_c 000000018000290c f   MSVCRT:utility.obj
 0001:00001924       __scrt_dllmain_crt_thread_attach 0000000180002924 f   MSVCRT:utility.obj
 0001:0000194c       __scrt_dllmain_crt_thread_detach 000000018000294c f   MSVCRT:utility.obj
 0001:00001964       __scrt_dllmain_exception_filter 0000000180002964 f   MSVCRT:utility.obj
 0001:000019c4       __scrt_dllmain_uninitialize_c 00000001800029c4 f   MSVCRT:utility.obj
 0001:000019f4       __scrt_dllmain_uninitialize_critical 00000001800029f4 f   MSVCRT:utility.obj
 0001:00001a08       __scrt_initialize_crt      0000000180002a08 f   MSVCRT:utility.obj
 0001:00001a44       __scrt_initialize_onexit_tables 0000000180002a44 f   MSVCRT:utility.obj
 0001:00001ad0       __scrt_is_nonwritable_in_current_image 0000000180002ad0 f   MSVCRT:utility.obj
 0001:00001b68       __scrt_release_startup_lock 0000000180002b68 f   MSVCRT:utility.obj
 0001:00001b8c       __scrt_uninitialize_crt    0000000180002b8c f   MSVCRT:utility.obj
 0001:00001bb8       __scrt_get_dyn_tls_init_callback 0000000180002bb8 f   MSVCRT:dyn_tls_init.obj
 0001:00001bc0       __scrt_fastfail            0000000180002bc0 f   MSVCRT:utility_desktop.obj
 0001:00001bc8       _RTC_Initialize            0000000180002bc8 f   MSVCRT:initsect.obj
 0001:00001c04       _RTC_Terminate             0000000180002c04 f   MSVCRT:initsect.obj
 0001:00001c40       __isa_available_init       0000000180002c40 f   MSVCRT:cpu_disp.obj
 0001:00001edc       _get_startup_argv_mode     0000000180002edc f   MSVCRT:argv_mode.obj
 0001:00001ee4       __scrt_is_ucrt_dll_in_use  0000000180002ee4 f   MSVCRT:ucrt_detection.obj
 0001:00001ef0       _purecall                  0000000180002ef0 f   vcruntime:VCRUNTIME140.dll
 0001:00001ef6       __std_type_info_name       0000000180002ef6 f   vcruntime:VCRUNTIME140.dll
 0001:00001efc       strstr                     0000000180002efc f   vcruntime:VCRUNTIME140.dll
 0001:00001f02       __std_type_info_destroy_list 0000000180002f02 f   vcruntime:VCRUNTIME140.dll
 0001:00001f08       __C_specific_handler       0000000180002f08 f   vcruntime:VCRUNTIME140.dll
 0001:00001f0e       memcpy                     0000000180002f0e f   vcruntime:VCRUNTIME140.dll
 0001:00001f14       free                       0000000180002f14 f   ucrt:api-ms-win-crt-heap-l1-1-0.dll
 0001:00001f1a       _initterm                  0000000180002f1a f   ucrt:api-ms-win-crt-runtime-l1-1-0.dll
 0001:00001f20       _initterm_e                0000000180002f20 f   ucrt:api-ms-win-crt-runtime-l1-1-0.dll
 0001:00001f26       _seh_filter_dll            0000000180002f26 f   ucrt:api-ms-win-crt-runtime-l1-1-0.dll
 0001:00001f2c       _configure_narrow_argv     0000000180002f2c f   ucrt:api-ms-win-crt-runtime-l1-1-0.dll
 0001:00001f32       _initialize_narrow_environment 0000000180002f32 f   ucrt:api-ms-win-crt-runtime-l1-1-0.dll
 0001:00001f38       _initialize_onexit_table   0000000180002f38 f   ucrt:api-ms-win-crt-runtime-l1-1-0.dll
 0001:00001f3e       _execute_onexit_table      0000000180002f3e f   ucrt:api-ms-win-crt-runtime-l1-1-0.dll
 0001:00001f44       _cexit                     0000000180002f44 f   ucrt:api-ms-win-crt-runtime-l1-1-0.dll
 0001:00001f4c       __acrt_initialize          0000000180002f4c f   MSVCRT:ucrt_stubs.obj
 0001:00001f4c       __acrt_thread_attach       0000000180002f4c f   MSVCRT:ucrt_stubs.obj
 0001:00001f4c       __acrt_thread_detach       0000000180002f4c f   MSVCRT:ucrt_stubs.obj
 0001:00001f4c       __acrt_uninitialize        0000000180002f4c f   MSVCRT:ucrt_stubs.obj
 0001:00001f4c       __acrt_uninitialize_critical 0000000180002f4c f   MSVCRT:ucrt_stubs.obj
 0001:00001f4c       __scrt_stub_for_acrt_initialize 0000000180002f4c f   MSVCRT:ucrt_stubs.obj
 0001:00001f4c       __scrt_stub_for_acrt_thread_attach 0000000180002f4c f   MSVCRT:ucrt_stubs.obj
 0001:00001f4c       __scrt_stub_for_acrt_thread_detach 0000000180002f4c f   MSVCRT:ucrt_stubs.obj
 0001:00001f4c       __scrt_stub_for_acrt_uninitialize 0000000180002f4c f   MSVCRT:ucrt_stubs.obj
 0001:00001f4c       __scrt_stub_for_acrt_uninitialize_critical 0000000180002f4c f   MSVCRT:ucrt_stubs.obj
 0001:00001f4c       __vcrt_initialize          0000000180002f4c f   MSVCRT:ucrt_stubs.obj
 0001:00001f4c       __vcrt_thread_attach       0000000180002f4c f   MSVCRT:ucrt_stubs.obj
 0001:00001f4c       __vcrt_thread_detach       0000000180002f4c f   MSVCRT:ucrt_stubs.obj
 0001:00001f4c       __vcrt_uninitialize        0000000180002f4c f   MSVCRT:ucrt_stubs.obj
 0001:00001f4c       __vcrt_uninitialize_critical 0000000180002f4c f   MSVCRT:ucrt_stubs.obj
 0001:00001f50       __scrt_stub_for_is_c_termination_complete 0000000180002f50 f   MSVCRT:ucrt_stubs.obj
 0001:00001f50       _is_c_termination_complete 0000000180002f50 f   MSVCRT:ucrt_stubs.obj
 0001:00001f70       _guard_dispatch_icall_nop  0000000180002f70 f   MSVCRT:guard_dispatch.obj
 0001:00001f90       _guard_xfg_dispatch_icall_nop 0000000180002f90 f   MSVCRT:guard_xfg_dispatch.obj
 0002:00000000       __imp_LoadLibraryA         0000000180004000     kernel32:KERNEL32.dll
 0002:00000008       __imp_DisableThreadLibraryCalls 0000000180004008     kernel32:KERNEL32.dll
 0002:00000010       __imp_GetSystemTimeAsFileTime 0000000180004010     kernel32:KERNEL32.dll
 0002:00000018       __imp_GetCurrentThreadId   0000000180004018     kernel32:KERNEL32.dll
 0002:00000020       __imp_GetCurrentProcessId  0000000180004020     kernel32:KERNEL32.dll
 0002:00000028       __imp_QueryPerformanceCounter 0000000180004028     kernel32:KERNEL32.dll
 0002:00000030       __imp_InitializeSListHead  0000000180004030     kernel32:KERNEL32.dll
 0002:00000038       __imp_LoadLibraryExA       0000000180004038     kernel32:KERNEL32.dll
 0002:00000040       __imp_GetProcAddress       0000000180004040     kernel32:KERNEL32.dll
 0002:00000048       __imp_GetModuleHandleW     0000000180004048     kernel32:KERNEL32.dll
 0002:00000050       __imp_FreeLibrary          0000000180004050     kernel32:KERNEL32.dll
 0002:00000058       __imp_VirtualQuery         0000000180004058     kernel32:KERNEL32.dll
 0002:00000060       __imp_VirtualProtect       0000000180004060     kernel32:KERNEL32.dll
 0002:00000068       __imp_GetSystemInfo        0000000180004068     kernel32:KERNEL32.dll
 0002:00000070       __imp_GetLastError         0000000180004070     kernel32:KERNEL32.dll
 0002:00000078       __imp_RaiseException       0000000180004078     kernel32:KERNEL32.dll
 0002:00000080       \177KERNEL32_NULL_THUNK_DATA 0000000180004080     kernel32:KERNEL32.dll
 0002:00000088       __imp___std_type_info_name 0000000180004088     vcruntime:VCRUNTIME140.dll
 0002:00000090       __imp_strstr               0000000180004090     vcruntime:VCRUNTIME140.dll
 0002:00000098       __imp___std_type_info_destroy_list 0000000180004098     vcruntime:VCRUNTIME140.dll
 0002:000000a0       __imp___C_specific_handler 00000001800040a0     vcruntime:VCRUNTIME140.dll
 0002:000000a8       __imp__purecall            00000001800040a8     vcruntime:VCRUNTIME140.dll
 0002:000000b0       __imp_memcpy               00000001800040b0     vcruntime:VCRUNTIME140.dll
 0002:000000b8       \177VCRUNTIME140_NULL_THUNK_DATA 00000001800040b8     vcruntime:VCRUNTIME140.dll
 0002:000000c0       __imp_free                 00000001800040c0     ucrt:api-ms-win-crt-heap-l1-1-0.dll
 0002:000000c8       \177api-ms-win-crt-heap-l1-1-0_NULL_THUNK_DATA 00000001800040c8     ucrt:api-ms-win-crt-heap-l1-1-0.dll
 0002:000000d0       __imp__seh_filter_dll      00000001800040d0     ucrt:api-ms-win-crt-runtime-l1-1-0.dll
 0002:000000d8       __imp__configure_narrow_argv 00000001800040d8     ucrt:api-ms-win-crt-runtime-l1-1-0.dll
 0002:000000e0       __imp__initialize_onexit_table 00000001800040e0     ucrt:api-ms-win-crt-runtime-l1-1-0.dll
 0002:000000e8       __imp__initterm_e          00000001800040e8     ucrt:api-ms-win-crt-runtime-l1-1-0.dll
 0002:000000f0       __imp__cexit               00000001800040f0     ucrt:api-ms-win-crt-runtime-l1-1-0.dll
 0002:000000f8       __imp__initialize_narrow_environment 00000001800040f8     ucrt:api-ms-win-crt-runtime-l1-1-0.dll
 0002:00000100       __imp__execute_onexit_table 0000000180004100     ucrt:api-ms-win-crt-runtime-l1-1-0.dll
 0002:00000108       __imp__initterm            0000000180004108     ucrt:api-ms-win-crt-runtime-l1-1-0.dll
 0002:00000110       \177api-ms-win-crt-runtime-l1-1-0_NULL_THUNK_DATA 0000000180004110     ucrt:api-ms-win-crt-runtime-l1-1-0.dll
 0002:00000118       __guard_check_icall_fptr   0000000180004118     MSVCRT:guard_support.obj
 0002:00000120       __guard_xfg_check_icall_fptr 0000000180004120     MSVCRT:guard_support.obj
 0002:00000128       __guard_dispatch_icall_fptr 0000000180004128     MSVCRT:guard_support.obj
 0002:00000130       __guard_xfg_dispatch_icall_fptr 0000000180004130     MSVCRT:guard_support.obj
 0002:00000138       __guard_xfg_table_dispatch_icall_fptr 0000000180004138     MSVCRT:guard_support.obj
 0002:00000140       __castguard_check_failure_os_handled_fptr 0000000180004140     MSVCRT:guard_support.obj
 0002:00000148       __guard_memcpy_fptr        0000000180004148     vcruntime:softmemtag.obj
 0002:00000150       __xc_a                     0000000180004150     MSVCRT:initializers.obj
 0002:00000188       __xc_z                     0000000180004188     MSVCRT:initializers.obj
 0002:00000190       __xi_a                     0000000180004190     MSVCRT:initializers.obj
 0002:00000198       __xi_z                     0000000180004198     MSVCRT:initializers.obj
 0002:000001a0       __xp_a                     00000001800041a0     MSVCRT:initializers.obj
 0002:000001a8       __xp_z                     00000001800041a8     MSVCRT:initializers.obj
 0002:000001b0       __xt_a                     00000001800041b0     MSVCRT:initializers.obj
 0002:000001b8       __xt_z                     00000001800041b8     MSVCRT:initializers.obj
 0002:000001e0       ??_7PxFoundation@physx@@6B@ 00000001800041e0     Cooking.obj
 0002:00000250       ??_C@_0EJ@PGOKGCDB@C?3?2Users?2uknow?2Downloads?2PhysX?2@ 0000000180004250     Cooking.obj
 0002:000002a0       ??_C@_0BM@OIFKLHDN@?$DMallocation?5names?5disabled?$DO@ 00000001800042a0     Cooking.obj
 0002:000002c0       ??_C@_0EC@JKGGIGA@C?3?2Users?2uknow?2Downloads?2PhysX?2@ 00000001800042c0     Cooking.obj
 0002:00000310       __xmm@000000003a83126f3a83126f3a83126f 0000000180004310     Cooking.obj
 0002:00000320       __xmm@00000000ba83126fba83126fba83126f 0000000180004320     Cooking.obj
 0002:00000330       __xmm@3a83126f3a83126f3a83126f3a83126f 0000000180004330     Cooking.obj
 0002:00000340       __xmm@ba83126fba83126fba83126fba83126f 0000000180004340     Cooking.obj
 0002:00000350       ??_C@_0BA@EGLNOO@PhysXFoundation@ 0000000180004350     WindowsCookingDelayLoadHook.obj
 0002:00000360       ??_C@_0M@ILKNCJKN@PhysXCommon@ 0000000180004360     WindowsCookingDelayLoadHook.obj
 0002:00000370       __sz_PhysXCommon_64_dll    0000000180004370     PhysXCommon_64:PhysXCommon_64.dll
 0002:00000390       __sz_PhysXFoundation_64_dll 0000000180004390     PhysXFoundation_64:PhysXFoundation_64.dll
 0002:000003a8       ??_C@_1BK@DBDEIDLH@?$AAK?$AAE?$AAR?$AAN?$AAE?$AAL?$AA3?$AA2?$AA?4?$AAD?$AAL?$AAL@ 00000001800043a8     Delayimp:delayhlp.obj
 0002:000003c8       ??_C@_0BI@OMNLIJDB@AcquireSRWLockExclusive@ 00000001800043c8     Delayimp:delayhlp.obj
 0002:000003e0       ??_C@_0BI@HMIEPCNJ@ReleaseSRWLockExclusive@ 00000001800043e0     Delayimp:delayhlp.obj
 0002:000003f8       __pfnDliFailureHook2       00000001800043f8     Delayimp:delayhk1.obj
 0002:00000400       __bChangeProtectionOfWholeDloadSection 0000000180004400     Delayimp:delaygv1.obj
 0002:00000410       ??_7type_info@@6B@         0000000180004410     MSVCRT:std_type_info_static.obj
 0002:00000418       _pDefaultRawDllMain        0000000180004418     MSVCRT:dll_dllmain.obj
 0002:00000418       _pRawDllMain               0000000180004418     MSVCRT:dll_dllmain.obj
 0002:00000420       _load_config_used          0000000180004420     MSVCRT:loadcfg.obj
 0002:00000560       __xmm@ffffffffffffffffffffffffffffffff 0000000180004560     MSVCRT:utility.obj
 0002:00000600       ??_R4type_info@@6B@        0000000180004600     MSVCRT:std_type_info_static.obj
 0002:00000628       ??_R3type_info@@8          0000000180004628     MSVCRT:std_type_info_static.obj
 0002:00000640       ??_R2type_info@@8          0000000180004640     MSVCRT:std_type_info_static.obj
 0002:00000650       ??_R1A@?0A@EA@type_info@@8 0000000180004650     MSVCRT:std_type_info_static.obj
 0002:00000674       __volatile_metadata        0000000180004674     <linker-defined>
 0002:00000ab8       __rtc_iaa                  0000000180004ab8     MSVCRT:initsect.obj
 0002:00000ac0       __rtc_izz                  0000000180004ac0     MSVCRT:initsect.obj
 0002:00000ac8       __rtc_taa                  0000000180004ac8     MSVCRT:initsect.obj
 0002:00000ad0       __rtc_tzz                  0000000180004ad0     MSVCRT:initsect.obj
 0002:00000d88       __DELAY_IMPORT_DESCRIPTOR_physxcommon_64_dll 0000000180004d88     PhysXCommon_64:PhysXCommon_64.dll
 0002:00000da8       __DELAY_IMPORT_DESCRIPTOR_physxfoundation_64_dll 0000000180004da8     PhysXFoundation_64:PhysXFoundation_64.dll
 0002:00000dc8       __NULL_DELAY_IMPORT_DESCRIPTOR 0000000180004dc8     PhysXCommon_64:PhysXCommon_64.dll
 0002:00000ea0       \177PhysXCommon_64_NULL_THUNK_DATA_DLN 0000000180004ea0     PhysXCommon_64:PhysXCommon_64.dll
 0002:00000eb0       \177PhysXFoundation_64_NULL_THUNK_DATA_DLN 0000000180004eb0     PhysXFoundation_64:PhysXFoundation_64.dll
 0002:00001140       \177PhysXCommon_64_NULL_THUNK_DATA_DLB 0000000180005140     PhysXCommon_64:PhysXCommon_64.dll
 0002:00001200       \177PhysXFoundation_64_NULL_THUNK_DATA_DLB 0000000180005200     PhysXFoundation_64:PhysXFoundation_64.dll
 0002:00001e18       __IMPORT_DESCRIPTOR_KERNEL32 0000000180005e18     kernel32:KERNEL32.dll
 0002:00001e2c       __IMPORT_DESCRIPTOR_VCRUNTIME140 0000000180005e2c     vcruntime:VCRUNTIME140.dll
 0002:00001e40       __IMPORT_DESCRIPTOR_api-ms-win-crt-heap-l1-1-0 0000000180005e40     ucrt:api-ms-win-crt-heap-l1-1-0.dll
 0002:00001e54       __IMPORT_DESCRIPTOR_api-ms-win-crt-runtime-l1-1-0 0000000180005e54     ucrt:api-ms-win-crt-runtime-l1-1-0.dll
 0002:00001e68       __NULL_IMPORT_DESCRIPTOR   0000000180005e68     kernel32:KERNEL32.dll
 0003:00000000       __pfnDliNotifyHook2        0000000180007000     WindowsCookingDelayLoadHook.obj
 0003:00000008       _fltused                   0000000180007008     MSVCRT:fltused.obj
 0003:0000000c       __scrt_native_dllmain_reason 000000018000700c     MSVCRT:utility.obj
 0003:00000040       __security_cookie          0000000180007040     MSVCRT:gs_cookie.obj
 0003:00000080       __security_cookie_complement 0000000180007080     MSVCRT:gs_cookie.obj
 0003:00000090       __isa_available            0000000180007090     MSVCRT:cpu_disp.obj
 0003:00000094       __isa_enabled              0000000180007094     MSVCRT:cpu_disp.obj
 0003:00000098       __memset_fast_string_threshold 0000000180007098     MSVCRT:cpu_disp.obj
 0003:000000a0       __memset_nt_threshold      00000001800070a0     MSVCRT:cpu_disp.obj
 0003:000000a8       __isa_inverted             00000001800070a8     MSVCRT:cpu_disp.obj
 0003:000000b0       __scrt_ucrt_dll_is_in_use  00000001800070b0     MSVCRT:ucrt_stubs.obj
 0003:000000b8       ??_R0?AVBVH@Gu@physx@@@8   00000001800070b8     Cooking.obj
 0003:000000e0       ??_R0?AVBV4TriangleMesh@Gu@physx@@@8 00000001800070e0     Cooking.obj
 0003:00000110       ??_R0?AUSlab@NodeAllocator@Gu@physx@@@8 0000000180007110     Cooking.obj
 0003:00000148       ??_R0?AVtype_info@@@8      0000000180007148     MSVCRT:std_type_info_static.obj
 0003:00000168       __imp_getInsertionCallback 0000000180007168     PhysXCommon_64:PhysXCommon_64.dll
 0003:00000170       __imp_??0BV4TriangleMesh@Gu@physx@@QEAA@AEBUPxTriangleMeshInternalData@2@@Z 0000000180007170     PhysXCommon_64:PhysXCommon_64.dll
 0003:00000178       __imp_cookBVH              0000000180007178     PhysXCommon_64:PhysXCommon_64.dll
 0003:00000180       __imp_createBVH            0000000180007180     PhysXCommon_64:PhysXCommon_64.dll
 0003:00000188       __imp_cookHeightField      0000000180007188     PhysXCommon_64:PhysXCommon_64.dll
 0003:00000190       __imp_createHeightField    0000000180007190     PhysXCommon_64:PhysXCommon_64.dll
 0003:00000198       __imp_cookConvexMesh       0000000180007198     PhysXCommon_64:PhysXCommon_64.dll
 0003:000001a0       __imp_createConvexMesh     00000001800071a0     PhysXCommon_64:PhysXCommon_64.dll
 0003:000001a8       __imp_validateConvexMesh   00000001800071a8     PhysXCommon_64:PhysXCommon_64.dll
 0003:000001b0       __imp_computeHullPolygons  00000001800071b0     PhysXCommon_64:PhysXCommon_64.dll
 0003:000001b8       __imp_validateTriangleMesh 00000001800071b8     PhysXCommon_64:PhysXCommon_64.dll
 0003:000001c0       __imp_createTriangleMesh   00000001800071c0     PhysXCommon_64:PhysXCommon_64.dll
 0003:000001c8       __imp_cookTriangleMesh     00000001800071c8     PhysXCommon_64:PhysXCommon_64.dll
 0003:000001d0       __imp_cookTetrahedronMesh  00000001800071d0     PhysXCommon_64:PhysXCommon_64.dll
 0003:000001d8       __imp_createTetrahedronMesh 00000001800071d8     PhysXCommon_64:PhysXCommon_64.dll
 0003:000001e0       __imp_cookDeformableVolumeMesh 00000001800071e0     PhysXCommon_64:PhysXCommon_64.dll
 0003:000001e8       __imp_createDeformableVolumeMesh 00000001800071e8     PhysXCommon_64:PhysXCommon_64.dll
 0003:000001f0       __imp_computeModelsMapping 00000001800071f0     PhysXCommon_64:PhysXCommon_64.dll
 0003:000001f8       __imp_computeCollisionData 00000001800071f8     PhysXCommon_64:PhysXCommon_64.dll
 0003:00000200       __imp_computeSimulationData 0000000180007200     PhysXCommon_64:PhysXCommon_64.dll
 0003:00000208       __imp_assembleDeformableVolumeMesh 0000000180007208     PhysXCommon_64:PhysXCommon_64.dll
 0003:00000210       __imp_?release@AABBTreeBounds@Gu@physx@@QEAAXXZ 0000000180007210     PhysXCommon_64:PhysXCommon_64.dll
 0003:00000218       __imp_??0BVH@Gu@physx@@QEAA@AEBUPxBVHInternalData@2@@Z 0000000180007218     PhysXCommon_64:PhysXCommon_64.dll
 0003:00000220       \177PhysXCommon_64_NULL_THUNK_DATA_DLA 0000000180007220     PhysXCommon_64:PhysXCommon_64.dll
 0003:00000228       __imp_PxGetBroadcastAllocator 0000000180007228     PhysXFoundation_64:PhysXFoundation_64.dll
 0003:00000230       \177PhysXFoundation_64_NULL_THUNK_DATA_DLA 0000000180007230     PhysXFoundation_64:PhysXFoundation_64.dll
 0003:000002a8       __hmod__PhysXCommon_64_dll 00000001800072a8     PhysXCommon_64:PhysXCommon_64.dll
 0003:000002b0       __hmod__PhysXFoundation_64_dll 00000001800072b0     PhysXFoundation_64:PhysXFoundation_64.dll
 0003:000002b8       ?DloadKernel32@@3PEAUHINSTANCE__@@EA 00000001800072b8     Delayimp:delayhlp.obj
 0003:000002c0       ?DloadAcquireSRWLockExclusive@@3P6AXPEA_K@ZEA 00000001800072c0     Delayimp:delayhlp.obj
 0003:000002c8       ?DloadReleaseSRWLockExclusive@@3P6AXPEA_K@ZEA 00000001800072c8     Delayimp:delayhlp.obj
 0003:000002d0       ?DloadSrwLock@@3_KA        00000001800072d0     Delayimp:delayhlp.obj
 0003:000002d8       ?DloadSectionLockCount@@3KA 00000001800072d8     Delayimp:delayhlp.obj
 0003:000002dc       ?DloadSectionOldProtection@@3KA 00000001800072dc     Delayimp:delayhlp.obj
 0003:000002e0       ?DloadSectionCommitPermanent@@3KA 00000001800072e0     Delayimp:delayhlp.obj
 0003:000002f0       ?__type_info_root_node@@3U__type_info_node@@A 00000001800072f0     MSVCRT:tncleanup.obj
 0003:00000308       ?_OptionsStorage@?1??__local_stdio_printf_options@@9@4_KA 0000000180007308     MSVCRT:default_local_stdio_options.obj
 0003:00000310       ?_OptionsStorage@?1??__local_stdio_scanf_options@@9@4_KA 0000000180007310     MSVCRT:default_local_stdio_options.obj
 0003:00000318       __scrt_current_native_startup_state 0000000180007318     MSVCRT:utility.obj
 0003:00000320       __scrt_native_startup_lock 0000000180007320     MSVCRT:utility.obj
 0003:00000360       __scrt_debugger_hook_flag  0000000180007360     MSVCRT:utility_desktop.obj
 0003:00000364       __favor                    0000000180007364     MSVCRT:cpu_disp.obj
 0003:00000368       __avx10_version            0000000180007368     MSVCRT:cpu_disp.obj
 0003:00000370       __dyn_tls_init_callback    0000000180007370     <common>

 entry point at        0001:0000175c

 Static symbols

 0000:ffff5000       .debug$S                   0000000180000000     PhysXCooking_64.exp
 0000:ffff5000       .debug$S                   0000000180000000     ucrt:api-ms-win-crt-heap-l1-1-0.dll
 0000:ffff5000       .debug$S                   0000000180000000     ucrt:api-ms-win-crt-runtime-l1-1-0.dll
 0000:ffff5000       .debug$S                   0000000180000000     ucrt:api-ms-win-crt-runtime-l1-1-0.dll
 0000:ffff5000       .debug$S                   0000000180000000     ucrt:api-ms-win-crt-runtime-l1-1-0.dll
 0000:ffff5000       .debug$S                   0000000180000000     ucrt:api-ms-win-crt-runtime-l1-1-0.dll
 0000:ffff5000       .debug$S                   0000000180000000     ucrt:api-ms-win-crt-runtime-l1-1-0.dll
 0000:ffff5000       .debug$S                   0000000180000000     ucrt:api-ms-win-crt-runtime-l1-1-0.dll
 0000:ffff5000       .debug$S                   0000000180000000     ucrt:api-ms-win-crt-runtime-l1-1-0.dll
 0000:ffff5000       .debug$S                   0000000180000000     ucrt:api-ms-win-crt-runtime-l1-1-0.dll
 0000:ffff5000       .debug$S                   0000000180000000     ucrt:api-ms-win-crt-runtime-l1-1-0.dll
 0000:ffff5000       .debug$S                   0000000180000000     ucrt:api-ms-win-crt-runtime-l1-1-0.dll
 0000:ffff5000       .debug$S                   0000000180000000     ucrt:api-ms-win-crt-runtime-l1-1-0.dll
 0000:ffff5000       .debug$S                   0000000180000000     ucrt:api-ms-win-crt-runtime-l1-1-0.dll
 0000:ffff5000       .debug$S                   0000000180000000     kernel32:KERNEL32.dll
 0000:ffff5000       .debug$S                   0000000180000000     kernel32:KERNEL32.dll
 0000:ffff5000       .debug$S                   0000000180000000     kernel32:KERNEL32.dll
 0000:ffff5000       .debug$S                   0000000180000000     kernel32:KERNEL32.dll
 0000:ffff5000       .debug$S                   0000000180000000     kernel32:KERNEL32.dll
 0000:ffff5000       .debug$S                   0000000180000000     kernel32:KERNEL32.dll
 0000:ffff5000       .debug$S                   0000000180000000     kernel32:KERNEL32.dll
 0000:ffff5000       .debug$S                   0000000180000000     kernel32:KERNEL32.dll
 0000:ffff5000       .debug$S                   0000000180000000     kernel32:KERNEL32.dll
 0000:ffff5000       .debug$S                   0000000180000000     kernel32:KERNEL32.dll
 0000:ffff5000       .debug$S                   0000000180000000     kernel32:KERNEL32.dll
 0000:ffff5000       .debug$S                   0000000180000000     kernel32:KERNEL32.dll
 0000:ffff5000       .debug$S                   0000000180000000     kernel32:KERNEL32.dll
 0000:ffff5000       .debug$S                   0000000180000000     kernel32:KERNEL32.dll
 0000:ffff5000       .debug$S                   0000000180000000     kernel32:KERNEL32.dll
 0000:ffff5000       .debug$S                   0000000180000000     kernel32:KERNEL32.dll
 0000:ffff5000       .debug$S                   0000000180000000     kernel32:KERNEL32.dll
 0000:ffff5000       .debug$S                   0000000180000000     kernel32:KERNEL32.dll
 0000:ffff5000       .debug$S                   0000000180000000     vcruntime:VCRUNTIME140.dll
 0000:ffff5000       .debug$S                   0000000180000000     vcruntime:VCRUNTIME140.dll
 0000:ffff5000       .debug$S                   0000000180000000     vcruntime:VCRUNTIME140.dll
 0000:ffff5000       .debug$S                   0000000180000000     vcruntime:VCRUNTIME140.dll
 0000:ffff5000       .debug$S                   0000000180000000     vcruntime:VCRUNTIME140.dll
 0000:ffff5000       .debug$S                   0000000180000000     vcruntime:VCRUNTIME140.dll
 0000:ffff5000       .debug$S                   0000000180000000     vcruntime:VCRUNTIME140.dll
 0000:ffff5000       .debug$S                   0000000180000000     vcruntime:VCRUNTIME140.dll
 0000:ffff5000       .debug$S                   0000000180000000     vcruntime:VCRUNTIME140.dll
 0000:ffff5000       .debug$S                   0000000180000000     PhysXCommon_64:PhysXCommon_64.dll
 0000:ffff5000       .debug$S                   0000000180000000     PhysXCommon_64:PhysXCommon_64.dll
 0000:ffff5000       .debug$S                   0000000180000000     PhysXCommon_64:PhysXCommon_64.dll
 0000:ffff5000       .debug$S                   0000000180000000     PhysXCommon_64:PhysXCommon_64.dll
 0000:ffff5000       .debug$S                   0000000180000000     PhysXCommon_64:PhysXCommon_64.dll
 0000:ffff5000       .debug$S                   0000000180000000     PhysXCommon_64:PhysXCommon_64.dll
 0000:ffff5000       .debug$S                   0000000180000000     PhysXCommon_64:PhysXCommon_64.dll
 0000:ffff5000       .debug$S                   0000000180000000     PhysXCommon_64:PhysXCommon_64.dll
 0000:ffff5000       .debug$S                   0000000180000000     PhysXCommon_64:PhysXCommon_64.dll
 0000:ffff5000       .debug$S                   0000000180000000     PhysXCommon_64:PhysXCommon_64.dll
 0000:ffff5000       .debug$S                   0000000180000000     PhysXCommon_64:PhysXCommon_64.dll
 0000:ffff5000       .debug$S                   0000000180000000     PhysXCommon_64:PhysXCommon_64.dll
 0000:ffff5000       .debug$S                   0000000180000000     PhysXCommon_64:PhysXCommon_64.dll
 0000:ffff5000       .debug$S                   0000000180000000     PhysXCommon_64:PhysXCommon_64.dll
 0000:ffff5000       .debug$S                   0000000180000000     PhysXCommon_64:PhysXCommon_64.dll
 0000:ffff5000       .debug$S                   0000000180000000     PhysXCommon_64:PhysXCommon_64.dll
 0000:ffff5000       .debug$S                   0000000180000000     PhysXCommon_64:PhysXCommon_64.dll
 0000:ffff5000       .debug$S                   0000000180000000     PhysXCommon_64:PhysXCommon_64.dll
 0000:ffff5000       .debug$S                   0000000180000000     PhysXCommon_64:PhysXCommon_64.dll
 0000:ffff5000       .debug$S                   0000000180000000     PhysXCommon_64:PhysXCommon_64.dll
 0000:ffff5000       .debug$S                   0000000180000000     PhysXCommon_64:PhysXCommon_64.dll
 0000:ffff5000       .debug$S                   0000000180000000     PhysXCommon_64:PhysXCommon_64.dll
 0000:ffff5000       .debug$S                   0000000180000000     PhysXCommon_64:PhysXCommon_64.dll
 0000:ffff5000       .debug$S                   0000000180000000     PhysXFoundation_64:PhysXFoundation_64.dll
 0001:00000000       ??__EmaxFError@vecMathTests@aos@physx@@YAXXZ 0000000180001000 f   Cooking.obj
 0001:00000010       ??__EmaxV3Error@vecMathTests@aos@physx@@YAXXZ 0000000180001010 f   Cooking.obj
 0001:00000020       ??__EmaxV4Error@vecMathTests@aos@physx@@YAXXZ 0000000180001020 f   Cooking.obj
 0001:00000030       ??__EminFError@vecMathTests@aos@physx@@YAXXZ 0000000180001030 f   Cooking.obj
 0001:00000040       ??__EminV3Error@vecMathTests@aos@physx@@YAXXZ 0000000180001040 f   Cooking.obj
 0001:00000050       ??__EminV4Error@vecMathTests@aos@physx@@YAXXZ 0000000180001050 f   Cooking.obj
 0001:00000900       $LN24                      0000000180001900     WindowsCookingDelayLoadHook.obj
 0001:00000bcc       ??$GuardedWrite@V<lambda_1>@?1??__delayLoadHelper2@@YAP6A_JXZPEBUImgDelayDescr@@PEAP6A_JXZ@Z@@@YAXPEAX_KV<lambda_1>@?1??__delayLoadHelper2@@YAP6A_JXZPEBUImgDelayDescr@@PEAP6A_JXZ@Z@@Z 0000000180001bcc f   Delayimp:delayhlp.obj
 0001:00001448       ?dllmain_crt_dispatch@@YAHQEAUHINSTANCE__@@KQEAX@Z 0000000180002448 f   MSVCRT:dll_dllmain.obj
 0001:00001498       ?dllmain_crt_process_attach@@YAHQEAUHINSTANCE__@@QEAX@Z 0000000180002498 f   MSVCRT:dll_dllmain.obj
 0001:000015b0       ?dllmain_crt_process_detach@@YAH_N@Z 00000001800025b0 f   MSVCRT:dll_dllmain.obj
 0001:00001634       ?dllmain_dispatch@@YAHQEAUHINSTANCE__@@KQEAX@Z 0000000180002634 f   MSVCRT:dll_dllmain.obj
 0001:00001f60       $$000000                   0000000180002f60     MSVCRT:guard_dispatch.obj
 0001:00001f80       $$000000                   0000000180002f80     MSVCRT:guard_xfg_dispatch.obj
 0001:00001f96       ?fin$0@?0??dllmain_crt_process_attach@@YAHQEAUHINSTANCE__@@QEAX@Z@4HA 0000000180002f96 f   MSVCRT:dll_dllmain.obj
 0001:00001fad       ?fin$0@?0??dllmain_crt_process_detach@@YAH_N@Z@4HA 0000000180002fad f   MSVCRT:dll_dllmain.obj
 0001:00001fc6       ?fin$1@?0??dllmain_crt_process_detach@@YAH_N@Z@4HA 0000000180002fc6 f   MSVCRT:dll_dllmain.obj
 0001:00001fda       ?filt$0@?0??dllmain_dispatch@@YAHQEAUHINSTANCE__@@KQEAX@Z@4HA 0000000180002fda f   MSVCRT:dll_dllmain.obj
 0001:00002010       __scrt_is_nonwritable_in_current_image$filt$0 0000000180003010 f   MSVCRT:utility.obj
 0002:00000158       ?minFError$initializer$@vecMathTests@aos@physx@@3P6AXXZEA 0000000180004158     Cooking.obj
 0002:00000160       ?maxFError$initializer$@vecMathTests@aos@physx@@3P6AXXZEA 0000000180004160     Cooking.obj
 0002:00000168       ?minV3Error$initializer$@vecMathTests@aos@physx@@3P6AXXZEA 0000000180004168     Cooking.obj
 0002:00000170       ?maxV3Error$initializer$@vecMathTests@aos@physx@@3P6AXXZEA 0000000180004170     Cooking.obj
 0002:00000178       ?minV4Error$initializer$@vecMathTests@aos@physx@@3P6AXXZEA 0000000180004178     Cooking.obj
 0002:00000180       ?maxV4Error$initializer$@vecMathTests@aos@physx@@3P6AXXZEA 0000000180004180     Cooking.obj
 0002:000001c0       ?gMaskXYZ@internalSimd@aos@physx@@3QBIB 00000001800041c0     Cooking.obj
 0002:000001d0       ?minus1w@?A0x30ef0084@aos@physx@@3QBMB 00000001800041d0     Cooking.obj
 0002:00000ad8       $unwind$??_EPxFoundation@physx@@MEAAPEAXI@Z 0000000180004ad8     Cooking.obj
 0002:00000ad8       $unwind$?DloadAcquireSectionWriteAccess@@YAXXZ 0000000180004ad8     Delayimp:delayhlp.obj
 0002:00000ad8       $unwind$??_Gtype_info@@UEAAPEAXI@Z 0000000180004ad8     MSVCRT:std_type_info_static.obj
 0002:00000ad8       $unwind$__scrt_initialize_onexit_tables 0000000180004ad8     MSVCRT:utility.obj
 0002:00000ad8       $unwind$__scrt_release_startup_lock 0000000180004ad8     MSVCRT:utility.obj
 0002:00000ad8       $unwind$__scrt_uninitialize_crt 0000000180004ad8     MSVCRT:utility.obj
 0002:00000ae0       $chain$0$??_EPxFoundation@physx@@MEAAPEAXI@Z 0000000180004ae0     Cooking.obj
 0002:00000af4       $chain$1$??_EPxFoundation@physx@@MEAAPEAXI@Z 0000000180004af4     Cooking.obj
 0002:00000b04       $unwind$??1AABBTreeBuildParams@Gu@physx@@QEAA@XZ 0000000180004b04     Cooking.obj
 0002:00000b04       $unwind$?reset@AABBTreeBuildParams@Gu@physx@@QEAAXXZ 0000000180004b04     Cooking.obj
 0002:00000b04       $unwind$_DllMainCRTStartup 0000000180004b04     MSVCRT:dll_dllmain.obj
 0002:00000b14       $unwind$?allocate@?$PxArray@USlab@NodeAllocator@Gu@physx@@V?$PxReflectionAllocator@USlab@NodeAllocator@Gu@physx@@@4@@physx@@IEAAPEAUSlab@NodeAllocator@Gu@2@IPEAI@Z 0000000180004b14     Cooking.obj
 0002:00000b20       $unwind$?recreate@?$PxArray@USlab@NodeAllocator@Gu@physx@@V?$PxReflectionAllocator@USlab@NodeAllocator@Gu@physx@@@4@@physx@@IEAAXI@Z 0000000180004b20     Cooking.obj
 0002:00000b2c       $chain$0$?recreate@?$PxArray@USlab@NodeAllocator@Gu@physx@@V?$PxReflectionAllocator@USlab@NodeAllocator@Gu@physx@@@4@@physx@@IEAAXI@Z 0000000180004b2c     Cooking.obj
 0002:00000b40       $chain$1$?recreate@?$PxArray@USlab@NodeAllocator@Gu@physx@@V?$PxReflectionAllocator@USlab@NodeAllocator@Gu@physx@@@4@@physx@@IEAAXI@Z 0000000180004b40     Cooking.obj
 0002:00000b50       $chain$2$?recreate@?$PxArray@USlab@NodeAllocator@Gu@physx@@V?$PxReflectionAllocator@USlab@NodeAllocator@Gu@physx@@@4@@physx@@IEAAXI@Z 0000000180004b50     Cooking.obj
 0002:00000b64       $chain$3$?recreate@?$PxArray@USlab@NodeAllocator@Gu@physx@@V?$PxReflectionAllocator@USlab@NodeAllocator@Gu@physx@@@4@@physx@@IEAAXI@Z 0000000180004b64     Cooking.obj
 0002:00000b74       $unwind$??$copy@V?$PxReflectionAllocator@USlab@NodeAllocator@Gu@physx@@@physx@@@?$PxArray@USlab@NodeAllocator@Gu@physx@@V?$PxReflectionAllocator@USlab@NodeAllocator@Gu@physx@@@4@@physx@@IEAAXAEBV01@@Z 0000000180004b74     Cooking.obj
 0002:00000b74       $unwind$??0NodeAllocator@Gu@physx@@QEAA@AEBV012@@Z 0000000180004b74     Cooking.obj
 0002:00000b74       $unwind$?DloadGetSRWLockFunctionPointers@@YAEXZ 0000000180004b74     Delayimp:delayhlp.obj
 0002:00000b74       $unwind$_RTC_Initialize    0000000180004b74     MSVCRT:initsect.obj
 0002:00000b74       $unwind$_RTC_Terminate     0000000180004b74     MSVCRT:initsect.obj
 0002:00000b80       $unwind$??4NodeAllocator@Gu@physx@@QEAAAEAV012@AEBV012@@Z 0000000180004b80     Cooking.obj
 0002:00000b90       $unwind$PxCreateBVHInternal 0000000180004b90     Cooking.obj
 0002:00000b90       $unwind$PxCreateTriangleMeshInternal 0000000180004b90     Cooking.obj
 0002:00000b9c       $unwind$?cookingDelayHook@@YAP6A_JXZIPEAUDelayLoadInfo@@@Z 0000000180004b9c     WindowsCookingDelayLoadHook.obj
 0002:00000b9c       $unwind$?DloadReleaseSectionWriteAccess@@YAXXZ 0000000180004b9c     Delayimp:delayhlp.obj
 0002:00000b9c       $unwind$__scrt_initialize_default_local_stdio_options 0000000180004b9c     MSVCRT:default_local_stdio_options.obj
 0002:00000b9c       $unwind$?dllmain_crt_dispatch@@YAHQEAUHINSTANCE__@@KQEAX@Z 0000000180004b9c     MSVCRT:dll_dllmain.obj
 0002:00000b9c       $unwind$DllMain            0000000180004b9c     MSVCRT:dll_dllmain_stub.obj
 0002:00000b9c       $unwind$__scrt_acquire_startup_lock 0000000180004b9c     MSVCRT:utility.obj
 0002:00000b9c       $unwind$__scrt_dllmain_after_initialize_c 0000000180004b9c     MSVCRT:utility.obj
 0002:00000b9c       $unwind$__scrt_dllmain_before_initialize_c 0000000180004b9c     MSVCRT:utility.obj
 0002:00000b9c       $unwind$__scrt_dllmain_crt_thread_attach 0000000180004b9c     MSVCRT:utility.obj
 0002:00000b9c       $unwind$__scrt_dllmain_crt_thread_detach 0000000180004b9c     MSVCRT:utility.obj
 0002:00000b9c       $unwind$__scrt_dllmain_uninitialize_c 0000000180004b9c     MSVCRT:utility.obj
 0002:00000b9c       $unwind$__scrt_dllmain_uninitialize_critical 0000000180004b9c     MSVCRT:utility.obj
 0002:00000b9c       $unwind$__scrt_initialize_crt 0000000180004b9c     MSVCRT:utility.obj
 0002:00000ba4       $chain$1$?cookingDelayHook@@YAP6A_JXZIPEAUDelayLoadInfo@@@Z 0000000180004ba4     WindowsCookingDelayLoadHook.obj
 0002:00000bbc       $chain$3$?cookingDelayHook@@YAP6A_JXZIPEAUDelayLoadInfo@@@Z 0000000180004bbc     WindowsCookingDelayLoadHook.obj
 0002:00000bbc       $chain$5$?cookingDelayHook@@YAP6A_JXZIPEAUDelayLoadInfo@@@Z 0000000180004bbc     WindowsCookingDelayLoadHook.obj
 0002:00000bd4       $chain$6$?cookingDelayHook@@YAP6A_JXZIPEAUDelayLoadInfo@@@Z 0000000180004bd4     WindowsCookingDelayLoadHook.obj
 0002:00000be4       xdata                      0000000180004be4     PhysXCommon_64:PhysXCommon_64.dll
 0002:00000bec       xdata                      0000000180004bec     PhysXFoundation_64:PhysXFoundation_64.dll
 0002:00000bf4       $unwind$?DloadObtainSection@@YAPEAXPEAK0@Z 0000000180004bf4     Delayimp:delayhlp.obj
 0002:00000c04       $unwind$?DloadMakePermanentImageCommit@@YAXPEAX_K@Z 0000000180004c04     Delayimp:delayhlp.obj
 0002:00000c10       $unwind$?DloadProtectSection@@YAXPEAX_KKPEAK@Z 0000000180004c10     Delayimp:delayhlp.obj
 0002:00000c28       $unwind$__delayLoadHelper2 0000000180004c28     Delayimp:delayhlp.obj
 0002:00000c44       $unwind$??$GuardedWrite@V<lambda_1>@?1??__delayLoadHelper2@@YAP6A_JXZPEBUImgDelayDescr@@PEAP6A_JXZ@Z@@@YAXPEAX_KV<lambda_1>@?1??__delayLoadHelper2@@YAP6A_JXZPEBUImgDelayDescr@@PEAP6A_JXZ@Z@@Z 0000000180004c44     Delayimp:delayhlp.obj
 0002:00000c58       $unwind$?dllmain_crt_process_attach@@YAHQEAUHINSTANCE__@@QEAX@Z 0000000180004c58     MSVCRT:dll_dllmain.obj
 0002:00000c94       $unwind$?fin$0@?0??dllmain_crt_process_attach@@YAHQEAUHINSTANCE__@@QEAX@Z@4HA 0000000180004c94     MSVCRT:dll_dllmain.obj
 0002:00000c94       $unwind$?fin$0@?0??dllmain_crt_process_detach@@YAH_N@Z@4HA 0000000180004c94     MSVCRT:dll_dllmain.obj
 0002:00000c94       $unwind$?fin$1@?0??dllmain_crt_process_detach@@YAH_N@Z@4HA 0000000180004c94     MSVCRT:dll_dllmain.obj
 0002:00000c9c       $unwind$?dllmain_crt_process_detach@@YAH_N@Z 0000000180004c9c     MSVCRT:dll_dllmain.obj
 0002:00000cf0       $unwind$?dllmain_dispatch@@YAHQEAUHINSTANCE__@@KQEAX@Z 0000000180004cf0     MSVCRT:dll_dllmain.obj
 0002:00000d18       $unwind$?filt$0@?0??dllmain_dispatch@@YAHQEAUHINSTANCE__@@KQEAX@Z@4HA 0000000180004d18     MSVCRT:dll_dllmain.obj
 0002:00000d20       $unwind$__security_init_cookie 0000000180004d20     MSVCRT:gs_support.obj
 0002:00000d2c       $unwind$__scrt_is_nonwritable_in_current_image 0000000180004d2c     MSVCRT:utility.obj
 0002:00000d4c       $unwind$__scrt_is_nonwritable_in_current_image$filt$0 0000000180004d4c     MSVCRT:utility.obj
 0002:00000d54       $unwind$__scrt_dllmain_exception_filter 0000000180004d54     MSVCRT:utility.obj
 0002:00000d68       $xdatasym                  0000000180004d68     MSVCRT:guard_dispatch.obj
 0002:00000d70       $xdatasym                  0000000180004d70     MSVCRT:guard_xfg_dispatch.obj
 0002:00000d74       $unwind$__isa_available_init 0000000180004d74     MSVCRT:cpu_disp.obj
 0002:00001320       .edata                     0000000180005320     PhysXCooking_64.exp
 0002:00001348       rgpv                       0000000180005348     PhysXCooking_64.exp
 0002:0000142c       rgszName                   000000018000542c     PhysXCooking_64.exp
 0002:00001510       rgwOrd                     0000000180005510     PhysXCooking_64.exp
 0002:00001582       szName                     0000000180005582     PhysXCooking_64.exp
 0002:00001596       $N00001                    0000000180005596     PhysXCooking_64.exp
 0002:000015ba       $N00002                    00000001800055ba     PhysXCooking_64.exp
 0002:000015e9       $N00003                    00000001800055e9     PhysXCooking_64.exp
 0002:00001610       $N00004                    0000000180005610     PhysXCooking_64.exp
 0002:00001667       $N00005                    0000000180005667     PhysXCooking_64.exp
 0002:00001692       $N00006                    0000000180005692     PhysXCooking_64.exp
 0002:000016b8       $N00007                    00000001800056b8     PhysXCooking_64.exp
 0002:000016d7       $N00008                    00000001800056d7     PhysXCooking_64.exp
 0002:000016fb       $N00009                    00000001800056fb     PhysXCooking_64.exp
 0002:00001722       $N00010                    0000000180005722     PhysXCooking_64.exp
 0002:0000174b       $N00011                    000000018000574b     PhysXCooking_64.exp
 0002:0000176a       $N00012                    000000018000576a     PhysXCooking_64.exp
 0002:0000179d       $N00013                    000000018000579d     PhysXCooking_64.exp
 0002:000017d3       $N00014                    00000001800057d3     PhysXCooking_64.exp
 0002:0000180b       $N00015                    000000018000580b     PhysXCooking_64.exp
 0002:0000183d       $N00016                    000000018000583d     PhysXCooking_64.exp
 0002:00001869       $N00017                    0000000180005869     PhysXCooking_64.exp
 0002:00001885       $N00018                    0000000180005885     PhysXCooking_64.exp
 0002:000018af       $N00019                    00000001800058af     PhysXCooking_64.exp
 0002:000018eb       $N00020                    00000001800058eb     PhysXCooking_64.exp
 0002:00001926       $N00021                    0000000180005926     PhysXCooking_64.exp
 0002:00001961       $N00022                    0000000180005961     PhysXCooking_64.exp
 0002:00001996       $N00023                    0000000180005996     PhysXCooking_64.exp
 0002:000019d2       $N00024                    00000001800059d2     PhysXCooking_64.exp
 0002:00001a05       $N00025                    0000000180005a05     PhysXCooking_64.exp
 0002:00001a38       $N00026                    0000000180005a38     PhysXCooking_64.exp
 0002:00001a72       $N00027                    0000000180005a72     PhysXCooking_64.exp
 0002:00001aac       $N00028                    0000000180005aac     PhysXCooking_64.exp
 0002:00001ad9       $N00029                    0000000180005ad9     PhysXCooking_64.exp
 0002:00001b0c       $N00030                    0000000180005b0c     PhysXCooking_64.exp
 0002:00001b3a       $N00031                    0000000180005b3a     PhysXCooking_64.exp
 0002:00001b67       $N00032                    0000000180005b67     PhysXCooking_64.exp
 0002:00001ba3       $N00033                    0000000180005ba3     PhysXCooking_64.exp
 0002:00001be0       $N00034                    0000000180005be0     PhysXCooking_64.exp
 0002:00001c10       $N00035                    0000000180005c10     PhysXCooking_64.exp
 0002:00001c2f       $N00036                    0000000180005c2f     PhysXCooking_64.exp
 0002:00001c46       $N00037                    0000000180005c46     PhysXCooking_64.exp
 0002:00001c5c       $N00038                    0000000180005c5c     PhysXCooking_64.exp
 0002:00001c73       $N00039                    0000000180005c73     PhysXCooking_64.exp
 0002:00001c8b       $N00040                    0000000180005c8b     PhysXCooking_64.exp
 0002:00001c95       $N00041                    0000000180005c95     PhysXCooking_64.exp
 0002:00001ca6       $N00042                    0000000180005ca6     PhysXCooking_64.exp
 0002:00001cc1       $N00043                    0000000180005cc1     PhysXCooking_64.exp
 0002:00001cd3       $N00044                    0000000180005cd3     PhysXCooking_64.exp
 0002:00001ce9       $N00045                    0000000180005ce9     PhysXCooking_64.exp
 0002:00001cfc       $N00046                    0000000180005cfc     PhysXCooking_64.exp
 0002:00001d08       $N00047                    0000000180005d08     PhysXCooking_64.exp
 0002:00001d1c       $N00048                    0000000180005d1c     PhysXCooking_64.exp
 0002:00001d2f       $N00049                    0000000180005d2f     PhysXCooking_64.exp
 0002:00001d4c       $N00050                    0000000180005d4c     PhysXCooking_64.exp
 0002:00001d60       $N00051                    0000000180005d60     PhysXCooking_64.exp
 0002:00001d78       $N00052                    0000000180005d78     PhysXCooking_64.exp
 0002:00001d8d       $N00053                    0000000180005d8d     PhysXCooking_64.exp
 0002:00001daa       $N00054                    0000000180005daa     PhysXCooking_64.exp
 0002:00001dcb       $N00055                    0000000180005dcb     PhysXCooking_64.exp
 0002:00001dea       $N00056                    0000000180005dea     PhysXCooking_64.exp
 0002:00001dff       $N00057                    0000000180005dff     PhysXCooking_64.exp
 0002:00001fa8       .idata$6                   0000000180005fa8     kernel32:KERNEL32.dll
 0002:0000201c       .idata$6                   000000018000601c     vcruntime:VCRUNTIME140.dll
 0002:000020e6       .idata$6                   00000001800060e6     ucrt:api-ms-win-crt-heap-l1-1-0.dll
 0002:00002106       .idata$6                   0000000180006106     ucrt:api-ms-win-crt-runtime-l1-1-0.dll
 0003:00000240       ?maxV3Error@vecMathTests@aos@physx@@3T__m128@@B 0000000180007240     Cooking.obj
 0003:00000250       ?minFError@vecMathTests@aos@physx@@3T__m128@@B 0000000180007250     Cooking.obj
 0003:00000260       ?maxV4Error@vecMathTests@aos@physx@@3T__m128@@B 0000000180007260     Cooking.obj
 0003:00000270       ?minV4Error@vecMathTests@aos@physx@@3T__m128@@B 0000000180007270     Cooking.obj
 0003:00000280       ?minV3Error@vecMathTests@aos@physx@@3T__m128@@B 0000000180007280     Cooking.obj
 0003:00000290       ?maxFError@vecMathTests@aos@physx@@3T__m128@@B 0000000180007290     Cooking.obj
 0003:000002a0       ?gCookingDelayLoadHook@@3PEBVPxDelayLoadHook@physx@@EB 00000001800072a0     WindowsCookingDelayLoadHook.obj
 0003:00000300       ?__proc_attached@@3HA      0000000180007300     MSVCRT:dll_dllmain.obj
 0003:00000328       ?is_initialized_as_dll@@3_NA 0000000180007328     MSVCRT:utility.obj
 0003:00000329       ?module_local_atexit_table_initialized@@3_NA 0000000180007329     MSVCRT:utility.obj
 0003:00000330       ?module_local_atexit_table@@3U_onexit_table_t@@A 0000000180007330     MSVCRT:utility.obj
 0003:00000348       ?module_local_at_quick_exit_table@@3U_onexit_table_t@@A 0000000180007348     MSVCRT:utility.obj
 0005:000000a0       $R000000                   00000001800090a0     PhysXCooking.res
 0005:000003d0       $R000330                   00000001800093d0     PhysXCooking.res
