 PhysXCooking_64

 Timestamp is 69f54530 (Fri May  1 20:28:32 2026)

 Preferred load address is 0000000180000000

 Start         Length     Name                   Class
 0001:00000000 00000120H .text$di                CODE
 0001:00000120 00005c20H .text$mn                CODE
 0001:00005d40 00000040H .text$mn$00             CODE
 0001:00005d80 00000110H .text$x                 CODE
 0002:00000000 000001e8H .idata$5                DATA
 0002:000001e8 00000038H .00cfg                  DATA
 0002:00000220 00000008H .CRT$XCA                DATA
 0002:00000228 00000030H .CRT$XCU                DATA
 0002:00000258 00000008H .CRT$XCZ                DATA
 0002:00000260 00000008H .CRT$XIA                DATA
 0002:00000268 00000008H .CRT$XIZ                DATA
 0002:00000270 00000008H .CRT$XPA                DATA
 0002:00000278 00000008H .CRT$XPZ                DATA
 0002:00000280 00000008H .CRT$XTA                DATA
 0002:00000288 00000008H .CRT$XTZ                DATA
 0002:00000290 00000000H .gehcont$y              DATA
 0002:00000290 00000000H .gfids$y                DATA
 0002:00000290 00000d70H .rdata                  DATA
 0002:00001000 00000080H .rdata$CastGuardVftablesA DATA
 0002:00001080 00000080H .rdata$CastGuardVftablesC DATA
 0002:00001100 00000074H .rdata$r                DATA
 0002:00001174 000000ccH .rdata$voltmd           DATA
 0002:00001240 00000428H .rdata$zzzdbg           DATA
 0002:00001668 00000008H .rtc$IAA                DATA
 0002:00001670 00000010H .rtc$IMZ                DATA
 0002:00001680 00000008H .rtc$IZZ                DATA
 0002:00001688 00000008H .rtc$TAA                DATA
 0002:00001690 00000010H .rtc$TMZ                DATA
 0002:000016a0 00000008H .rtc$TZZ                DATA
 0002:000016a8 000007dcH .xdata                  DATA
 0002:00001e84 00000040H .didat$2                DATA
 0002:00001ec4 00000024H .didat$3                DATA
 0002:00001ee8 000000d8H .didat$4                DATA
 0002:00001fc0 000002a0H .didat$6                DATA
 0002:00002260 000001f0H .didat$7                DATA
 0002:00002450 00000af8H .edata                  DATA
 0002:00002f48 0000003cH .idata$2                DATA
 0002:00002f84 00000014H .idata$3                DATA
 0002:00002f98 000001e8H .idata$4                DATA
 0002:00003180 000004a0H .idata$6                DATA
 0003:00000000 000000d8H .data                   DATA
 0003:000000d8 00000090H .data$r                 DATA
 0003:00000168 00000020H .data$rs                DATA
 0003:00000188 000000d8H .didat$5                DATA
 0003:00000260 00000160H .bss                    DATA
 0004:00000000 0000090cH .pdata                  DATA
 0005:00000000 000000a0H .rsrc$01                DATA
 0005:000000a0 000004b0H .rsrc$02                DATA

  Address         Publics by Value              Rva+Base               Lib:Object

 0000:00000000       __AbsoluteZero             0000000000000000     <absolute>
 0000:00000000       ___safe_se_handler_count   0000000000000000     <absolute>
 0000:00000000       ___safe_se_handler_table   0000000000000000     <absolute>
 0000:00000000       __arm64x_extra_rfe_table   0000000000000000     <absolute>
 0000:00000000       __arm64x_extra_rfe_table_size 0000000000000000     <absolute>
 0000:00000000       __arm64x_native_entrypoint 0000000000000000     <absolute>
 0000:00000000       __arm64x_redirection_metadata 0000000000000000     <absolute>
 0000:00000000       __arm64x_redirection_metadata_count 0000000000000000     <absolute>
 0000:00000000       __dynamic_value_reloc_table 0000000000000000     <absolute>
 0000:00000000       __enclave_config           0000000000000000     <absolute>
 0000:00000000       __guard_check_icall_a64n_fptr 0000000000000000     <absolute>
 0000:00000000       __guard_eh_cont_count      0000000000000000     <absolute>
 0000:00000000       __guard_eh_cont_table      0000000000000000     <absolute>
 0000:00000000       __guard_fids_count         0000000000000000     <absolute>
 0000:00000000       __guard_fids_table         0000000000000000     <absolute>
 0000:00000000       __guard_iat_count          0000000000000000     <absolute>
 0000:00000000       __guard_iat_table          0000000000000000     <absolute>
 0000:00000000       __guard_longjmp_count      0000000000000000     <absolute>
 0000:00000000       __guard_longjmp_table      0000000000000000     <absolute>
 0000:00000000       __hybrid_auxiliary_delayload_iat 0000000000000000     <absolute>
 0000:00000000       __hybrid_auxiliary_delayload_iat_copy 0000000000000000     <absolute>
 0000:00000000       __hybrid_auxiliary_iat     0000000000000000     <absolute>
 0000:00000000       __hybrid_auxiliary_iat_copy 0000000000000000     <absolute>
 0000:00000000       __hybrid_code_map          0000000000000000     <absolute>
 0000:00000000       __hybrid_code_map_count    0000000000000000     <absolute>
 0000:00000000       __hybrid_image_info_bitfield 0000000000000000     <absolute>
 0000:00000000       __x64_code_ranges_to_entry_points 0000000000000000     <absolute>
 0000:00000000       __x64_code_ranges_to_entry_points_count 0000000000000000     <absolute>
 0000:00000100       __guard_flags              0000000000000100     <absolute>
 0000:00000000       __ImageBase                0000000180000000     <linker-defined>
 0001:00000120       PxGetStandaloneInsertionCallback 0000000180001120 f   Cooking.obj
 0001:00000140       PxCookBVH                  0000000180001140 f   Cooking.obj
 0001:00000170       PxCreateBVH                0000000180001170 f   Cooking.obj
 0001:000001a0       PxCookHeightField          00000001800011a0 f   Cooking.obj
 0001:000001d0       PxCreateHeightField        00000001800011d0 f   Cooking.obj
 0001:00000200       PxCookConvexMesh           0000000180001200 f   Cooking.obj
 0001:00000240       PxCreateConvexMesh         0000000180001240 f   Cooking.obj
 0001:00000280       PxValidateConvexMesh       0000000180001280 f   Cooking.obj
 0001:000002b0       PxComputeHullPolygons      00000001800012b0 f   Cooking.obj
 0001:00000330       PxValidateTriangleMesh     0000000180001330 f   Cooking.obj
 0001:00000360       PxCookTriangleMesh         0000000180001360 f   Cooking.obj
 0001:000003a0       PxCreateTriangleMesh       00000001800013a0 f   Cooking.obj
 0001:000003e0       PxCookTetrahedronMesh      00000001800013e0 f   Cooking.obj
 0001:00000420       PxCreateTetrahedronMesh    0000000180001420 f   Cooking.obj
 0001:00000460       PxCookDeformableVolumeMesh 0000000180001460 f   Cooking.obj
 0001:000004b0       PxCreateDeformableVolumeMesh 00000001800014b0 f   Cooking.obj
 0001:00000500       PxComputeModelsMapping     0000000180001500 f   Cooking.obj
 0001:00000550       PxComputeCollisionData     0000000180001550 f   Cooking.obj
 0001:00000580       PxComputeSimulationData    0000000180001580 f   Cooking.obj
 0001:000005b0       PxAssembleDeformableVolumeMesh 00000001800015b0 f   Cooking.obj
 0001:00000600       PxCreateTriangleMeshInternal 0000000180001600 f   Cooking.obj
 0001:000006a0       PxCreateBVHInternal        00000001800016a0 f   Cooking.obj
 0001:00000740       ??$?4V?$PxReflectionAllocator@USlab@NodeAllocator@Gu@physx@@@physx@@@?$PxArray@USlab@NodeAllocator@Gu@physx@@V?$PxReflectionAllocator@USlab@NodeAllocator@Gu@physx@@@4@@physx@@QEAAAEAV01@AEBV01@@Z 0000000180001740 f i Cooking.obj
 0001:000007d0       ??$PX_UNUSED@PEAI@@YAXAEBQEAI@Z 00000001800017d0 f i Cooking.obj
 0001:000007e0       ??$copy@V?$PxReflectionAllocator@USlab@NodeAllocator@Gu@physx@@@physx@@@?$PxArray@USlab@NodeAllocator@Gu@physx@@V?$PxReflectionAllocator@USlab@NodeAllocator@Gu@physx@@@4@@physx@@IEAAXAEBV01@@Z 00000001800017e0 f i Cooking.obj
 0001:000008a0       ??0?$PxArray@USlab@NodeAllocator@Gu@physx@@V?$PxReflectionAllocator@USlab@NodeAllocator@Gu@physx@@@4@@physx@@QEAA@AEBV01@AEBV?$PxReflectionAllocator@USlab@NodeAllocator@Gu@physx@@@1@@Z 00000001800018a0 f i Cooking.obj
 0001:000008e0       ??0?$PxReflectionAllocator@USlab@NodeAllocator@Gu@physx@@@physx@@QEAA@AEBV01@@Z 00000001800018e0 f i Cooking.obj
 0001:000008f0       ??0?$PxReflectionAllocator@USlab@NodeAllocator@Gu@physx@@@physx@@QEAA@PEBD@Z 00000001800018f0 f i Cooking.obj
 0001:00000900       ??0?$PxReflectionAllocator@VBV4TriangleMesh@Gu@physx@@@physx@@QEAA@PEBD@Z 0000000180001900 f i Cooking.obj
 0001:00000910       ??0?$PxReflectionAllocator@VBVH@Gu@physx@@@physx@@QEAA@PEBD@Z 0000000180001910 f i Cooking.obj
 0001:00000920       ??0?$PxVec3T@M@physx@@QEAA@XZ 0000000180001920 f i Cooking.obj
 0001:00000930       ??0AABBTreeBounds@Gu@physx@@QEAA@XZ 0000000180001930 f i Cooking.obj
 0001:00000960       ??0AABBTreeBuildNode@Gu@physx@@QEAA@AEBV012@@Z 0000000180001960 f i Cooking.obj
 0001:000009c0       ??0AABBTreeBuildNode@Gu@physx@@QEAA@XZ 00000001800019c0 f i Cooking.obj
 0001:000009f0       ??0AABBTreeBuildParams@Gu@physx@@QEAA@IIPEBVAABBTreeBounds@12@W4BVHBuildStrategy@12@@Z 00000001800019f0 f i Cooking.obj
 0001:00000a50       ??0NodeAllocator@Gu@physx@@QEAA@AEBV012@@Z 0000000180001a50 f i Cooking.obj
 0001:00000ad0       ??0PxAllocator@physx@@QEAA@PEBD@Z 0000000180001ad0 f i Cooking.obj
 0001:00000ae0       ??0PxBounds3@physx@@QEAA@AEBV01@@Z 0000000180001ae0 f i Cooking.obj
 0001:00000b50       ??0PxBounds3@physx@@QEAA@XZ 0000000180001b50 f i Cooking.obj
 0001:00000b90       ??0PxFoundation@physx@@QEAA@AEBV01@@Z 0000000180001b90 f i Cooking.obj
 0001:00000bb0       ??0PxFoundation@physx@@QEAA@XZ 0000000180001bb0 f i Cooking.obj
 0001:00000bd0       ??1AABBTreeBounds@Gu@physx@@QEAA@XZ 0000000180001bd0 f i Cooking.obj
 0001:00000bf0       ??1AABBTreeBuildNode@Gu@physx@@QEAA@XZ 0000000180001bf0 f i Cooking.obj
 0001:00000c00       ??1AABBTreeBuildParams@Gu@physx@@QEAA@XZ 0000000180001c00 f i Cooking.obj
 0001:00000c20       ??1PxFoundation@physx@@MEAA@XZ 0000000180001c20 f i Cooking.obj
 0001:00000c40       ??2@YAPEAX_KPEAX@Z         0000000180001c40 f i Cooking.obj
 0001:00000c50       ??2PxUserAllocated@physx@@SAPEAX_KPEAX@Z 0000000180001c50 f i Cooking.obj
 0001:00000c60       ??4?$PxArray@USlab@NodeAllocator@Gu@physx@@V?$PxReflectionAllocator@USlab@NodeAllocator@Gu@physx@@@4@@physx@@QEAAAEAV01@AEBV01@@Z 0000000180001c60 f i Cooking.obj
 0001:00000c90       ??4?$PxVec3T@M@physx@@QEAAAEAV01@AEBV01@@Z 0000000180001c90 f i Cooking.obj
 0001:00000ce0       ??4AABBTreeBounds@Gu@physx@@QEAAAEAV012@AEBV012@@Z 0000000180001ce0 f i Cooking.obj
 0001:00000d10       ??4AABBTreeBuildNode@Gu@physx@@QEAAAEAV012@AEBV012@@Z 0000000180001d10 f i Cooking.obj
 0001:00000d70       ??4AABBTreeBuildParams@Gu@physx@@QEAAAEAV012@AEBV012@@Z 0000000180001d70 f i Cooking.obj
 0001:00000da0       ??4NodeAllocator@Gu@physx@@QEAAAEAV012@AEBV012@@Z 0000000180001da0 f i Cooking.obj
 0001:00000e10       ??4PxBounds3@physx@@QEAAXAEBV01@@Z 0000000180001e10 f i Cooking.obj
 0001:00000e50       ??4PxFoundation@physx@@QEAAAEAV01@AEBV01@@Z 0000000180001e50 f i Cooking.obj
 0001:00000e60       ??_EPxFoundation@physx@@MEAAPEAXI@Z 0000000180001e60 f i Cooking.obj
 0001:00000f00       ??_FAABBTreeBuildParams@Gu@physx@@QEAAXXZ 0000000180001f00 f i Cooking.obj
 0001:00000f30       ??_GPxFoundation@physx@@MEAAPEAXI@Z 0000000180001f30 f i Cooking.obj
 0001:00000f70       ??_H@YAXPEAX_K1P6APEAX0@Z@Z 0000000180001f70 f i Cooking.obj
 0001:00000ff0       ??_I@YAXPEAX_K1P6AX0@Z@Z   0000000180001ff0 f i Cooking.obj
 0001:00001090       ?FLoad@aos@physx@@YA?AT__m128@@M@Z 0000000180002090 f i Cooking.obj
 0001:000010c0       ?PxMarkSerializedMemory@physx@@YAXPEAXI@Z 00000001800020c0 f i Cooking.obj
 0001:000010f0       ?PxMemSet@physx@@YAPEAXPEAXHI@Z 00000001800020f0 f i Cooking.obj
 0001:00001140       ?V3Load@aos@physx@@YA?AT__m128@@M@Z 0000000180002140 f i Cooking.obj
 0001:00001180       ?V4Load@aos@physx@@YA?AT__m128@@M@Z 0000000180002180 f i Cooking.obj
 0001:000011b0       ?__empty_global_delete@@YAXPEAX@Z 00000001800021b0 f i Cooking.obj
 0001:000011c0       ?__empty_global_delete@@YAXPEAX_K@Z 00000001800021c0 f i Cooking.obj
 0001:000011d0       ?__global_array_delete@@YAXPEAX@Z 00000001800021d0 f i Cooking.obj
 0001:000011f0       ?__global_array_delete@@YAXPEAX_K@Z 00000001800021f0 f i Cooking.obj
 0001:00001220       ?__global_delete@@YAXPEAX@Z 0000000180002220 f i Cooking.obj
 0001:00001240       ?__global_delete@@YAXPEAX_K@Z 0000000180002240 f i Cooking.obj
 0001:00001270       ?allocate@?$PxArray@USlab@NodeAllocator@Gu@physx@@V?$PxReflectionAllocator@USlab@NodeAllocator@Gu@physx@@@4@@physx@@IEAAPEAUSlab@NodeAllocator@Gu@2@IPEAI@Z 0000000180002270 f i Cooking.obj
 0001:000012e0       ?allocate@?$PxReflectionAllocator@USlab@NodeAllocator@Gu@physx@@@physx@@SAPEAX_KPEBDHPEAI@Z 00000001800022e0 f i Cooking.obj
 0001:00001360       ?allocate@?$PxReflectionAllocator@VBV4TriangleMesh@Gu@physx@@@physx@@SAPEAX_KPEBDHPEAI@Z 0000000180002360 f i Cooking.obj
 0001:000013e0       ?allocate@?$PxReflectionAllocator@VBVH@Gu@physx@@@physx@@SAPEAX_KPEBDHPEAI@Z 00000001800023e0 f i Cooking.obj
 0001:00001460       ?begin@?$PxArray@USlab@NodeAllocator@Gu@physx@@V?$PxReflectionAllocator@USlab@NodeAllocator@Gu@physx@@@4@@physx@@QEBAPEBUSlab@NodeAllocator@Gu@2@XZ 0000000180002460 f i Cooking.obj
 0001:00001470       ?capacity@?$PxArray@USlab@NodeAllocator@Gu@physx@@V?$PxReflectionAllocator@USlab@NodeAllocator@Gu@physx@@@4@@physx@@QEBAIXZ 0000000180002470 f i Cooking.obj
 0001:00001490       ?clear@?$PxArray@USlab@NodeAllocator@Gu@physx@@V?$PxReflectionAllocator@USlab@NodeAllocator@Gu@physx@@@4@@physx@@QEAAXXZ 0000000180002490 f i Cooking.obj
 0001:000014d0       ?copy@?$PxArray@USlab@NodeAllocator@Gu@physx@@V?$PxReflectionAllocator@USlab@NodeAllocator@Gu@physx@@@4@@physx@@KAXPEAUSlab@NodeAllocator@Gu@2@0PEBU3452@@Z 00000001800024d0 f i Cooking.obj
 0001:00001550       ?deallocate@?$PxArray@USlab@NodeAllocator@Gu@physx@@V?$PxReflectionAllocator@USlab@NodeAllocator@Gu@physx@@@4@@physx@@IEAAXPEAXPEAI@Z 0000000180002550 f i Cooking.obj
 0001:00001580       ?deallocate@?$PxReflectionAllocator@USlab@NodeAllocator@Gu@physx@@@physx@@SAXPEAXPEAI@Z 0000000180002580 f i Cooking.obj
 0001:000015d0       ?deallocate@PxAllocator@physx@@SAXPEAXPEAI@Z 00000001800025d0 f i Cooking.obj
 0001:00001620       ?destroy@?$PxArray@USlab@NodeAllocator@Gu@physx@@V?$PxReflectionAllocator@USlab@NodeAllocator@Gu@physx@@@4@@physx@@KAXPEAUSlab@NodeAllocator@Gu@2@0@Z 0000000180002620 f i Cooking.obj
 0001:00001650       ?empty@?$PxArray@USlab@NodeAllocator@Gu@physx@@V?$PxReflectionAllocator@USlab@NodeAllocator@Gu@physx@@@4@@physx@@QEBA_NXZ 0000000180002650 f i Cooking.obj
 0001:00001680       ?getAABB@AABBTreeBuildNode@Gu@physx@@QEBAAEBVPxBounds3@3@XZ 0000000180002680 f i Cooking.obj
 0001:00001690       ?getBounds@AABBTreeBounds@Gu@physx@@QEAAPEAVPxBounds3@3@XZ 0000000180002690 f i Cooking.obj
 0001:000016a0       ?getBounds@AABBTreeBounds@Gu@physx@@QEBAPEBVPxBounds3@3@XZ 00000001800026a0 f i Cooking.obj
 0001:000016b0       ?getName@?$PxReflectionAllocator@USlab@NodeAllocator@Gu@physx@@@physx@@CAPEBD_N@Z 00000001800026b0 f i Cooking.obj
 0001:000016e0       ?getName@?$PxReflectionAllocator@VBV4TriangleMesh@Gu@physx@@@physx@@CAPEBD_N@Z 00000001800026e0 f i Cooking.obj
 0001:00001710       ?getName@?$PxReflectionAllocator@VBVH@Gu@physx@@@physx@@CAPEBD_N@Z 0000000180002710 f i Cooking.obj
 0001:00001740       ?getNbPrimitives@AABBTreeBuildNode@Gu@physx@@QEBAIXZ 0000000180002740 f i Cooking.obj
 0001:00001750       ?getNbRuntimePrimitives@AABBTreeBuildNode@Gu@physx@@QEBAIXZ 0000000180002750 f i Cooking.obj
 0001:00001760       ?getNeg@AABBTreeBuildNode@Gu@physx@@QEBAPEBV123@XZ 0000000180002760 f i Cooking.obj
 0001:000017a0       ?getPos@AABBTreeBuildNode@Gu@physx@@QEBAPEBV123@XZ 00000001800027a0 f i Cooking.obj
 0001:000017b0       ?getPrimitives@AABBTreeBuildNode@Gu@physx@@QEAAPEAIPEAI@Z 00000001800027b0 f i Cooking.obj
 0001:000017d0       ?getPrimitives@AABBTreeBuildNode@Gu@physx@@QEBAPEBIPEBI@Z 00000001800027d0 f i Cooking.obj
 0001:000017f0       ?grow@?$PxArray@USlab@NodeAllocator@Gu@physx@@V?$PxReflectionAllocator@USlab@NodeAllocator@Gu@physx@@@4@@physx@@IEAAXI@Z 00000001800027f0 f i Cooking.obj
 0001:00001850       ?isInUserMemory@?$PxArray@USlab@NodeAllocator@Gu@physx@@V?$PxReflectionAllocator@USlab@NodeAllocator@Gu@physx@@@4@@physx@@QEBAIXZ 0000000180002850 f i Cooking.obj
 0001:00001870       ?isLeaf@AABBTreeBuildNode@Gu@physx@@QEBA_NXZ 0000000180002870 f i Cooking.obj
 0001:000018b0       ?memSet@intrinsics@physx@@YAPEAXPEAXH_K@Z 00000001800028b0 f i Cooking.obj
 0001:000018e0       ?moveFrom@AABBTreeBounds@Gu@physx@@QEAAXAEAV123@@Z 00000001800028e0 f i Cooking.obj
 0001:00001910       ?name@type_info@@QEBAPEBDXZ 0000000180002910 f i Cooking.obj
 0001:00001940       ?ownsMemory@AABBTreeBounds@Gu@physx@@QEBA_NXZ 0000000180002940 f i Cooking.obj
 0001:00001970       ?recreate@?$PxArray@USlab@NodeAllocator@Gu@physx@@V?$PxReflectionAllocator@USlab@NodeAllocator@Gu@physx@@@4@@physx@@IEAAXI@Z 0000000180002970 f i Cooking.obj
 0001:00001a80       ?reserve@?$PxArray@USlab@NodeAllocator@Gu@physx@@V?$PxReflectionAllocator@USlab@NodeAllocator@Gu@physx@@@4@@physx@@QEAAXI@Z 0000000180002a80 f i Cooking.obj
 0001:00001ac0       ?reset@AABBTreeBuildParams@Gu@physx@@QEAAXXZ 0000000180002ac0 f i Cooking.obj
 0001:00001b30       ?setBounds@AABBTreeBounds@Gu@physx@@QEAAXPEAVPxBounds3@3@@Z 0000000180002b30 f i Cooking.obj
 0001:00001b60       ?setNbRunTimePrimitives@AABBTreeBuildNode@Gu@physx@@QEAAXI@Z 0000000180002b60 f i Cooking.obj
 0001:00001b80       ?size@?$PxArray@USlab@NodeAllocator@Gu@physx@@V?$PxReflectionAllocator@USlab@NodeAllocator@Gu@physx@@@4@@physx@@QEBAIXZ 0000000180002b80 f i Cooking.obj
 0001:00001b90       ?takeOwnership@AABBTreeBounds@Gu@physx@@QEAAXXZ 0000000180002b90 f i Cooking.obj
 0001:00001bb0       PxSetPhysXCookingDelayLoadHook 0000000180002bb0 f   WindowsCookingDelayLoadHook.obj
 0001:00001bd0       ?cookingDelayHook@@YAP6A_JXZIPEAUDelayLoadInfo@@@Z 0000000180002bd0 f   WindowsCookingDelayLoadHook.obj
 0001:00001c50       ?loadLibrary@Cm@physx@@YAPEAUHINSTANCE__@@PEBD@Z 0000000180002c50 f i WindowsCookingDelayLoadHook.obj
 0001:00001c70       ?physXCommonDliNotePreLoadLibrary@Cm@physx@@YAP6A_JXZPEBDPEBVPxDelayLoadHook@2@@Z 0000000180002c70 f i WindowsCookingDelayLoadHook.obj
 0001:00001cfb       getInsertionCallback       0000000180002cfb f   PhysXCommon_64:PhysXCommon_64.dll
 0001:00001d01       __tailMerge_physxcommon_64_dll 0000000180002d01     PhysXCommon_64:PhysXCommon_64.dll
 0001:00001d7a       __imp_load_getInsertionCallback 0000000180002d7a f   PhysXCommon_64:PhysXCommon_64.dll
 0001:00001d86       cookBVH                    0000000180002d86 f   PhysXCommon_64:PhysXCommon_64.dll
 0001:00001d8c       __imp_load_cookBVH         0000000180002d8c f   PhysXCommon_64:PhysXCommon_64.dll
 0001:00001d98       createBVH                  0000000180002d98 f   PhysXCommon_64:PhysXCommon_64.dll
 0001:00001d9e       __imp_load_createBVH       0000000180002d9e f   PhysXCommon_64:PhysXCommon_64.dll
 0001:00001daa       cookHeightField            0000000180002daa f   PhysXCommon_64:PhysXCommon_64.dll
 0001:00001db0       __imp_load_cookHeightField 0000000180002db0 f   PhysXCommon_64:PhysXCommon_64.dll
 0001:00001dbc       createHeightField          0000000180002dbc f   PhysXCommon_64:PhysXCommon_64.dll
 0001:00001dc2       __imp_load_createHeightField 0000000180002dc2 f   PhysXCommon_64:PhysXCommon_64.dll
 0001:00001dce       cookConvexMesh             0000000180002dce f   PhysXCommon_64:PhysXCommon_64.dll
 0001:00001dd4       __imp_load_cookConvexMesh  0000000180002dd4 f   PhysXCommon_64:PhysXCommon_64.dll
 0001:00001de0       createConvexMesh           0000000180002de0 f   PhysXCommon_64:PhysXCommon_64.dll
 0001:00001de6       __imp_load_createConvexMesh 0000000180002de6 f   PhysXCommon_64:PhysXCommon_64.dll
 0001:00001df2       validateConvexMesh         0000000180002df2 f   PhysXCommon_64:PhysXCommon_64.dll
 0001:00001df8       __imp_load_validateConvexMesh 0000000180002df8 f   PhysXCommon_64:PhysXCommon_64.dll
 0001:00001e04       computeHullPolygons        0000000180002e04 f   PhysXCommon_64:PhysXCommon_64.dll
 0001:00001e0a       __imp_load_computeHullPolygons 0000000180002e0a f   PhysXCommon_64:PhysXCommon_64.dll
 0001:00001e16       validateTriangleMesh       0000000180002e16 f   PhysXCommon_64:PhysXCommon_64.dll
 0001:00001e1c       __imp_load_validateTriangleMesh 0000000180002e1c f   PhysXCommon_64:PhysXCommon_64.dll
 0001:00001e28       createTriangleMesh         0000000180002e28 f   PhysXCommon_64:PhysXCommon_64.dll
 0001:00001e2e       __imp_load_createTriangleMesh 0000000180002e2e f   PhysXCommon_64:PhysXCommon_64.dll
 0001:00001e3a       cookTriangleMesh           0000000180002e3a f   PhysXCommon_64:PhysXCommon_64.dll
 0001:00001e40       __imp_load_cookTriangleMesh 0000000180002e40 f   PhysXCommon_64:PhysXCommon_64.dll
 0001:00001e4c       cookTetrahedronMesh        0000000180002e4c f   PhysXCommon_64:PhysXCommon_64.dll
 0001:00001e52       __imp_load_cookTetrahedronMesh 0000000180002e52 f   PhysXCommon_64:PhysXCommon_64.dll
 0001:00001e5e       createTetrahedronMesh      0000000180002e5e f   PhysXCommon_64:PhysXCommon_64.dll
 0001:00001e64       __imp_load_createTetrahedronMesh 0000000180002e64 f   PhysXCommon_64:PhysXCommon_64.dll
 0001:00001e70       cookDeformableVolumeMesh   0000000180002e70 f   PhysXCommon_64:PhysXCommon_64.dll
 0001:00001e76       __imp_load_cookDeformableVolumeMesh 0000000180002e76 f   PhysXCommon_64:PhysXCommon_64.dll
 0001:00001e82       createDeformableVolumeMesh 0000000180002e82 f   PhysXCommon_64:PhysXCommon_64.dll
 0001:00001e88       __imp_load_createDeformableVolumeMesh 0000000180002e88 f   PhysXCommon_64:PhysXCommon_64.dll
 0001:00001e94       computeModelsMapping       0000000180002e94 f   PhysXCommon_64:PhysXCommon_64.dll
 0001:00001e9a       __imp_load_computeModelsMapping 0000000180002e9a f   PhysXCommon_64:PhysXCommon_64.dll
 0001:00001ea6       computeCollisionData       0000000180002ea6 f   PhysXCommon_64:PhysXCommon_64.dll
 0001:00001eac       __imp_load_computeCollisionData 0000000180002eac f   PhysXCommon_64:PhysXCommon_64.dll
 0001:00001eb8       computeSimulationData      0000000180002eb8 f   PhysXCommon_64:PhysXCommon_64.dll
 0001:00001ebe       __imp_load_computeSimulationData 0000000180002ebe f   PhysXCommon_64:PhysXCommon_64.dll
 0001:00001eca       assembleDeformableVolumeMesh 0000000180002eca f   PhysXCommon_64:PhysXCommon_64.dll
 0001:00001ed0       __imp_load_assembleDeformableVolumeMesh 0000000180002ed0 f   PhysXCommon_64:PhysXCommon_64.dll
 0001:00001edc       ?release@AABBTreeBounds@Gu@physx@@QEAAXXZ 0000000180002edc f   PhysXCommon_64:PhysXCommon_64.dll
 0001:00001ee2       __imp_load_?release@AABBTreeBounds@Gu@physx@@QEAAXXZ 0000000180002ee2 f   PhysXCommon_64:PhysXCommon_64.dll
 0001:00001eee       ??0BVH@Gu@physx@@QEAA@AEBUPxBVHInternalData@2@@Z 0000000180002eee f   PhysXCommon_64:PhysXCommon_64.dll
 0001:00001ef4       __imp_load_??0BVH@Gu@physx@@QEAA@AEBUPxBVHInternalData@2@@Z 0000000180002ef4 f   PhysXCommon_64:PhysXCommon_64.dll
 0001:00001f00       ??0BV4TriangleMesh@Gu@physx@@QEAA@AEBUPxTriangleMeshInternalData@2@@Z 0000000180002f00 f   PhysXCommon_64:PhysXCommon_64.dll
 0001:00001f06       __imp_load_??0BV4TriangleMesh@Gu@physx@@QEAA@AEBUPxTriangleMeshInternalData@2@@Z 0000000180002f06 f   PhysXCommon_64:PhysXCommon_64.dll
 0001:00001f12       ?PxAssert@physx@@YAXPEBD0HAEA_N@Z 0000000180002f12 f   PhysXFoundation_64:PhysXFoundation_64.dll
 0001:00001f18       __tailMerge_physxfoundation_64_dll 0000000180002f18     PhysXFoundation_64:PhysXFoundation_64.dll
 0001:00001f91       __imp_load_?PxAssert@physx@@YAXPEBD0HAEA_N@Z 0000000180002f91 f   PhysXFoundation_64:PhysXFoundation_64.dll
 0001:00001f9d       PxGetBroadcastAllocator    0000000180002f9d f   PhysXFoundation_64:PhysXFoundation_64.dll
 0001:00001fa3       __imp_load_PxGetBroadcastAllocator 0000000180002fa3 f   PhysXFoundation_64:PhysXFoundation_64.dll
 0001:00001faf       LoadLibraryA               0000000180002faf f   kernel32:KERNEL32.dll
 0001:000021c0       ??$PFromRva@PEAP6A_JXZ@@YAPEAP6A_JXZK@Z 00000001800031c0 f i Delayimp:delayhlp.obj
 0001:000021d0       ??$PFromRva@PEAPEAUHINSTANCE__@@@@YAPEAPEAUHINSTANCE__@@K@Z 00000001800031d0 f i Delayimp:delayhlp.obj
 0001:000021e0       ??$PFromRva@PEAU_IMAGE_IMPORT_BY_NAME@@@@YAPEAU_IMAGE_IMPORT_BY_NAME@@K@Z 00000001800031e0 f i Delayimp:delayhlp.obj
 0001:000021f0       ??$PFromRva@PEAU_IMAGE_THUNK_DATA64@@@@YAPEAU_IMAGE_THUNK_DATA64@@K@Z 00000001800031f0 f i Delayimp:delayhlp.obj
 0001:00002200       ??$PFromRva@PEBD@@YAPEBDK@Z 0000000180003200 f i Delayimp:delayhlp.obj
 0001:00002210       ??$PFromRva@PEBUImgDelayDescr@@@@YAPEBUImgDelayDescr@@K@Z 0000000180003210 f i Delayimp:delayhlp.obj
 0001:00002220       ??$PFromRva@PEBU_IMAGE_THUNK_DATA64@@@@YAPEBU_IMAGE_THUNK_DATA64@@K@Z 0000000180003220 f i Delayimp:delayhlp.obj
 0001:0000229c       ?CountOfImports@@YAIPEBU_IMAGE_THUNK_DATA64@@@Z 000000018000329c f i Delayimp:delayhlp.obj
 0001:000022b0       ?DloadAcquireSectionWriteAccess@@YAXXZ 00000001800032b0 f i Delayimp:delayhlp.obj
 0001:0000236c       ?DloadGetSRWLockFunctionPointers@@YAEXZ 000000018000336c f i Delayimp:delayhlp.obj
 0001:0000240c       ?DloadLock@@YAXXZ          000000018000340c f i Delayimp:delayhlp.obj
 0001:00002454       ?DloadMakePermanentImageCommit@@YAXPEAX_K@Z 0000000180003454 f i Delayimp:delayhlp.obj
 0001:000024ec       ?DloadObtainSection@@YAPEAXPEAK0@Z 00000001800034ec f i Delayimp:delayhlp.obj
 0001:00002588       ?DloadProtectSection@@YAXPEAX_KKPEAK@Z 0000000180003588 f i Delayimp:delayhlp.obj
 0001:00002680       ?DloadReleaseSectionWriteAccess@@YAXXZ 0000000180003680 f i Delayimp:delayhlp.obj
 0001:0000272c       ?DloadUnlock@@YAXXZ        000000018000372c f i Delayimp:delayhlp.obj
 0001:0000276c       ?IndexFromPImgThunkData@@YAIPEBU_IMAGE_THUNK_DATA64@@0@Z 000000018000376c f i Delayimp:delayhlp.obj
 0001:00002778       ?IsBufferInBounds@@YAEPEAX_K01@Z 0000000180003778 f i Delayimp:delayhlp.obj
 0001:000028a0       HRESULT_FROM_WIN32         00000001800038a0 f i Delayimp:delayhlp.obj
 0001:000028b0       ReadAcquire64              00000001800038b0 f i Delayimp:delayhlp.obj
 0001:000028b4       ReadPointerAcquire         00000001800038b4 f i Delayimp:delayhlp.obj
 0001:000028b8       WritePointerRelease        00000001800038b8 f i Delayimp:delayhlp.obj
 0001:000028bc       WriteRelease64             00000001800038bc f i Delayimp:delayhlp.obj
 0001:000028c0       __FUnloadDelayLoadedDLL2   00000001800038c0 f   Delayimp:delayhlp.obj
 0001:00002978       __HrLoadAllImportsForDll   0000000180003978 f   Delayimp:delayhlp.obj
 0001:000029ec       __delayLoadHelper2         00000001800039ec f   Delayimp:delayhlp.obj
 0001:00002cf0       ??3@YAXPEAX@Z              0000000180003cf0 f   MSVCRTD:delete_scalar.obj
 0001:00002d10       ??3@YAXPEAX_K@Z            0000000180003d10 f   MSVCRTD:delete_scalar_size.obj
 0001:00002d30       ??_V@YAXPEAX@Z             0000000180003d30 f   MSVCRTD:delete_array.obj
 0001:00002d50       ??_V@YAXPEAX_K@Z           0000000180003d50 f   MSVCRTD:delete_array_size.obj
 0001:00002d70       _CRT_RTC_INIT              0000000180003d70 f   MSVCRTD:init.obj
 0001:00002d80       _CRT_RTC_INITW             0000000180003d80 f   MSVCRTD:init.obj
 0001:00002d90       _RTC_InitBase              0000000180003d90 f   MSVCRTD:init.obj
 0001:00002dd0       _RTC_Shutdown              0000000180003dd0 f   MSVCRTD:init.obj
 0001:00002e00       ??1type_info@@UEAA@XZ      0000000180003e00 f   MSVCRTD:std_type_info_static.obj
 0001:00002e20       ??_Etype_info@@UEAAPEAXI@Z 0000000180003e20 f i MSVCRTD:std_type_info_static.obj
 0001:00002e20       ??_Gtype_info@@UEAAPEAXI@Z 0000000180003e20 f i MSVCRTD:std_type_info_static.obj
 0001:00002e60       ?__scrt_initialize_type_info@@YAXXZ 0000000180003e60 f   MSVCRTD:tncleanup.obj
 0001:00002e80       ?__scrt_uninitialize_type_info@@YAXXZ 0000000180003e80 f   MSVCRTD:tncleanup.obj
 0001:000032b0       _CRT_INIT                  00000001800042b0 f   MSVCRTD:dll_dllmain.obj
 0001:000032e0       _DllMainCRTStartup         00000001800042e0 f   MSVCRTD:dll_dllmain.obj
 0001:00003320       _guard_check_icall_nop     0000000180004320 f i MSVCRTD:guard_support.obj
 0001:00003330       ReadNoFence64              0000000180004330 f i MSVCRTD:guard_support.obj
 0001:00003350       ReadPointerNoFence         0000000180004350 f i MSVCRTD:guard_support.obj
 0001:00003370       __castguard_check_failure_debugbreak 0000000180004370 f i MSVCRTD:guard_support.obj
 0001:00003390       __castguard_check_failure_fastfail 0000000180004390 f i MSVCRTD:guard_support.obj
 0001:000033c0       __castguard_check_failure_nop 00000001800043c0 f i MSVCRTD:guard_support.obj
 0001:000033d0       __castguard_check_failure_os_handled 00000001800043d0 f i MSVCRTD:guard_support.obj
 0001:00003440       __castguard_check_failure_user_handled 0000000180004440 f i MSVCRTD:guard_support.obj
 0001:00003530       __castguard_set_user_handler 0000000180004530 f i MSVCRTD:guard_support.obj
 0001:00003560       __castguard_slow_path_check_debugbreak 0000000180004560 f i MSVCRTD:guard_support.obj
 0001:000035a0       __castguard_slow_path_check_fastfail 00000001800045a0 f i MSVCRTD:guard_support.obj
 0001:000035f0       __castguard_slow_path_check_nop 00000001800045f0 f i MSVCRTD:guard_support.obj
 0001:00003600       __castguard_slow_path_check_os_handled 0000000180004600 f i MSVCRTD:guard_support.obj
 0001:00003650       __castguard_slow_path_check_user_handled 0000000180004650 f i MSVCRTD:guard_support.obj
 0001:00003710       _guard_icall_checks_enforced 0000000180004710 f i MSVCRTD:guard_support.obj
 0001:00003750       _guard_rf_checks_enforced  0000000180004750 f i MSVCRTD:guard_support.obj
 0001:00003760       ?_RTC_GetErrorFunc@@YAP6AHHPEBDH00ZZPEBX@Z 0000000180004760 f   MSVCRTD:userapi.obj
 0001:00003770       ?_RTC_GetErrorFuncW@@YAP6AHHPEB_WH00ZZPEBX@Z 0000000180004770 f   MSVCRTD:userapi.obj
 0001:00003780       _RTC_GetErrDesc            0000000180004780 f   MSVCRTD:userapi.obj
 0001:000037a0       _RTC_NumErrors             00000001800047a0 f   MSVCRTD:userapi.obj
 0001:000037b0       _RTC_SetErrorFunc          00000001800047b0 f   MSVCRTD:userapi.obj
 0001:000037d0       _RTC_SetErrorFuncW         00000001800047d0 f   MSVCRTD:userapi.obj
 0001:000037f0       _RTC_SetErrorType          00000001800047f0 f   MSVCRTD:userapi.obj
 0001:000038d0       __security_init_cookie     00000001800048d0 f   MSVCRTD:gs_support.obj
 0001:00003950       DllMain                    0000000180004950 f   MSVCRTD:dll_dllmain_stub.obj
 0001:00003990       __local_stdio_printf_options 0000000180004990 f i MSVCRTD:default_local_stdio_options.obj
 0001:000039a0       __local_stdio_scanf_options 00000001800049a0 f i MSVCRTD:default_local_stdio_options.obj
 0001:000039b0       __scrt_initialize_default_local_stdio_options 00000001800049b0 f   MSVCRTD:default_local_stdio_options.obj
 0001:00003a00       ?configure_argv@__scrt_narrow_argv_policy@@SAHXZ 0000000180004a00 f i MSVCRTD:utility.obj
 0001:00003af0       ?initialize_environment@__scrt_narrow_environment_policy@@SAHXZ 0000000180004af0 f i MSVCRTD:utility.obj
 0001:00003b90       NtCurrentTeb               0000000180004b90 f i MSVCRTD:utility.obj
 0001:00003ba0       __scrt_acquire_startup_lock 0000000180004ba0 f   MSVCRTD:utility.obj
 0001:00003c10       __scrt_dllmain_after_initialize_c 0000000180004c10 f   MSVCRTD:utility.obj
 0001:00003c40       __scrt_dllmain_before_initialize_c 0000000180004c40 f   MSVCRTD:utility.obj
 0001:00003c60       __scrt_dllmain_crt_thread_attach 0000000180004c60 f   MSVCRTD:utility.obj
 0001:00003c90       __scrt_dllmain_crt_thread_detach 0000000180004c90 f   MSVCRTD:utility.obj
 0001:00003cb0       __scrt_dllmain_exception_filter 0000000180004cb0 f   MSVCRTD:utility.obj
 0001:00003d20       __scrt_dllmain_uninitialize_c 0000000180004d20 f   MSVCRTD:utility.obj
 0001:00003d50       __scrt_dllmain_uninitialize_critical 0000000180004d50 f   MSVCRTD:utility.obj
 0001:00003d70       __scrt_initialize_crt      0000000180004d70 f   MSVCRTD:utility.obj
 0001:00003dc0       __scrt_initialize_onexit_tables 0000000180004dc0 f   MSVCRTD:utility.obj
 0001:00003ed0       __scrt_is_nonwritable_in_current_image 0000000180004ed0 f   MSVCRTD:utility.obj
 0001:00003f60       __scrt_release_startup_lock 0000000180004f60 f   MSVCRTD:utility.obj
 0001:00003f90       __scrt_uninitialize_crt    0000000180004f90 f   MSVCRTD:utility.obj
 0001:00003fd0       _onexit                    0000000180004fd0 f   MSVCRTD:utility.obj
 0001:00004050       at_quick_exit              0000000180005050 f   MSVCRTD:utility.obj
 0001:000040a0       atexit                     00000001800050a0 f   MSVCRTD:utility.obj
 0001:000040e0       __scrt_get_dyn_tls_init_callback 00000001800050e0 f   MSVCRTD:dyn_tls_init.obj
 0001:000040f0       __crt_debugger_hook        00000001800050f0 f   MSVCRTD:utility_desktop.obj
 0001:00004100       __scrt_fastfail            0000000180005100 f   MSVCRTD:utility_desktop.obj
 0001:00004110       __scrt_get_show_window_mode 0000000180005110 f   MSVCRTD:utility_desktop.obj
 0001:00004170       __scrt_initialize_mta      0000000180005170 f   MSVCRTD:utility_desktop.obj
 0001:00004180       __scrt_initialize_winrt    0000000180005180 f   MSVCRTD:utility_desktop.obj
 0001:00004190       __scrt_is_managed_app      0000000180005190 f   MSVCRTD:utility_desktop.obj
 0001:00004240       __scrt_set_unhandled_exception_filter 0000000180005240 f   MSVCRTD:utility_desktop.obj
 0001:00004260       __scrt_exe_initialize_mta  0000000180005260 f   MSVCRTD:utility_desktop.obj
 0001:00004260       __scrt_stub_for_initialize_mta 0000000180005260 f   MSVCRTD:utility_desktop.obj
 0001:00004270       __scrt_unhandled_exception_filter 0000000180005270 f   MSVCRTD:utility_desktop.obj
 0001:00004310       _RTC_Initialize            0000000180005310 f   MSVCRTD:initsect.obj
 0001:00004360       _RTC_Terminate             0000000180005360 f   MSVCRTD:initsect.obj
 0001:00004440       ?_RTC_AllocaFailure@@YAXPEAXPEAU_RTC_ALLOCA_NODE@@H@Z 0000000180005440 f   MSVCRTD:error.obj
 0001:000045a0       ?_RTC_Failure@@YAXPEAXH@Z  00000001800055a0 f   MSVCRTD:error.obj
 0001:000045f0       ?_RTC_StackFailure@@YAXPEAXPEBD@Z 00000001800055f0 f   MSVCRTD:error.obj
 0001:00004a30       _RTC_UninitUse             0000000180005a30 f   MSVCRTD:error.obj
 0001:00004b00       _vsprintf_s_l              0000000180005b00 f i MSVCRTD:error.obj
 0001:00004b70       sprintf_s                  0000000180005b70 f i MSVCRTD:error.obj
 0001:00004ba0       __isa_available_init       0000000180005ba0 f   MSVCRTD:cpu_disp.obj
 0001:00005090       _get_startup_argv_mode     0000000180006090 f   MSVCRTD:argv_mode.obj
 0001:000050a0       __scrt_is_ucrt_dll_in_use  00000001800060a0 f   MSVCRTD:ucrt_detection.obj
 0001:00005600       ?_RTC_GetSrcLine@@YAHPEAEPEA_WKPEAH1K@Z 0000000180006600 f   MSVCRTD:pdblkup.obj
 0001:000059d0       __GSHandlerCheck           00000001800069d0 f   MSVCRTD:gshandler.obj
 0001:00005a10       __GSHandlerCheckCommon     0000000180006a10 f   MSVCRTD:gshandler.obj
 0001:00005b20       __security_check_cookie    0000000180006b20 f   MSVCRTD:amdsecgs.obj
 0001:00005b40       __report_gsfailure         0000000180006b40 f   MSVCRTD:gs_report.obj
 0001:00005b50       __report_rangecheckfailure 0000000180006b50 f   MSVCRTD:gs_report.obj
 0001:00005b60       __report_securityfailure   0000000180006b60 f   MSVCRTD:gs_report.obj
 0001:00005b70       __report_securityfailureEx 0000000180006b70 f   MSVCRTD:gs_report.obj
 0001:00005b86       _purecall                  0000000180006b86 f   vcruntimed:VCRUNTIME140D.dll
 0001:00005b8c       memset                     0000000180006b8c f   vcruntimed:VCRUNTIME140D.dll
 0001:00005b92       __std_type_info_name       0000000180006b92 f   vcruntimed:VCRUNTIME140D.dll
 0001:00005b98       strstr                     0000000180006b98 f   vcruntimed:VCRUNTIME140D.dll
 0001:00005b9e       __std_type_info_destroy_list 0000000180006b9e f   vcruntimed:VCRUNTIME140D.dll
 0001:00005ba4       __C_specific_handler       0000000180006ba4 f   vcruntimed:VCRUNTIME140D.dll
 0001:00005baa       __current_exception        0000000180006baa f   vcruntimed:VCRUNTIME140D.dll
 0001:00005bb0       __current_exception_context 0000000180006bb0 f   vcruntimed:VCRUNTIME140D.dll
 0001:00005bb6       __C_specific_handler_noexcept 0000000180006bb6 f   vcruntimed:VCRUNTIME140D.dll
 0001:00005bbc       __vcrt_GetModuleFileNameW  0000000180006bbc f   vcruntimed:VCRUNTIME140D.dll
 0001:00005bc2       __vcrt_GetModuleHandleW    0000000180006bc2 f   vcruntimed:VCRUNTIME140D.dll
 0001:00005bc8       __vcrt_LoadLibraryExW      0000000180006bc8 f   vcruntimed:VCRUNTIME140D.dll
 0001:00005bce       memcpy                     0000000180006bce f   vcruntimed:VCRUNTIME140D.dll
 0001:00005bd4       _free_dbg                  0000000180006bd4 f   ucrtd:ucrtbased.dll
 0001:00005bda       _CrtDbgReport              0000000180006bda f   ucrtd:ucrtbased.dll
 0001:00005be0       _CrtDbgReportW             0000000180006be0 f   ucrtd:ucrtbased.dll
 0001:00005be6       _initterm                  0000000180006be6 f   ucrtd:ucrtbased.dll
 0001:00005bec       _initterm_e                0000000180006bec f   ucrtd:ucrtbased.dll
 0001:00005bf2       _seh_filter_dll            0000000180006bf2 f   ucrtd:ucrtbased.dll
 0001:00005bf8       _configure_narrow_argv     0000000180006bf8 f   ucrtd:ucrtbased.dll
 0001:00005bfe       _initialize_narrow_environment 0000000180006bfe f   ucrtd:ucrtbased.dll
 0001:00005c04       _initialize_onexit_table   0000000180006c04 f   ucrtd:ucrtbased.dll
 0001:00005c0a       _register_onexit_function  0000000180006c0a f   ucrtd:ucrtbased.dll
 0001:00005c10       _execute_onexit_table      0000000180006c10 f   ucrtd:ucrtbased.dll
 0001:00005c16       _crt_atexit                0000000180006c16 f   ucrtd:ucrtbased.dll
 0001:00005c1c       _crt_at_quick_exit         0000000180006c1c f   ucrtd:ucrtbased.dll
 0001:00005c22       _cexit                     0000000180006c22 f   ucrtd:ucrtbased.dll
 0001:00005c28       terminate                  0000000180006c28 f   ucrtd:ucrtbased.dll
 0001:00005c2e       strcpy_s                   0000000180006c2e f   ucrtd:ucrtbased.dll
 0001:00005c34       strcat_s                   0000000180006c34 f   ucrtd:ucrtbased.dll
 0001:00005c3a       __stdio_common_vsprintf_s  0000000180006c3a f   ucrtd:ucrtbased.dll
 0001:00005c40       _wmakepath_s               0000000180006c40 f   ucrtd:ucrtbased.dll
 0001:00005c46       _wsplitpath_s              0000000180006c46 f   ucrtd:ucrtbased.dll
 0001:00005c4c       wcscpy_s                   0000000180006c4c f   ucrtd:ucrtbased.dll
 0001:00005c52       RaiseException             0000000180006c52 f   kernel32:KERNEL32.dll
 0001:00005c58       GetLastError               0000000180006c58 f   kernel32:KERNEL32.dll
 0001:00005c5e       GetSystemInfo              0000000180006c5e f   kernel32:KERNEL32.dll
 0001:00005c64       VirtualProtect             0000000180006c64 f   kernel32:KERNEL32.dll
 0001:00005c6a       VirtualQuery               0000000180006c6a f   kernel32:KERNEL32.dll
 0001:00005c70       FreeLibrary                0000000180006c70 f   kernel32:KERNEL32.dll
 0001:00005c76       GetModuleHandleW           0000000180006c76 f   kernel32:KERNEL32.dll
 0001:00005c7c       GetProcAddress             0000000180006c7c f   kernel32:KERNEL32.dll
 0001:00005c82       LoadLibraryExA             0000000180006c82 f   kernel32:KERNEL32.dll
 0001:00005c88       InitializeSListHead        0000000180006c88 f   kernel32:KERNEL32.dll
 0001:00005c8e       QueryPerformanceCounter    0000000180006c8e f   kernel32:KERNEL32.dll
 0001:00005c94       GetCurrentProcessId        0000000180006c94 f   kernel32:KERNEL32.dll
 0001:00005c9a       GetCurrentThreadId         0000000180006c9a f   kernel32:KERNEL32.dll
 0001:00005ca0       GetSystemTimeAsFileTime    0000000180006ca0 f   kernel32:KERNEL32.dll
 0001:00005ca6       DisableThreadLibraryCalls  0000000180006ca6 f   kernel32:KERNEL32.dll
 0001:00005cac       SetUnhandledExceptionFilter 0000000180006cac f   kernel32:KERNEL32.dll
 0001:00005cb2       GetStartupInfoW            0000000180006cb2 f   kernel32:KERNEL32.dll
 0001:00005cb8       IsDebuggerPresent          0000000180006cb8 f   kernel32:KERNEL32.dll
 0001:00005cbe       MultiByteToWideChar        0000000180006cbe f   kernel32:KERNEL32.dll
 0001:00005cc4       WideCharToMultiByte        0000000180006cc4 f   kernel32:KERNEL32.dll
 0001:00005cca       HeapAlloc                  0000000180006cca f   kernel32:KERNEL32.dll
 0001:00005cd0       HeapFree                   0000000180006cd0 f   kernel32:KERNEL32.dll
 0001:00005cd6       GetProcessHeap             0000000180006cd6 f   kernel32:KERNEL32.dll
 0001:00005ce0       __acrt_initialize          0000000180006ce0 f   MSVCRTD:ucrt_stubs.obj
 0001:00005ce0       __scrt_stub_for_acrt_initialize 0000000180006ce0 f   MSVCRTD:ucrt_stubs.obj
 0001:00005ce0       __vcrt_initialize          0000000180006ce0 f   MSVCRTD:ucrt_stubs.obj
 0001:00005cf0       __acrt_thread_attach       0000000180006cf0 f   MSVCRTD:ucrt_stubs.obj
 0001:00005cf0       __scrt_stub_for_acrt_thread_attach 0000000180006cf0 f   MSVCRTD:ucrt_stubs.obj
 0001:00005cf0       __vcrt_thread_attach       0000000180006cf0 f   MSVCRTD:ucrt_stubs.obj
 0001:00005d00       __acrt_thread_detach       0000000180006d00 f   MSVCRTD:ucrt_stubs.obj
 0001:00005d00       __scrt_stub_for_acrt_thread_detach 0000000180006d00 f   MSVCRTD:ucrt_stubs.obj
 0001:00005d00       __vcrt_thread_detach       0000000180006d00 f   MSVCRTD:ucrt_stubs.obj
 0001:00005d10       __acrt_uninitialize        0000000180006d10 f   MSVCRTD:ucrt_stubs.obj
 0001:00005d10       __scrt_stub_for_acrt_uninitialize 0000000180006d10 f   MSVCRTD:ucrt_stubs.obj
 0001:00005d10       __vcrt_uninitialize        0000000180006d10 f   MSVCRTD:ucrt_stubs.obj
 0001:00005d20       __acrt_uninitialize_critical 0000000180006d20 f   MSVCRTD:ucrt_stubs.obj
 0001:00005d20       __scrt_stub_for_acrt_uninitialize_critical 0000000180006d20 f   MSVCRTD:ucrt_stubs.obj
 0001:00005d20       __vcrt_uninitialize_critical 0000000180006d20 f   MSVCRTD:ucrt_stubs.obj
 0001:00005d30       __scrt_stub_for_is_c_termination_complete 0000000180006d30 f   MSVCRTD:ucrt_stubs.obj
 0001:00005d30       _is_c_termination_complete 0000000180006d30 f   MSVCRTD:ucrt_stubs.obj
 0001:00005d50       _guard_dispatch_icall_nop  0000000180006d50 f   MSVCRTD:guard_dispatch.obj
 0001:00005d70       _guard_xfg_dispatch_icall_nop 0000000180006d70 f   MSVCRTD:guard_xfg_dispatch.obj
 0002:00000000       __imp_LoadLibraryA         0000000180007000     kernel32:KERNEL32.dll
 0002:00000008       __imp_HeapFree             0000000180007008     kernel32:KERNEL32.dll
 0002:00000010       __imp_HeapAlloc            0000000180007010     kernel32:KERNEL32.dll
 0002:00000018       __imp_WideCharToMultiByte  0000000180007018     kernel32:KERNEL32.dll
 0002:00000020       __imp_MultiByteToWideChar  0000000180007020     kernel32:KERNEL32.dll
 0002:00000028       __imp_IsDebuggerPresent    0000000180007028     kernel32:KERNEL32.dll
 0002:00000030       __imp_GetStartupInfoW      0000000180007030     kernel32:KERNEL32.dll
 0002:00000038       __imp_SetUnhandledExceptionFilter 0000000180007038     kernel32:KERNEL32.dll
 0002:00000040       __imp_DisableThreadLibraryCalls 0000000180007040     kernel32:KERNEL32.dll
 0002:00000048       __imp_GetSystemTimeAsFileTime 0000000180007048     kernel32:KERNEL32.dll
 0002:00000050       __imp_GetCurrentThreadId   0000000180007050     kernel32:KERNEL32.dll
 0002:00000058       __imp_GetCurrentProcessId  0000000180007058     kernel32:KERNEL32.dll
 0002:00000060       __imp_QueryPerformanceCounter 0000000180007060     kernel32:KERNEL32.dll
 0002:00000068       __imp_InitializeSListHead  0000000180007068     kernel32:KERNEL32.dll
 0002:00000070       __imp_LoadLibraryExA       0000000180007070     kernel32:KERNEL32.dll
 0002:00000078       __imp_GetProcAddress       0000000180007078     kernel32:KERNEL32.dll
 0002:00000080       __imp_GetModuleHandleW     0000000180007080     kernel32:KERNEL32.dll
 0002:00000088       __imp_FreeLibrary          0000000180007088     kernel32:KERNEL32.dll
 0002:00000090       __imp_VirtualQuery         0000000180007090     kernel32:KERNEL32.dll
 0002:00000098       __imp_VirtualProtect       0000000180007098     kernel32:KERNEL32.dll
 0002:000000a0       __imp_GetSystemInfo        00000001800070a0     kernel32:KERNEL32.dll
 0002:000000a8       __imp_GetLastError         00000001800070a8     kernel32:KERNEL32.dll
 0002:000000b0       __imp_RaiseException       00000001800070b0     kernel32:KERNEL32.dll
 0002:000000b8       __imp_GetProcessHeap       00000001800070b8     kernel32:KERNEL32.dll
 0002:000000c0       \177KERNEL32_NULL_THUNK_DATA 00000001800070c0     kernel32:KERNEL32.dll
 0002:000000c8       __imp___std_type_info_name 00000001800070c8     vcruntimed:VCRUNTIME140D.dll
 0002:000000d0       __imp_strstr               00000001800070d0     vcruntimed:VCRUNTIME140D.dll
 0002:000000d8       __imp___std_type_info_destroy_list 00000001800070d8     vcruntimed:VCRUNTIME140D.dll
 0002:000000e0       __imp___C_specific_handler 00000001800070e0     vcruntimed:VCRUNTIME140D.dll
 0002:000000e8       __imp___current_exception  00000001800070e8     vcruntimed:VCRUNTIME140D.dll
 0002:000000f0       __imp___current_exception_context 00000001800070f0     vcruntimed:VCRUNTIME140D.dll
 0002:000000f8       __imp___C_specific_handler_noexcept 00000001800070f8     vcruntimed:VCRUNTIME140D.dll
 0002:00000100       __imp___vcrt_GetModuleFileNameW 0000000180007100     vcruntimed:VCRUNTIME140D.dll
 0002:00000108       __imp___vcrt_GetModuleHandleW 0000000180007108     vcruntimed:VCRUNTIME140D.dll
 0002:00000110       __imp___vcrt_LoadLibraryExW 0000000180007110     vcruntimed:VCRUNTIME140D.dll
 0002:00000118       __imp_memcpy               0000000180007118     vcruntimed:VCRUNTIME140D.dll
 0002:00000120       __imp_memset               0000000180007120     vcruntimed:VCRUNTIME140D.dll
 0002:00000128       __imp__purecall            0000000180007128     vcruntimed:VCRUNTIME140D.dll
 0002:00000130       \177VCRUNTIME140D_NULL_THUNK_DATA 0000000180007130     vcruntimed:VCRUNTIME140D.dll
 0002:00000138       __imp__initterm_e          0000000180007138     ucrtd:ucrtbased.dll
 0002:00000140       __imp_wcscpy_s             0000000180007140     ucrtd:ucrtbased.dll
 0002:00000148       __imp__CrtDbgReportW       0000000180007148     ucrtd:ucrtbased.dll
 0002:00000150       __imp__CrtDbgReport        0000000180007150     ucrtd:ucrtbased.dll
 0002:00000158       __imp__free_dbg            0000000180007158     ucrtd:ucrtbased.dll
 0002:00000160       __imp__seh_filter_dll      0000000180007160     ucrtd:ucrtbased.dll
 0002:00000168       __imp__configure_narrow_argv 0000000180007168     ucrtd:ucrtbased.dll
 0002:00000170       __imp__wsplitpath_s        0000000180007170     ucrtd:ucrtbased.dll
 0002:00000178       __imp__wmakepath_s         0000000180007178     ucrtd:ucrtbased.dll
 0002:00000180       __imp___stdio_common_vsprintf_s 0000000180007180     ucrtd:ucrtbased.dll
 0002:00000188       __imp_strcat_s             0000000180007188     ucrtd:ucrtbased.dll
 0002:00000190       __imp_strcpy_s             0000000180007190     ucrtd:ucrtbased.dll
 0002:00000198       __imp__initialize_narrow_environment 0000000180007198     ucrtd:ucrtbased.dll
 0002:000001a0       __imp__cexit               00000001800071a0     ucrtd:ucrtbased.dll
 0002:000001a8       __imp__crt_at_quick_exit   00000001800071a8     ucrtd:ucrtbased.dll
 0002:000001b0       __imp__crt_atexit          00000001800071b0     ucrtd:ucrtbased.dll
 0002:000001b8       __imp__execute_onexit_table 00000001800071b8     ucrtd:ucrtbased.dll
 0002:000001c0       __imp__register_onexit_function 00000001800071c0     ucrtd:ucrtbased.dll
 0002:000001c8       __imp__initterm            00000001800071c8     ucrtd:ucrtbased.dll
 0002:000001d0       __imp__initialize_onexit_table 00000001800071d0     ucrtd:ucrtbased.dll
 0002:000001d8       __imp_terminate            00000001800071d8     ucrtd:ucrtbased.dll
 0002:000001e0       \177ucrtbased_NULL_THUNK_DATA 00000001800071e0     ucrtd:ucrtbased.dll
 0002:000001e8       __guard_check_icall_fptr   00000001800071e8     MSVCRTD:guard_support.obj
 0002:000001f0       __guard_xfg_check_icall_fptr 00000001800071f0     MSVCRTD:guard_support.obj
 0002:000001f8       __guard_dispatch_icall_fptr 00000001800071f8     MSVCRTD:guard_support.obj
 0002:00000200       __guard_xfg_dispatch_icall_fptr 0000000180007200     MSVCRTD:guard_support.obj
 0002:00000208       __guard_xfg_table_dispatch_icall_fptr 0000000180007208     MSVCRTD:guard_support.obj
 0002:00000210       __castguard_check_failure_os_handled_fptr 0000000180007210     MSVCRTD:guard_support.obj
 0002:00000218       __guard_memcpy_fptr        0000000180007218     vcruntimed:softmemtag.obj
 0002:00000220       __xc_a                     0000000180007220     MSVCRTD:initializers.obj
 0002:00000258       __xc_z                     0000000180007258     MSVCRTD:initializers.obj
 0002:00000260       __xi_a                     0000000180007260     MSVCRTD:initializers.obj
 0002:00000268       __xi_z                     0000000180007268     MSVCRTD:initializers.obj
 0002:00000270       __xp_a                     0000000180007270     MSVCRTD:initializers.obj
 0002:00000278       __xp_z                     0000000180007278     MSVCRTD:initializers.obj
 0002:00000280       __xt_a                     0000000180007280     MSVCRTD:initializers.obj
 0002:00000288       __xt_z                     0000000180007288     MSVCRTD:initializers.obj
 0002:000002b0       ?g_PXSinCoefficients0@aos@physx@@3UPX_VECTORF32@12@B 00000001800072b0     Cooking.obj
 0002:000002c0       ?g_PXSinCoefficients1@aos@physx@@3UPX_VECTORF32@12@B 00000001800072c0     Cooking.obj
 0002:000002d0       ?g_PXSinCoefficients2@aos@physx@@3UPX_VECTORF32@12@B 00000001800072d0     Cooking.obj
 0002:000002e0       ?g_PXCosCoefficients0@aos@physx@@3UPX_VECTORF32@12@B 00000001800072e0     Cooking.obj
 0002:000002f0       ?g_PXCosCoefficients1@aos@physx@@3UPX_VECTORF32@12@B 00000001800072f0     Cooking.obj
 0002:00000300       ?g_PXCosCoefficients2@aos@physx@@3UPX_VECTORF32@12@B 0000000180007300     Cooking.obj
 0002:00000310       ?g_PXReciprocalTwoPi@aos@physx@@3UPX_VECTORF32@12@B 0000000180007310     Cooking.obj
 0002:00000320       ?g_PXTwoPi@aos@physx@@3UPX_VECTORF32@12@B 0000000180007320     Cooking.obj
 0002:00000330       ??_7PxFoundation@physx@@6B@ 0000000180007330     Cooking.obj
 0002:000003a0       ??_C@_0EJ@PGOKGCDB@C?3?2Users?2uknow?2Downloads?2PhysX?2@ 00000001800073a0     Cooking.obj
 0002:000003f0       ??_C@_0BM@OIFKLHDN@?$DMallocation?5names?5disabled?$DO@ 00000001800073f0     Cooking.obj
 0002:00000410       ??_C@_0EC@JKGGIGA@C?3?2Users?2uknow?2Downloads?2PhysX?2@ 0000000180007410     Cooking.obj
 0002:00000458       ??_C@_0BM@BMFMDKFG@this?9?$DOcapacity?$CI?$CJ?5?$DM?5capacity@ 0000000180007458     Cooking.obj
 0002:00000478       ??_C@_0CP@CPGGIPKL@?$CI?$CBcapacity?$CJ?5?$HM?$HM?5?$CInewData?5?$CG?$CG?5?$CInew@ 0000000180007478     Cooking.obj
 0002:000004a8       __real@3a83126f            00000001800074a8     Cooking.obj
 0002:000004ac       __real@ba83126f            00000001800074ac     Cooking.obj
 0002:000004b0       ??_C@_0BA@EGLNOO@PhysXFoundation@ 00000001800074b0     WindowsCookingDelayLoadHook.obj
 0002:000004c0       ??_C@_0M@ILKNCJKN@PhysXCommon@ 00000001800074c0     WindowsCookingDelayLoadHook.obj
 0002:000004d0       __sz_PhysXCommon_64_dll    00000001800074d0     PhysXCommon_64:PhysXCommon_64.dll
 0002:000004f0       __sz_PhysXFoundation_64_dll 00000001800074f0     PhysXFoundation_64:PhysXFoundation_64.dll
 0002:00000508       ??_C@_1BK@DBDEIDLH@?$AAK?$AAE?$AAR?$AAN?$AAE?$AAL?$AA3?$AA2?$AA?4?$AAD?$AAL?$AAL@ 0000000180007508     Delayimp:delayhlp.obj
 0002:00000528       ??_C@_0BI@OMNLIJDB@AcquireSRWLockExclusive@ 0000000180007528     Delayimp:delayhlp.obj
 0002:00000540       ??_C@_0BI@HMIEPCNJ@ReleaseSRWLockExclusive@ 0000000180007540     Delayimp:delayhlp.obj
 0002:00000558       __pfnDliFailureHook2       0000000180007558     Delayimp:delayhk1.obj
 0002:00000560       __bChangeProtectionOfWholeDloadSection 0000000180007560     Delayimp:delaygv1.obj
 0002:00000570       ??_7type_info@@6B@         0000000180007570     MSVCRTD:std_type_info_static.obj
 0002:00000578       _pDefaultRawDllMain        0000000180007578     MSVCRTD:dll_dllmain.obj
 0002:00000578       _pRawDllMain               0000000180007578     MSVCRTD:dll_dllmain.obj
 0002:00000580       _load_config_used          0000000180007580     MSVCRTD:loadcfg.obj
 0002:000006e8       ??_C@_0BJ@HEGAHDFO@Stack?5pointer?5corruption@ 00000001800076e8     MSVCRTD:userapi.obj
 0002:00000708       ??_C@_0CK@FEGOIOPB@Cast?5to?5smaller?5type?5causing?5lo@ 0000000180007708     MSVCRTD:userapi.obj
 0002:00000738       ??_C@_0BI@CIGMDCBH@Stack?5memory?5corruption@ 0000000180007738     MSVCRTD:userapi.obj
 0002:00000750       ??_C@_0CK@CNLNOEPB@Local?5variable?5used?5before?5init@ 0000000180007750     MSVCRTD:userapi.obj
 0002:00000780       ??_C@_0BP@OGBCLIBO@Stack?5around?5_alloca?5corrupted@ 0000000180007780     MSVCRTD:userapi.obj
 0002:00000860       ??_C@_0NN@JMPELKLB@The?5value?5of?5ESP?5was?5not?5proper@ 0000000180007860     MSVCRTD:error.obj
 0002:00000940       ??_C@_0BBN@ELNNILBE@A?5cast?5to?5a?5smaller?5data?5type?5h@ 0000000180007940     MSVCRTD:error.obj
 0002:00000a60       ??_C@_0BN@BPOGFMJL@Stack?5memory?5was?5corrupted?$AN?6@ 0000000180007a60     MSVCRTD:error.obj
 0002:00000a80       ??_C@_0DG@DAJCDLPN@A?5local?5variable?5was?5used?5befor@ 0000000180007a80     MSVCRTD:error.obj
 0002:00000ab8       ??_C@_0CM@JMIDGKLA@Stack?5memory?5around?5_alloca?5was@ 0000000180007ab8     MSVCRTD:error.obj
 0002:00000ae8       ??_C@_0BO@CHIONIOI@Unknown?5Runtime?5Check?5Error?$AN?6@ 0000000180007ae8     MSVCRTD:error.obj
 0002:00000b10       ??_C@_1GM@CNOOJIHC@?$AAR?$AAu?$AAn?$AAt?$AAi?$AAm?$AAe?$AA?5?$AAC?$AAh?$AAe?$AAc?$AAk?$AA?5?$AAE@ 0000000180007b10     MSVCRTD:error.obj
 0002:00000b80       ??_C@_1EA@NFKNIFJP@?$AAR?$AAu?$AAn?$AA?9?$AAT?$AAi?$AAm?$AAe?$AA?5?$AAC?$AAh?$AAe?$AAc?$AAk?$AA?5@ 0000000180007b80     MSVCRTD:error.obj
 0002:00000bc0       ??_C@_0BB@PFFGGCJP@Unknown?5Filename@ 0000000180007bc0     MSVCRTD:error.obj
 0002:00000bd8       ??_C@_0BE@GNBOBNCK@Unknown?5Module?5Name@ 0000000180007bd8     MSVCRTD:error.obj
 0002:00000bf0       ??_C@_0CA@IODNCDPG@Run?9Time?5Check?5Failure?5?$CD?$CFd?5?9?5?$CFs@ 0000000180007bf0     MSVCRTD:error.obj
 0002:00000c10       ??_C@_0CG@IAFNJNEE@Stack?5corrupted?5near?5unknown?5va@ 0000000180007c10     MSVCRTD:error.obj
 0002:00000c38       ??_C@_05MKKEDADM@?$CF?42X?5@ 0000000180007c38     MSVCRTD:error.obj
 0002:00000c40       ??_C@_0EJ@LJKNEOLN@Stack?5area?5around?5_alloca?5memor@ 0000000180007c40     MSVCRTD:error.obj
 0002:00000c8c       ??_C@_01EEMJAFIK@?6@       0000000180007c8c     MSVCRTD:error.obj
 0002:00000c90       ??_C@_02LLMPMKNF@?$DO?5@   0000000180007c90     MSVCRTD:error.obj
 0002:00000c98       ??_C@_08OMAHNMHJ@?6Data?3?5?$DM@ 0000000180007c98     MSVCRTD:error.obj
 0002:00000ca8       ??_C@_0CK@DKGBICFE@?6Allocation?5number?5within?5this?5@ 0000000180007ca8     MSVCRTD:error.obj
 0002:00000cd8       ??_C@_07DFDJCKFN@?6Size?3?5@ 0000000180007cd8     MSVCRTD:error.obj
 0002:00000ce0       ??_C@_0N@MHFFIMFG@?6Address?3?50x@ 0000000180007ce0     MSVCRTD:error.obj
 0002:00000cf0       ??_C@_0EI@CLEPFNGI@Stack?5area?5around?5_alloca?5memor@ 0000000180007cf0     MSVCRTD:error.obj
 0002:00000d38       ??_C@_0BK@ODNDAGKB@?$CFs?$CFs?$CFp?$CFs?$CFzd?$CFs?$CFd?$CFs?$CFs?$CFs?$CFs?$CFs@ 0000000180007d38     MSVCRTD:error.obj
 0002:00000d58       ??_C@_0DE@OHJBPMBP@A?5variable?5is?5being?5used?5withou@ 0000000180007d58     MSVCRTD:error.obj
 0002:00000df0       ??_C@_1EI@MLPKHBGE@?$AAa?$AAp?$AAi?$AA?9?$AAm?$AAs?$AA?9?$AAw?$AAi?$AAn?$AA?9?$AAc?$AAo?$AAr?$AAe@ 0000000180007df0     MSVCRTD:pdblkup.obj
 0002:00000e38       ??_C@_1BK@JHLNAEJL@?$AAa?$AAd?$AAv?$AAa?$AAp?$AAi?$AA3?$AA2?$AA?4?$AAd?$AAl?$AAl@ 0000000180007e38     MSVCRTD:pdblkup.obj
 0002:00000e58       ??_C@_0O@COHOBMLB@RegOpenKeyExW@ 0000000180007e58     MSVCRTD:pdblkup.obj
 0002:00000e68       ??_C@_0BB@GLNAEDBD@RegQueryValueExW@ 0000000180007e68     MSVCRTD:pdblkup.obj
 0002:00000e80       ??_C@_0M@HLOHPNFA@RegCloseKey@ 0000000180007e80     MSVCRTD:pdblkup.obj
 0002:00000e90       ??_C@_1HE@EBEAGLFB@?$AAS?$AAO?$AAF?$AAT?$AAW?$AAA?$AAR?$AAE?$AA?2?$AAW?$AAo?$AAw?$AA6?$AA4?$AA3@ 0000000180007e90     MSVCRTD:pdblkup.obj
 0002:00000f08       ??_C@_1BG@EABPBLLF@?$AAP?$AAr?$AAo?$AAd?$AAu?$AAc?$AAt?$AAD?$AAi?$AAr@ 0000000180007f08     MSVCRTD:pdblkup.obj
 0002:00000f40       ??_C@_1BC@JINFINNJ@?$AAM?$AAS?$AAP?$AAD?$AAB?$AA1?$AA4?$AA0@ 0000000180007f40     MSVCRTD:pdblkup.obj
 0002:00000f58       ??_C@_0BB@KCIACLNC@PDBOpenValidate5@ 0000000180007f58     MSVCRTD:pdblkup.obj
 0002:00000f6c       ??_C@_01KDCPPGHE@r@        0000000180007f6c     MSVCRTD:pdblkup.obj
 0002:00001000       __CastGuardVftablesStart   0000000180008000     MSVCRTD:guard_support.obj
 0002:00001080       __CastGuardVftablesEnd     0000000180008080     MSVCRTD:guard_support.obj
 0002:00001100       ??_R4type_info@@6B@        0000000180008100     MSVCRTD:std_type_info_static.obj
 0002:00001128       ??_R3type_info@@8          0000000180008128     MSVCRTD:std_type_info_static.obj
 0002:00001140       ??_R2type_info@@8          0000000180008140     MSVCRTD:std_type_info_static.obj
 0002:00001150       ??_R1A@?0A@EA@type_info@@8 0000000180008150     MSVCRTD:std_type_info_static.obj
 0002:00001174       __volatile_metadata        0000000180008174     <linker-defined>
 0002:00001668       __rtc_iaa                  0000000180008668     MSVCRTD:initsect.obj
 0002:00001680       __rtc_izz                  0000000180008680     MSVCRTD:initsect.obj
 0002:00001688       __rtc_taa                  0000000180008688     MSVCRTD:initsect.obj
 0002:000016a0       __rtc_tzz                  00000001800086a0     MSVCRTD:initsect.obj
 0002:00001e84       __DELAY_IMPORT_DESCRIPTOR_physxcommon_64_dll 0000000180008e84     PhysXCommon_64:PhysXCommon_64.dll
 0002:00001ea4       __DELAY_IMPORT_DESCRIPTOR_physxfoundation_64_dll 0000000180008ea4     PhysXFoundation_64:PhysXFoundation_64.dll
 0002:00001ec4       __NULL_DELAY_IMPORT_DESCRIPTOR 0000000180008ec4     PhysXCommon_64:PhysXCommon_64.dll
 0002:00001fa0       \177PhysXCommon_64_NULL_THUNK_DATA_DLN 0000000180008fa0     PhysXCommon_64:PhysXCommon_64.dll
 0002:00001fb8       \177PhysXFoundation_64_NULL_THUNK_DATA_DLN 0000000180008fb8     PhysXFoundation_64:PhysXFoundation_64.dll
 0002:00002268       \177PhysXCommon_64_NULL_THUNK_DATA_DLB 0000000180009268     PhysXCommon_64:PhysXCommon_64.dll
 0002:00002328       \177PhysXFoundation_64_NULL_THUNK_DATA_DLB 0000000180009328     PhysXFoundation_64:PhysXFoundation_64.dll
 0002:00002f48       __IMPORT_DESCRIPTOR_KERNEL32 0000000180009f48     kernel32:KERNEL32.dll
 0002:00002f5c       __IMPORT_DESCRIPTOR_VCRUNTIME140D 0000000180009f5c     vcruntimed:VCRUNTIME140D.dll
 0002:00002f70       __IMPORT_DESCRIPTOR_ucrtbased 0000000180009f70     ucrtd:ucrtbased.dll
 0002:00002f84       __NULL_IMPORT_DESCRIPTOR   0000000180009f84     kernel32:KERNEL32.dll
 0003:00000000       __pfnDliNotifyHook2        000000018000b000     WindowsCookingDelayLoadHook.obj
 0003:00000008       _fltused                   000000018000b008     MSVCRTD:fltused.obj
 0003:0000000c       __scrt_native_dllmain_reason 000000018000b00c     MSVCRTD:utility.obj
 0003:00000040       __security_cookie          000000018000b040     MSVCRTD:gs_cookie.obj
 0003:00000080       __security_cookie_complement 000000018000b080     MSVCRTD:gs_cookie.obj
 0003:00000090       ?_RTC_ErrorLevels@@3PAHA   000000018000b090     MSVCRTD:error.obj
 0003:000000a8       __isa_available            000000018000b0a8     MSVCRTD:cpu_disp.obj
 0003:000000ac       __isa_enabled              000000018000b0ac     MSVCRTD:cpu_disp.obj
 0003:000000b0       __memset_fast_string_threshold 000000018000b0b0     MSVCRTD:cpu_disp.obj
 0003:000000b8       __memset_nt_threshold      000000018000b0b8     MSVCRTD:cpu_disp.obj
 0003:000000c0       __isa_inverted             000000018000b0c0     MSVCRTD:cpu_disp.obj
 0003:000000d0       __scrt_ucrt_dll_is_in_use  000000018000b0d0     MSVCRTD:ucrt_stubs.obj
 0003:000000d8       ??_R0?AVBVH@Gu@physx@@@8   000000018000b0d8     Cooking.obj
 0003:00000100       ??_R0?AVBV4TriangleMesh@Gu@physx@@@8 000000018000b100     Cooking.obj
 0003:00000130       ??_R0?AUSlab@NodeAllocator@Gu@physx@@@8 000000018000b130     Cooking.obj
 0003:00000168       ??_R0?AVtype_info@@@8      000000018000b168     MSVCRTD:std_type_info_static.obj
 0003:00000188       __imp_getInsertionCallback 000000018000b188     PhysXCommon_64:PhysXCommon_64.dll
 0003:00000190       __imp_??0BV4TriangleMesh@Gu@physx@@QEAA@AEBUPxTriangleMeshInternalData@2@@Z 000000018000b190     PhysXCommon_64:PhysXCommon_64.dll
 0003:00000198       __imp_cookBVH              000000018000b198     PhysXCommon_64:PhysXCommon_64.dll
 0003:000001a0       __imp_createBVH            000000018000b1a0     PhysXCommon_64:PhysXCommon_64.dll
 0003:000001a8       __imp_cookHeightField      000000018000b1a8     PhysXCommon_64:PhysXCommon_64.dll
 0003:000001b0       __imp_createHeightField    000000018000b1b0     PhysXCommon_64:PhysXCommon_64.dll
 0003:000001b8       __imp_cookConvexMesh       000000018000b1b8     PhysXCommon_64:PhysXCommon_64.dll
 0003:000001c0       __imp_createConvexMesh     000000018000b1c0     PhysXCommon_64:PhysXCommon_64.dll
 0003:000001c8       __imp_validateConvexMesh   000000018000b1c8     PhysXCommon_64:PhysXCommon_64.dll
 0003:000001d0       __imp_computeHullPolygons  000000018000b1d0     PhysXCommon_64:PhysXCommon_64.dll
 0003:000001d8       __imp_validateTriangleMesh 000000018000b1d8     PhysXCommon_64:PhysXCommon_64.dll
 0003:000001e0       __imp_createTriangleMesh   000000018000b1e0     PhysXCommon_64:PhysXCommon_64.dll
 0003:000001e8       __imp_cookTriangleMesh     000000018000b1e8     PhysXCommon_64:PhysXCommon_64.dll
 0003:000001f0       __imp_cookTetrahedronMesh  000000018000b1f0     PhysXCommon_64:PhysXCommon_64.dll
 0003:000001f8       __imp_createTetrahedronMesh 000000018000b1f8     PhysXCommon_64:PhysXCommon_64.dll
 0003:00000200       __imp_cookDeformableVolumeMesh 000000018000b200     PhysXCommon_64:PhysXCommon_64.dll
 0003:00000208       __imp_createDeformableVolumeMesh 000000018000b208     PhysXCommon_64:PhysXCommon_64.dll
 0003:00000210       __imp_computeModelsMapping 000000018000b210     PhysXCommon_64:PhysXCommon_64.dll
 0003:00000218       __imp_computeCollisionData 000000018000b218     PhysXCommon_64:PhysXCommon_64.dll
 0003:00000220       __imp_computeSimulationData 000000018000b220     PhysXCommon_64:PhysXCommon_64.dll
 0003:00000228       __imp_assembleDeformableVolumeMesh 000000018000b228     PhysXCommon_64:PhysXCommon_64.dll
 0003:00000230       __imp_?release@AABBTreeBounds@Gu@physx@@QEAAXXZ 000000018000b230     PhysXCommon_64:PhysXCommon_64.dll
 0003:00000238       __imp_??0BVH@Gu@physx@@QEAA@AEBUPxBVHInternalData@2@@Z 000000018000b238     PhysXCommon_64:PhysXCommon_64.dll
 0003:00000240       \177PhysXCommon_64_NULL_THUNK_DATA_DLA 000000018000b240     PhysXCommon_64:PhysXCommon_64.dll
 0003:00000248       __imp_PxGetBroadcastAllocator 000000018000b248     PhysXFoundation_64:PhysXFoundation_64.dll
 0003:00000250       __imp_?PxAssert@physx@@YAXPEBD0HAEA_N@Z 000000018000b250     PhysXFoundation_64:PhysXFoundation_64.dll
 0003:00000258       \177PhysXFoundation_64_NULL_THUNK_DATA_DLA 000000018000b258     PhysXFoundation_64:PhysXFoundation_64.dll
 0003:000002c0       ?_ignore@?2??grow@?$PxArray@USlab@NodeAllocator@Gu@physx@@V?$PxReflectionAllocator@USlab@NodeAllocator@Gu@physx@@@4@@physx@@IEAAXI@Z@4_NA 000000018000b2c0     Cooking.obj
 0003:000002c1       ?_ignore@?2??recreate@?$PxArray@USlab@NodeAllocator@Gu@physx@@V?$PxReflectionAllocator@USlab@NodeAllocator@Gu@physx@@@4@@physx@@IEAAXI@Z@4_NA 000000018000b2c1     Cooking.obj
 0003:000002d0       __hmod__PhysXCommon_64_dll 000000018000b2d0     PhysXCommon_64:PhysXCommon_64.dll
 0003:000002d8       __hmod__PhysXFoundation_64_dll 000000018000b2d8     PhysXFoundation_64:PhysXFoundation_64.dll
 0003:000002e0       ?DloadKernel32@@3PEAUHINSTANCE__@@EA 000000018000b2e0     Delayimp:delayhlp.obj
 0003:000002e8       ?DloadAcquireSRWLockExclusive@@3P6AXPEA_K@ZEA 000000018000b2e8     Delayimp:delayhlp.obj
 0003:000002f0       ?DloadReleaseSRWLockExclusive@@3P6AXPEA_K@ZEA 000000018000b2f0     Delayimp:delayhlp.obj
 0003:000002f8       ?DloadSrwLock@@3_KA        000000018000b2f8     Delayimp:delayhlp.obj
 0003:00000300       ?DloadSectionLockCount@@3KA 000000018000b300     Delayimp:delayhlp.obj
 0003:00000304       ?DloadSectionOldProtection@@3KA 000000018000b304     Delayimp:delayhlp.obj
 0003:00000308       ?DloadSectionCommitPermanent@@3KA 000000018000b308     Delayimp:delayhlp.obj
 0003:00000310       ?__type_info_root_node@@3U__type_info_node@@A 000000018000b310     MSVCRTD:tncleanup.obj
 0003:00000328       __castguard_check_failure_user_handled_fptr 000000018000b328     MSVCRTD:guard_support.obj
 0003:00000340       ?_OptionsStorage@?1??__local_stdio_printf_options@@9@4_KA 000000018000b340     MSVCRTD:default_local_stdio_options.obj
 0003:00000348       ?_OptionsStorage@?1??__local_stdio_scanf_options@@9@4_KA 000000018000b348     MSVCRTD:default_local_stdio_options.obj
 0003:00000350       __scrt_current_native_startup_state 000000018000b350     MSVCRTD:utility.obj
 0003:00000358       __scrt_native_startup_lock 000000018000b358     MSVCRTD:utility.obj
 0003:00000398       __scrt_debugger_hook_flag  000000018000b398     MSVCRTD:utility_desktop.obj
 0003:0000039c       __favor                    000000018000b39c     MSVCRTD:cpu_disp.obj
 0003:000003a0       __avx10_version            000000018000b3a0     MSVCRTD:cpu_disp.obj
 0003:000003b8       __dyn_tls_init_callback    000000018000b3b8     <common>

 entry point at        0001:000032e0

 Static symbols

 0000:ffff1000       .debug$S                   0000000180000000     PhysXCooking_64.exp
 0000:ffff1000       .debug$S                   0000000180000000     ucrtd:ucrtbased.dll
 0000:ffff1000       .debug$S                   0000000180000000     ucrtd:ucrtbased.dll
 0000:ffff1000       .debug$S                   0000000180000000     ucrtd:ucrtbased.dll
 0000:ffff1000       .debug$S                   0000000180000000     ucrtd:ucrtbased.dll
 0000:ffff1000       .debug$S                   0000000180000000     ucrtd:ucrtbased.dll
 0000:ffff1000       .debug$S                   0000000180000000     ucrtd:ucrtbased.dll
 0000:ffff1000       .debug$S                   0000000180000000     ucrtd:ucrtbased.dll
 0000:ffff1000       .debug$S                   0000000180000000     ucrtd:ucrtbased.dll
 0000:ffff1000       .debug$S                   0000000180000000     ucrtd:ucrtbased.dll
 0000:ffff1000       .debug$S                   0000000180000000     ucrtd:ucrtbased.dll
 0000:ffff1000       .debug$S                   0000000180000000     ucrtd:ucrtbased.dll
 0000:ffff1000       .debug$S                   0000000180000000     ucrtd:ucrtbased.dll
 0000:ffff1000       .debug$S                   0000000180000000     ucrtd:ucrtbased.dll
 0000:ffff1000       .debug$S                   0000000180000000     ucrtd:ucrtbased.dll
 0000:ffff1000       .debug$S                   0000000180000000     ucrtd:ucrtbased.dll
 0000:ffff1000       .debug$S                   0000000180000000     ucrtd:ucrtbased.dll
 0000:ffff1000       .debug$S                   0000000180000000     ucrtd:ucrtbased.dll
 0000:ffff1000       .debug$S                   0000000180000000     ucrtd:ucrtbased.dll
 0000:ffff1000       .debug$S                   0000000180000000     ucrtd:ucrtbased.dll
 0000:ffff1000       .debug$S                   0000000180000000     ucrtd:ucrtbased.dll
 0000:ffff1000       .debug$S                   0000000180000000     ucrtd:ucrtbased.dll
 0000:ffff1000       .debug$S                   0000000180000000     kernel32:KERNEL32.dll
 0000:ffff1000       .debug$S                   0000000180000000     kernel32:KERNEL32.dll
 0000:ffff1000       .debug$S                   0000000180000000     kernel32:KERNEL32.dll
 0000:ffff1000       .debug$S                   0000000180000000     kernel32:KERNEL32.dll
 0000:ffff1000       .debug$S                   0000000180000000     kernel32:KERNEL32.dll
 0000:ffff1000       .debug$S                   0000000180000000     kernel32:KERNEL32.dll
 0000:ffff1000       .debug$S                   0000000180000000     kernel32:KERNEL32.dll
 0000:ffff1000       .debug$S                   0000000180000000     kernel32:KERNEL32.dll
 0000:ffff1000       .debug$S                   0000000180000000     kernel32:KERNEL32.dll
 0000:ffff1000       .debug$S                   0000000180000000     kernel32:KERNEL32.dll
 0000:ffff1000       .debug$S                   0000000180000000     kernel32:KERNEL32.dll
 0000:ffff1000       .debug$S                   0000000180000000     kernel32:KERNEL32.dll
 0000:ffff1000       .debug$S                   0000000180000000     kernel32:KERNEL32.dll
 0000:ffff1000       .debug$S                   0000000180000000     kernel32:KERNEL32.dll
 0000:ffff1000       .debug$S                   0000000180000000     kernel32:KERNEL32.dll
 0000:ffff1000       .debug$S                   0000000180000000     kernel32:KERNEL32.dll
 0000:ffff1000       .debug$S                   0000000180000000     kernel32:KERNEL32.dll
 0000:ffff1000       .debug$S                   0000000180000000     kernel32:KERNEL32.dll
 0000:ffff1000       .debug$S                   0000000180000000     kernel32:KERNEL32.dll
 0000:ffff1000       .debug$S                   0000000180000000     kernel32:KERNEL32.dll
 0000:ffff1000       .debug$S                   0000000180000000     kernel32:KERNEL32.dll
 0000:ffff1000       .debug$S                   0000000180000000     kernel32:KERNEL32.dll
 0000:ffff1000       .debug$S                   0000000180000000     kernel32:KERNEL32.dll
 0000:ffff1000       .debug$S                   0000000180000000     kernel32:KERNEL32.dll
 0000:00000000       _volmd                     0000000180000000     Delayimp:delayhlp.obj
 0000:00000000       _volmd                     0000000180000000     Delayimp:delayhlp.obj
 0000:00000000       _volmd                     0000000180000000     Delayimp:delayhlp.obj
 0000:00000000       _volmd                     0000000180000000     Delayimp:delayhlp.obj
 0000:00000000       _volmd                     0000000180000000     Delayimp:delayhlp.obj
 0000:00000000       _volmd                     0000000180000000     Delayimp:delayhlp.obj
 0000:00000000       _volmd                     0000000180000000     Delayimp:delayhlp.obj
 0000:00000000       _volmd                     0000000180000000     Delayimp:delayhlp.obj
 0000:00000000       _volmd                     0000000180000000     Delayimp:delayhlp.obj
 0000:00000000       _volmd                     0000000180000000     Delayimp:delayhlp.obj
 0000:00000000       _volmd                     0000000180000000     Delayimp:delayhlp.obj
 0000:00000000       _volmd                     0000000180000000     Delayimp:delayhlp.obj
 0000:00000000       _volmd                     0000000180000000     Delayimp:delayhlp.obj
 0000:00000000       _volmd                     0000000180000000     MSVCRTD:cpu_disp.obj
 0002:ffff9000       __guard_ehcont_?dllmain_dispatch@@YAHQEAUHINSTANCE__@@KQEAX@Z 0000000180000000     MSVCRTD:dll_dllmain.obj
 0002:ffff9000       __guard_fids_?dllmain_dispatch@@YAHQEAUHINSTANCE__@@KQEAX@Z 0000000180000000     MSVCRTD:dll_dllmain.obj
 0002:ffff9000       __guard_ehcont_?notify_debugger@@YAXAEBUtagEXCEPTION_VISUALCPP_DEBUG_INFO@@@Z 0000000180000000     MSVCRTD:error.obj
 0002:ffff9000       __guard_fids__             0000000180000000     MSVCRTD:guard_support.obj
 0002:ffff9000       __guard_fids__             0000000180000000     MSVCRTD:guard_support.obj
 0002:ffff9000       __guard_fids__guard_icall_checks_enforced 0000000180000000     MSVCRTD:guard_support.obj
 0000:00000000       _volmd                     0000000180000000     MSVCRTD:guard_support.obj
 0000:00000000       _volmd                     0000000180000000     MSVCRTD:guard_support.obj
 0002:ffff9000       __guard_fids__CRT_RTC_INIT 0000000180000000     MSVCRTD:init.obj
 0002:ffff9000       __guard_fids__CRT_RTC_INITW 0000000180000000     MSVCRTD:init.obj
 0002:ffff9000       __guard_fids__             0000000180000000     MSVCRTD:std_type_info_static.obj
 0002:ffff9000       __guard_ehcont___scrt_is_nonwritable_in_current_image 0000000180000000     MSVCRTD:utility.obj
 0000:00000000       _volmd                     0000000180000000     MSVCRTD:utility.obj
 0000:00000000       _volmd                     0000000180000000     MSVCRTD:utility.obj
 0000:00000000       _volmd                     0000000180000000     MSVCRTD:utility.obj
 0002:ffff9000       __guard_fids___scrt_set_unhandled_exception_filter 0000000180000000     MSVCRTD:utility_desktop.obj
 0002:ffff9000       __guard_fids__             0000000180000000     vcruntimed:softmemtag.obj
 0000:ffff1000       .debug$S                   0000000180000000     vcruntimed:VCRUNTIME140D.dll
 0000:ffff1000       .debug$S                   0000000180000000     vcruntimed:VCRUNTIME140D.dll
 0000:ffff1000       .debug$S                   0000000180000000     vcruntimed:VCRUNTIME140D.dll
 0000:ffff1000       .debug$S                   0000000180000000     vcruntimed:VCRUNTIME140D.dll
 0000:ffff1000       .debug$S                   0000000180000000     vcruntimed:VCRUNTIME140D.dll
 0000:ffff1000       .debug$S                   0000000180000000     vcruntimed:VCRUNTIME140D.dll
 0000:ffff1000       .debug$S                   0000000180000000     vcruntimed:VCRUNTIME140D.dll
 0000:ffff1000       .debug$S                   0000000180000000     vcruntimed:VCRUNTIME140D.dll
 0000:ffff1000       .debug$S                   0000000180000000     vcruntimed:VCRUNTIME140D.dll
 0000:ffff1000       .debug$S                   0000000180000000     vcruntimed:VCRUNTIME140D.dll
 0000:ffff1000       .debug$S                   0000000180000000     vcruntimed:VCRUNTIME140D.dll
 0000:ffff1000       .debug$S                   0000000180000000     vcruntimed:VCRUNTIME140D.dll
 0000:ffff1000       .debug$S                   0000000180000000     vcruntimed:VCRUNTIME140D.dll
 0000:ffff1000       .debug$S                   0000000180000000     PhysXCommon_64:PhysXCommon_64.dll
 0000:ffff1000       .debug$S                   0000000180000000     PhysXCommon_64:PhysXCommon_64.dll
 0000:ffff1000       .debug$S                   0000000180000000     PhysXCommon_64:PhysXCommon_64.dll
 0000:ffff1000       .debug$S                   0000000180000000     PhysXCommon_64:PhysXCommon_64.dll
 0000:ffff1000       .debug$S                   0000000180000000     PhysXCommon_64:PhysXCommon_64.dll
 0000:ffff1000       .debug$S                   0000000180000000     PhysXCommon_64:PhysXCommon_64.dll
 0000:ffff1000       .debug$S                   0000000180000000     PhysXCommon_64:PhysXCommon_64.dll
 0000:ffff1000       .debug$S                   0000000180000000     PhysXCommon_64:PhysXCommon_64.dll
 0000:ffff1000       .debug$S                   0000000180000000     PhysXCommon_64:PhysXCommon_64.dll
 0000:ffff1000       .debug$S                   0000000180000000     PhysXCommon_64:PhysXCommon_64.dll
 0000:ffff1000       .debug$S                   0000000180000000     PhysXCommon_64:PhysXCommon_64.dll
 0000:ffff1000       .debug$S                   0000000180000000     PhysXCommon_64:PhysXCommon_64.dll
 0000:ffff1000       .debug$S                   0000000180000000     PhysXCommon_64:PhysXCommon_64.dll
 0000:ffff1000       .debug$S                   0000000180000000     PhysXCommon_64:PhysXCommon_64.dll
 0000:ffff1000       .debug$S                   0000000180000000     PhysXCommon_64:PhysXCommon_64.dll
 0000:ffff1000       .debug$S                   0000000180000000     PhysXCommon_64:PhysXCommon_64.dll
 0000:ffff1000       .debug$S                   0000000180000000     PhysXCommon_64:PhysXCommon_64.dll
 0000:ffff1000       .debug$S                   0000000180000000     PhysXCommon_64:PhysXCommon_64.dll
 0000:ffff1000       .debug$S                   0000000180000000     PhysXCommon_64:PhysXCommon_64.dll
 0000:ffff1000       .debug$S                   0000000180000000     PhysXCommon_64:PhysXCommon_64.dll
 0000:ffff1000       .debug$S                   0000000180000000     PhysXCommon_64:PhysXCommon_64.dll
 0000:ffff1000       .debug$S                   0000000180000000     PhysXCommon_64:PhysXCommon_64.dll
 0000:ffff1000       .debug$S                   0000000180000000     PhysXCommon_64:PhysXCommon_64.dll
 0000:ffff1000       .debug$S                   0000000180000000     PhysXFoundation_64:PhysXFoundation_64.dll
 0000:ffff1000       .debug$S                   0000000180000000     PhysXFoundation_64:PhysXFoundation_64.dll
 0001:00000000       ??__EmaxFError@vecMathTests@aos@physx@@YAXXZ 0000000180001000 f   Cooking.obj
 0001:00000030       ??__EmaxV3Error@vecMathTests@aos@physx@@YAXXZ 0000000180001030 f   Cooking.obj
 0001:00000060       ??__EmaxV4Error@vecMathTests@aos@physx@@YAXXZ 0000000180001060 f   Cooking.obj
 0001:00000090       ??__EminFError@vecMathTests@aos@physx@@YAXXZ 0000000180001090 f   Cooking.obj
 0001:000000c0       ??__EminV3Error@vecMathTests@aos@physx@@YAXXZ 00000001800010c0 f   Cooking.obj
 0001:000000f0       ??__EminV4Error@vecMathTests@aos@physx@@YAXXZ 00000001800010f0 f   Cooking.obj
 0001:00001c34       $LN12                      0000000180002c34     WindowsCookingDelayLoadHook.obj
 0001:00001fb8       ??$GuardedWrite@V<lambda_1>@?1??__delayLoadHelper2@@YAP6A_JXZPEBUImgDelayDescr@@PEAP6A_JXZ@Z@@@YAXPEAX_KV<lambda_1>@?1??__delayLoadHelper2@@YAP6A_JXZPEBUImgDelayDescr@@PEAP6A_JXZ@Z@@Z 0000000180002fb8 f   Delayimp:delayhlp.obj
 0001:000020a4       ??$GuardedWrite@V<lambda_1>@?7??__FUnloadDelayLoadedDLL2@@YAHPEBD@Z@@@YAXPEAX_KV<lambda_1>@?7??__FUnloadDelayLoadedDLL2@@YAHPEBD@Z@@Z 00000001800030a4 f   Delayimp:delayhlp.obj
 0001:00002230       ??0<lambda_1>@?1??__delayLoadHelper2@@YAP6A_JXZPEBUImgDelayDescr@@PEAP6A_JXZ@Z@QEAA@AEBQEAP6A_JXZAEBQ6A_JXZ@Z 0000000180003230 f   Delayimp:delayhlp.obj
 0001:00002244       ??0<lambda_1>@?7??__FUnloadDelayLoadedDLL2@@YAHPEBD@Z@QEAA@AEBQEBUImgDelayDescr@@AEBI@Z 0000000180003244 f   Delayimp:delayhlp.obj
 0001:00002254       ??R<lambda_1>@?1??__delayLoadHelper2@@YAP6A_JXZPEBUImgDelayDescr@@PEAP6A_JXZ@Z@QEBA@XZ 0000000180003254 f   Delayimp:delayhlp.obj
 0001:00002260       ??R<lambda_1>@?7??__FUnloadDelayLoadedDLL2@@YAHPEBD@Z@QEBA@XZ 0000000180003260 f   Delayimp:delayhlp.obj
 0001:00002764       ?FLoadedAtPreferredAddress@@YA_NPEAU_IMAGE_NT_HEADERS64@@PEAUHINSTANCE__@@@Z 0000000180003764 f   Delayimp:delayhlp.obj
 0001:0000279c       ?OverlayIAT@@YAXPEAU_IMAGE_THUNK_DATA64@@PEBU1@I@Z 000000018000379c f   Delayimp:delayhlp.obj
 0001:000027bc       ?PiddFromDllName@@YAPEBUImgDelayDescr@@PEBD@Z 00000001800037bc f   Delayimp:delayhlp.obj
 0001:0000285c       ?PinhFromImageBase@@YAPEAU_IMAGE_NT_HEADERS64@@PEAUHINSTANCE__@@@Z 000000018000385c f   Delayimp:delayhlp.obj
 0001:00002864       ?TimeStampOfImage@@YAKPEAU_IMAGE_NT_HEADERS64@@@Z 0000000180003864 f   Delayimp:delayhlp.obj
 0001:00002868       ?__memcmp@@YAHPEBX0_K@Z    0000000180003868 f   Delayimp:delayhlp.obj
 0001:0000288c       ?__strlen@@YA_KPEBD@Z      000000018000388c f   Delayimp:delayhlp.obj
[...]
 0002:0000193c       $unwind$?cookingDelayHook@@YAP6A_JXZIPEAUDelayLoadInfo@@@Z 000000018000893c     WindowsCookingDelayLoadHook.obj
 0002:00001944       xdata                      0000000180008944     PhysXCommon_64:PhysXCommon_64.dll
 0002:0000194c       xdata                      000000018000894c     PhysXFoundation_64:PhysXFoundation_64.dll
 0002:00001954       $unwind$__FUnloadDelayLoadedDLL2 0000000180008954     Delayimp:delayhlp.obj
 0002:0000196c       $unwind$__HrLoadAllImportsForDll 000000018000896c     Delayimp:delayhlp.obj
 0002:0000197c       $unwind$?DloadGetSRWLockFunctionPointers@@YAEXZ 000000018000897c     Delayimp:delayhlp.obj
 0002:00001988       $unwind$?DloadLock@@YAXXZ  0000000180008988     Delayimp:delayhlp.obj
 0002:00001990       $unwind$?DloadUnlock@@YAXXZ 0000000180008990     Delayimp:delayhlp.obj
 0002:00001998       $unwind$?DloadObtainSection@@YAPEAXPEAK0@Z 0000000180008998     Delayimp:delayhlp.obj
 0002:000019a8       $unwind$?DloadMakePermanentImageCommit@@YAXPEAX_K@Z 00000001800089a8     Delayimp:delayhlp.obj
 0002:000019b4       $unwind$?DloadProtectSection@@YAXPEAX_KKPEAK@Z 00000001800089b4     Delayimp:delayhlp.obj
 0002:000019cc       $unwind$?DloadAcquireSectionWriteAccess@@YAXXZ 00000001800089cc     Delayimp:delayhlp.obj
 0002:000019d4       $unwind$?DloadReleaseSectionWriteAccess@@YAXXZ 00000001800089d4     Delayimp:delayhlp.obj
 0002:000019dc       $unwind$?PiddFromDllName@@YAPEBUImgDelayDescr@@PEBD@Z 00000001800089dc     Delayimp:delayhlp.obj
 0002:000019e4       $unwind$__delayLoadHelper2 00000001800089e4     Delayimp:delayhlp.obj
 0002:00001a00       $unwind$??$GuardedWrite@V<lambda_1>@?1??__delayLoadHelper2@@YAP6A_JXZPEBUImgDelayDescr@@PEAP6A_JXZ@Z@@@YAXPEAX_KV<lambda_1>@?1??__delayLoadHelper2@@YAP6A_JXZPEBUImgDelayDescr@@PEAP6A_JXZ@Z@@Z 0000000180008a00     Delayimp:delayhlp.obj
 0002:00001a14       $unwind$??$GuardedWrite@V<lambda_1>@?7??__FUnloadDelayLoadedDLL2@@YAHPEBD@Z@@@YAXPEAX_KV<lambda_1>@?7??__FUnloadDelayLoadedDLL2@@YAHPEBD@Z@@Z 0000000180008a14     Delayimp:delayhlp.obj
 0002:00001a28       $unwind$??3@YAXPEAX@Z      0000000180008a28     MSVCRTD:delete_scalar.obj
 0002:00001a30       $unwind$??3@YAXPEAX_K@Z    0000000180008a30     MSVCRTD:delete_scalar_size.obj
 0002:00001a38       $unwind$??_V@YAXPEAX@Z     0000000180008a38     MSVCRTD:delete_array.obj
 0002:00001a40       $unwind$??_V@YAXPEAX_K@Z   0000000180008a40     MSVCRTD:delete_array_size.obj
 0002:00001a48       $unwind$_RTC_Shutdown      0000000180008a48     MSVCRTD:init.obj
 0002:00001a50       $unwind$_RTC_InitBase      0000000180008a50     MSVCRTD:init.obj
 0002:00001a58       $unwind$??_Gtype_info@@UEAAPEAXI@Z 0000000180008a58     MSVCRTD:std_type_info_static.obj
 0002:00001a60       $unwind$?__scrt_initialize_type_info@@YAXXZ 0000000180008a60     MSVCRTD:tncleanup.obj
 0002:00001a68       $unwind$?__scrt_uninitialize_type_info@@YAXXZ 0000000180008a68     MSVCRTD:tncleanup.obj
 0002:00001a70       $unwind$?dllmain_crt_process_attach@@YAHQEAUHINSTANCE__@@QEAX@Z 0000000180008a70     MSVCRTD:dll_dllmain.obj
 0002:00001a90       $unwind$?fin$0@?0??dllmain_crt_process_attach@@YAHQEAUHINSTANCE__@@QEAX@Z@4HA 0000000180008a90     MSVCRTD:dll_dllmain.obj
 0002:00001a98       $unwind$?dllmain_crt_process_detach@@YAH_N@Z 0000000180008a98     MSVCRTD:dll_dllmain.obj
 0002:00001ac8       $unwind$?fin$0@?0??dllmain_crt_process_detach@@YAH_N@Z@4HA 0000000180008ac8     MSVCRTD:dll_dllmain.obj
 0002:00001ad0       $unwind$?fin$1@?0??dllmain_crt_process_detach@@YAH_N@Z@4HA 0000000180008ad0     MSVCRTD:dll_dllmain.obj
 0002:00001ad8       $unwind$?dllmain_crt_dispatch@@YAHQEAUHINSTANCE__@@KQEAX@Z 0000000180008ad8     MSVCRTD:dll_dllmain.obj
 0002:00001ae0       $unwind$_CRT_INIT          0000000180008ae0     MSVCRTD:dll_dllmain.obj
 0002:00001ae8       $unwind$?dllmain_raw@@YAHQEAUHINSTANCE__@@KQEAX@Z 0000000180008ae8     MSVCRTD:dll_dllmain.obj
 0002:00001af0       $unwind$?dllmain_dispatch@@YAHQEAUHINSTANCE__@@KQEAX@Z 0000000180008af0     MSVCRTD:dll_dllmain.obj
 0002:00001b10       $unwind$?filt$0@?0??dllmain_dispatch@@YAHQEAUHINSTANCE__@@KQEAX@Z@4HA 0000000180008b10     MSVCRTD:dll_dllmain.obj
 0002:00001b18       $unwind$_DllMainCRTStartup 0000000180008b18     MSVCRTD:dll_dllmain.obj
 0002:00001b20       $unwind$ReadNoFence64      0000000180008b20     MSVCRTD:guard_support.obj
 0002:00001b28       $unwind$ReadPointerNoFence 0000000180008b28     MSVCRTD:guard_support.obj
 0002:00001b30       $unwind$__castguard_set_user_handler 0000000180008b30     MSVCRTD:guard_support.obj
 0002:00001b38       $unwind$_guard_icall_checks_enforced 0000000180008b38     MSVCRTD:guard_support.obj
 0002:00001b40       $unwind$__castguard_compat_check 0000000180008b40     MSVCRTD:guard_support.obj
 0002:00001b48       $unwind$__castguard_check_failure_os_handled_wrapper 0000000180008b48     MSVCRTD:guard_support.obj
 0002:00001b50       $unwind$__castguard_check_failure_user_handled_wrapper 0000000180008b50     MSVCRTD:guard_support.obj
 0002:00001b58       $unwind$__castguard_check_failure_debugbreak 0000000180008b58     MSVCRTD:guard_support.obj
 0002:00001b60       $unwind$__castguard_check_failure_fastfail 0000000180008b60     MSVCRTD:guard_support.obj
 0002:00001b68       $unwind$__castguard_check_failure_os_handled 0000000180008b68     MSVCRTD:guard_support.obj
 0002:00001b70       $unwind$__castguard_check_failure_user_handled 0000000180008b70     MSVCRTD:guard_support.obj
 0002:00001b78       $unwind$__castguard_slow_path_compat_check 0000000180008b78     MSVCRTD:guard_support.obj
 0002:00001b80       $unwind$__castguard_slow_path_check_debugbreak 0000000180008b80     MSVCRTD:guard_support.obj
 0002:00001b88       $unwind$__castguard_slow_path_check_fastfail 0000000180008b88     MSVCRTD:guard_support.obj
 0002:00001b90       $unwind$__castguard_slow_path_check_os_handled 0000000180008b90     MSVCRTD:guard_support.obj
 0002:00001b98       $unwind$__castguard_slow_path_check_user_handled 0000000180008b98     MSVCRTD:guard_support.obj
 0002:00001ba0       $unwind$__security_init_cookie 0000000180008ba0     MSVCRTD:gs_support.obj
 0002:00001ba8       $unwind$__get_entropy      0000000180008ba8     MSVCRTD:gs_support.obj
 0002:00001bb0       $unwind$DllMain            0000000180008bb0     MSVCRTD:dll_dllmain_stub.obj
 0002:00001bb8       $unwind$__scrt_initialize_default_local_stdio_options 0000000180008bb8     MSVCRTD:default_local_stdio_options.obj
 0002:00001bc0       $unwind$atexit             0000000180008bc0     MSVCRTD:utility.obj
 0002:00001bc8       $unwind$_onexit            0000000180008bc8     MSVCRTD:utility.obj
 0002:00001bd0       $unwind$at_quick_exit      0000000180008bd0     MSVCRTD:utility.obj
 0002:00001bd8       $unwind$__scrt_is_nonwritable_in_current_image 0000000180008bd8     MSVCRTD:utility.obj
 0002:00001bf8       $unwind$__scrt_is_nonwritable_in_current_image$filt$0 0000000180008bf8     MSVCRTD:utility.obj
 0002:00001c00       $unwind$__scrt_acquire_startup_lock 0000000180008c00     MSVCRTD:utility.obj
 0002:00001c08       $unwind$__scrt_release_startup_lock 0000000180008c08     MSVCRTD:utility.obj
 0002:00001c10       $unwind$__scrt_initialize_crt 0000000180008c10     MSVCRTD:utility.obj
 0002:00001c18       $unwind$__scrt_uninitialize_crt 0000000180008c18     MSVCRTD:utility.obj
 0002:00001c20       $unwind$__scrt_initialize_onexit_tables 0000000180008c20     MSVCRTD:utility.obj
 0002:00001c2c       $unwind$__scrt_dllmain_exception_filter 0000000180008c2c     MSVCRTD:utility.obj
 0002:00001c34       $unwind$__scrt_dllmain_before_initialize_c 0000000180008c34     MSVCRTD:utility.obj
 0002:00001c3c       $unwind$__scrt_dllmain_after_initialize_c 0000000180008c3c     MSVCRTD:utility.obj
 0002:00001c44       $unwind$__scrt_dllmain_uninitialize_c 0000000180008c44     MSVCRTD:utility.obj
 0002:00001c4c       $unwind$__scrt_dllmain_uninitialize_critical 0000000180008c4c     MSVCRTD:utility.obj
 0002:00001c54       $unwind$__scrt_dllmain_crt_thread_attach 0000000180008c54     MSVCRTD:utility.obj
 0002:00001c5c       $unwind$__scrt_dllmain_crt_thread_detach 0000000180008c5c     MSVCRTD:utility.obj
 0002:00001c64       $unwind$?configure_argv@__scrt_narrow_argv_policy@@SAHXZ 0000000180008c64     MSVCRTD:utility.obj
 0002:00001c6c       $unwind$?initialize_environment@__scrt_narrow_environment_policy@@SAHXZ 0000000180008c6c     MSVCRTD:utility.obj
 0002:00001c74       $unwind$?is_potentially_valid_image_base@@YA_NQEAX@Z 0000000180008c74     MSVCRTD:utility.obj
 0002:00001c7c       $unwind$?find_pe_section@@YAPEAU_IMAGE_SECTION_HEADER@@QEAE_K@Z 0000000180008c7c     MSVCRTD:utility.obj
 0002:00001c84       $unwind$__scrt_get_show_window_mode 0000000180008c84     MSVCRTD:utility_desktop.obj
 0002:00001c90       $unwind$__scrt_is_managed_app 0000000180008c90     MSVCRTD:utility_desktop.obj
 0002:00001c98       $unwind$__scrt_initialize_mta 0000000180008c98     MSVCRTD:utility_desktop.obj
 0002:00001ca0       $unwind$__scrt_set_unhandled_exception_filter 0000000180008ca0     MSVCRTD:utility_desktop.obj
 0002:00001ca8       $unwind$__scrt_unhandled_exception_filter 0000000180008ca8     MSVCRTD:utility_desktop.obj
 0002:00001cb0       $unwind$_RTC_Initialize    0000000180008cb0     MSVCRTD:initsect.obj
 0002:00001cbc       $unwind$_RTC_Terminate     0000000180008cbc     MSVCRTD:initsect.obj
 0002:00001cc8       $xdatasym                  0000000180008cc8     MSVCRTD:guard_dispatch.obj
 0002:00001cd0       $xdatasym                  0000000180008cd0     MSVCRTD:guard_xfg_dispatch.obj
 0002:00001cd4       $unwind$_RTC_UninitUse     0000000180008cd4     MSVCRTD:error.obj
 0002:00001cec       $unwind$?_RTC_StackFailure@@YAXPEAXPEBD@Z 0000000180008cec     MSVCRTD:error.obj
 0002:00001d08       $unwind$?_RTC_AllocaFailure@@YAXPEAXPEAU_RTC_ALLOCA_NODE@@H@Z 0000000180008d08     MSVCRTD:error.obj
 0002:00001d20       $chain$0$?_RTC_AllocaFailure@@YAXPEAXPEAU_RTC_ALLOCA_NODE@@H@Z 0000000180008d20     MSVCRTD:error.obj
 0002:00001d34       $chain$1$?_RTC_AllocaFailure@@YAXPEAXPEAU_RTC_ALLOCA_NODE@@H@Z 0000000180008d34     MSVCRTD:error.obj
 0002:00001d44       $unwind$_vsprintf_s_l      0000000180008d44     MSVCRTD:error.obj
 0002:00001d58       $unwind$sprintf_s          0000000180008d58     MSVCRTD:error.obj
 0002:00001d60       $unwind$?notify_debugger@@YAXAEBUtagEXCEPTION_VISUALCPP_DEBUG_INFO@@@Z 0000000180008d60     MSVCRTD:error.obj
 0002:00001d80       $unwind$?filt$0@?0??notify_debugger@@YAXAEBUtagEXCEPTION_VISUALCPP_DEBUG_INFO@@@Z@4HA 0000000180008d80     MSVCRTD:error.obj
 0002:00001d88       $unwind$?DebuggerProbe@@YA_NK@Z 0000000180008d88     MSVCRTD:error.obj
 0002:00001d90       $unwind$?DebuggerRuntime@@YA_NKHPEAXPEB_W@Z 0000000180008d90     MSVCRTD:error.obj
 0002:00001d98       $unwind$?failwithmessage@@YAXPEAXHHPEBD@Z 0000000180008d98     MSVCRTD:error.obj
 0002:00001dbc       $unwind$?_getMemBlockDataString@@YAXPEAD0PEBD_K@Z 0000000180008dbc     MSVCRTD:error.obj
 0002:00001dd0       $chain$0$?_getMemBlockDataString@@YAXPEAD0PEBD_K@Z 0000000180008dd0     MSVCRTD:error.obj
 0002:00001de4       $chain$1$?_getMemBlockDataString@@YAXPEAD0PEBD_K@Z 0000000180008de4     MSVCRTD:error.obj
 0002:00001df4       $unwind$__isa_available_init 0000000180008df4     MSVCRTD:cpu_disp.obj
 0002:00001e04       $unwind$__scrt_is_ucrt_dll_in_use 0000000180008e04     MSVCRTD:ucrt_detection.obj
 0002:00001e0c       $unwind$?_RTC_GetSrcLine@@YAHPEAEPEA_WKPEAH1K@Z 0000000180008e0c     MSVCRTD:pdblkup.obj
 0002:00001e24       $unwind$?GetPdbDllFromInstallPath@@YAPEAUHINSTANCE__@@XZ 0000000180008e24     MSVCRTD:pdblkup.obj
 0002:00001e48       $unwind$?GetPdbDllPathFromFilePath@@YAHPEB_WPEA_W_K@Z 0000000180008e48     MSVCRTD:pdblkup.obj
 0002:00001e60       $unwind$?GetPdbDll@@YAPEAUHINSTANCE__@@XZ 0000000180008e60     MSVCRTD:pdblkup.obj
 0002:00001e70       $unwind$__GSHandlerCheckCommon 0000000180008e70     MSVCRTD:gshandler.obj
 0002:00001e78       $unwind$__GSHandlerCheck   0000000180008e78     MSVCRTD:gshandler.obj
 0002:00001e80       $xdatasym                  0000000180008e80     MSVCRTD:amdsecgs.obj
 0002:00002450       .edata                     0000000180009450     PhysXCooking_64.exp
 0002:00002478       rgpv                       0000000180009478     PhysXCooking_64.exp
 0002:0000255c       rgszName                   000000018000955c     PhysXCooking_64.exp
 0002:00002640       rgwOrd                     0000000180009640     PhysXCooking_64.exp
 0002:000026b2       szName                     00000001800096b2     PhysXCooking_64.exp
 0002:000026c6       $N00001                    00000001800096c6     PhysXCooking_64.exp
 0002:000026ea       $N00002                    00000001800096ea     PhysXCooking_64.exp
 0002:00002719       $N00003                    0000000180009719     PhysXCooking_64.exp
 0002:00002740       $N00004                    0000000180009740     PhysXCooking_64.exp
 0002:00002797       $N00005                    0000000180009797     PhysXCooking_64.exp
 0002:000027c2       $N00006                    00000001800097c2     PhysXCooking_64.exp
 0002:000027e8       $N00007                    00000001800097e8     PhysXCooking_64.exp
 0002:00002807       $N00008                    0000000180009807     PhysXCooking_64.exp
 0002:0000282b       $N00009                    000000018000982b     PhysXCooking_64.exp
 0002:00002852       $N00010                    0000000180009852     PhysXCooking_64.exp
 0002:0000287b       $N00011                    000000018000987b     PhysXCooking_64.exp
 0002:0000289a       $N00012                    000000018000989a     PhysXCooking_64.exp
 0002:000028cd       $N00013                    00000001800098cd     PhysXCooking_64.exp
 0002:00002903       $N00014                    0000000180009903     PhysXCooking_64.exp
 0002:0000293b       $N00015                    000000018000993b     PhysXCooking_64.exp
 0002:0000296d       $N00016                    000000018000996d     PhysXCooking_64.exp
 0002:00002999       $N00017                    0000000180009999     PhysXCooking_64.exp
 0002:000029b5       $N00018                    00000001800099b5     PhysXCooking_64.exp
 0002:000029df       $N00019                    00000001800099df     PhysXCooking_64.exp
 0002:00002a1b       $N00020                    0000000180009a1b     PhysXCooking_64.exp
 0002:00002a56       $N00021                    0000000180009a56     PhysXCooking_64.exp
 0002:00002a91       $N00022                    0000000180009a91     PhysXCooking_64.exp
 0002:00002ac6       $N00023                    0000000180009ac6     PhysXCooking_64.exp
 0002:00002b02       $N00024                    0000000180009b02     PhysXCooking_64.exp
 0002:00002b35       $N00025                    0000000180009b35     PhysXCooking_64.exp
 0002:00002b68       $N00026                    0000000180009b68     PhysXCooking_64.exp
 0002:00002ba2       $N00027                    0000000180009ba2     PhysXCooking_64.exp
 0002:00002bdc       $N00028                    0000000180009bdc     PhysXCooking_64.exp
 0002:00002c09       $N00029                    0000000180009c09     PhysXCooking_64.exp
 0002:00002c3c       $N00030                    0000000180009c3c     PhysXCooking_64.exp
 0002:00002c6a       $N00031                    0000000180009c6a     PhysXCooking_64.exp
 0002:00002c97       $N00032                    0000000180009c97     PhysXCooking_64.exp
 0002:00002cd3       $N00033                    0000000180009cd3     PhysXCooking_64.exp
 0002:00002d10       $N00034                    0000000180009d10     PhysXCooking_64.exp
 0002:00002d40       $N00035                    0000000180009d40     PhysXCooking_64.exp
 0002:00002d5f       $N00036                    0000000180009d5f     PhysXCooking_64.exp
 0002:00002d76       $N00037                    0000000180009d76     PhysXCooking_64.exp
 0002:00002d8c       $N00038                    0000000180009d8c     PhysXCooking_64.exp
 0002:00002da3       $N00039                    0000000180009da3     PhysXCooking_64.exp
 0002:00002dbb       $N00040                    0000000180009dbb     PhysXCooking_64.exp
 0002:00002dc5       $N00041                    0000000180009dc5     PhysXCooking_64.exp
 0002:00002dd6       $N00042                    0000000180009dd6     PhysXCooking_64.exp
 0002:00002df1       $N00043                    0000000180009df1     PhysXCooking_64.exp
 0002:00002e03       $N00044                    0000000180009e03     PhysXCooking_64.exp
 0002:00002e19       $N00045                    0000000180009e19     PhysXCooking_64.exp
 0002:00002e2c       $N00046                    0000000180009e2c     PhysXCooking_64.exp
 0002:00002e38       $N00047                    0000000180009e38     PhysXCooking_64.exp
 0002:00002e4c       $N00048                    0000000180009e4c     PhysXCooking_64.exp
 0002:00002e5f       $N00049                    0000000180009e5f     PhysXCooking_64.exp
 0002:00002e7c       $N00050                    0000000180009e7c     PhysXCooking_64.exp
 0002:00002e90       $N00051                    0000000180009e90     PhysXCooking_64.exp
 0002:00002ea8       $N00052                    0000000180009ea8     PhysXCooking_64.exp
 0002:00002ebd       $N00053                    0000000180009ebd     PhysXCooking_64.exp
 0002:00002eda       $N00054                    0000000180009eda     PhysXCooking_64.exp
 0002:00002efb       $N00055                    0000000180009efb     PhysXCooking_64.exp
 0002:00002f1a       $N00056                    0000000180009f1a     PhysXCooking_64.exp
 0002:00002f2f       $N00057                    0000000180009f2f     PhysXCooking_64.exp
 0002:00003190       .idata$6                   000000018000a190     kernel32:KERNEL32.dll
 0002:000032b0       .idata$6                   000000018000a2b0     vcruntimed:VCRUNTIME140D.dll
 0002:0000344c       .idata$6                   000000018000a44c     ucrtd:ucrtbased.dll
 0003:00000260       ?maxV3Error@vecMathTests@aos@physx@@3T__m128@@B 000000018000b260     Cooking.obj
 0003:00000270       ?minFError@vecMathTests@aos@physx@@3T__m128@@B 000000018000b270     Cooking.obj
 0003:00000280       ?maxV4Error@vecMathTests@aos@physx@@3T__m128@@B 000000018000b280     Cooking.obj
 0003:00000290       ?minV4Error@vecMathTests@aos@physx@@3T__m128@@B 000000018000b290     Cooking.obj
 0003:000002a0       ?minV3Error@vecMathTests@aos@physx@@3T__m128@@B 000000018000b2a0     Cooking.obj
 0003:000002b0       ?maxFError@vecMathTests@aos@physx@@3T__m128@@B 000000018000b2b0     Cooking.obj
 0003:000002c8       ?gCookingDelayLoadHook@@3PEBVPxDelayLoadHook@physx@@EB 000000018000b2c8     WindowsCookingDelayLoadHook.obj
 0003:0000030c       ?init@?1??_RTC_InitBase@@9@4_NA 000000018000b30c     MSVCRTD:init.obj
 0003:00000320       ?__proc_attached@@3HA      000000018000b320     MSVCRTD:dll_dllmain.obj
 0003:00000330       ?_RTC_ErrorReportFunc@@3P6AHHPEBDH00ZZEA 000000018000b330     MSVCRTD:userapi.obj
 0003:00000338       ?_RTC_ErrorReportFuncW@@3P6AHHPEB_WH00ZZEA 000000018000b338     MSVCRTD:userapi.obj
 0003:00000360       ?is_initialized_as_dll@@3_NA 000000018000b360     MSVCRTD:utility.obj
 0003:00000361       ?module_local_atexit_table_initialized@@3_NA 000000018000b361     MSVCRTD:utility.obj
 0003:00000368       ?module_local_atexit_table@@3U_onexit_table_t@@A 000000018000b368     MSVCRTD:utility.obj
 0003:00000380       ?module_local_at_quick_exit_table@@3U_onexit_table_t@@A 000000018000b380     MSVCRTD:utility.obj
 0003:000003a8       ?mspdb@@3PEAUHINSTANCE__@@EA 000000018000b3a8     MSVCRTD:pdblkup.obj
 0003:000003b0       ?alreadyTried@?1??GetPdbDll@@YAPEAUHINSTANCE__@@XZ@4_NA 000000018000b3b0     MSVCRTD:pdblkup.obj
 0003:000003b1       ?PDBOK@?1??_RTC_GetSrcLine@@YAHPEAEPEA_WKPEAH1K@Z@4_NA 000000018000b3b1     MSVCRTD:pdblkup.obj
 0005:000000a0       $R000000                   000000018000d0a0     PhysXCooking.res
 0005:000003d0       $R000330                   000000018000d3d0     PhysXCooking.res
